# OSU MPI Latency Test v7.3
# Size          Latency (us)
# Datatype: MPI_CHAR.
1                      11.40
2                      11.36
4                      11.41
8                      11.65
16                     11.82
32                     11.78
64                     12.30
128                    12.32
256                    12.37
512                    12.49
1024                   12.67
2048                   13.08
4096                   15.33
8192                   21.60
16384                  30.18
32768                  36.01
65536                  44.37
131072                110.41
262144                124.08
524288                230.88
1048576               582.31
2097152               678.24
4194304               805.72
START OF JOBSPEC
{"resources": [{"type": "node", "count": 2, "with": [{"type": "slot", "count": 1, "with": [{"type": "core", "count": 1}], "label": "task"}]}], "tasks": [{"command": ["/usr/local/libexec/osu-micro-benchmarks/mpi/pt2pt/osu_latency"], "slot": "task", "count": {"per_slot": 1}}], "attributes": {"system": {"duration": 0, "cwd": "/opt", "shell": {"options": {"rlimit": {"cpu": -1, "fsize": -1, "data": -1, "stack": 10485760, "core": -1, "nofile": 65536, "as": -1, "rss": -1, "nproc": -1}}}}, "user": {"study_id": "osu-latency-1-iter-4"}}, "version": 1}
START OF EVENTLOG
{"timestamp":1776650047.5009682,"name":"init"}
{"timestamp":1776650047.5118394,"name":"shell.init","context":{"service":"0-shell-f9jW6KnqD","leader-rank":3,"size":2}}
{"timestamp":1776650047.5018117,"name":"starting"}
{"timestamp":1776650047.5136812,"name":"shell.start","context":{"taskmap":{"version":1,"map":[[0,2,1,1]]}}}
{"timestamp":1776650057.6414058,"name":"shell.task-exit","context":{"localid":0,"rank":1,"state":"Exited","pid":9121,"wait_status":0,"signaled":0,"exitcode":0}}
{"timestamp":1776650057.6440556,"name":"complete","context":{"status":0}}
{"timestamp":1776650057.6440773,"name":"done"}

