# OSU MPI Latency Test v7.3
# Size          Latency (us)
# Datatype: MPI_CHAR.
1                      11.62
2                      11.76
4                      11.94
8                      12.19
16                     12.25
32                     12.29
64                     12.42
128                    12.64
256                    14.57
512                    19.13
1024                   26.90
2048                   29.56
4096                   31.47
8192                   35.64
16384                  41.63
32768                  46.81
65536                  49.94
131072                128.26
262144                140.43
524288                244.34
1048576               759.57
2097152               722.38
4194304               652.58
START OF JOBSPEC
{"resources": [{"type": "node", "count": 2, "with": [{"type": "slot", "count": 1, "with": [{"type": "core", "count": 1}], "label": "task"}]}], "tasks": [{"command": ["/usr/local/libexec/osu-micro-benchmarks/mpi/pt2pt/osu_latency"], "slot": "task", "count": {"per_slot": 1}}], "attributes": {"system": {"duration": 0, "cwd": "/opt", "shell": {"options": {"rlimit": {"cpu": -1, "fsize": -1, "data": -1, "stack": 10485760, "core": -1, "nofile": 65536, "as": -1, "rss": -1, "nproc": -1}, "cpu-affinity": "per-task"}}}, "user": {"study_id": "osu-latency-1-affinity-iter-8"}}, "version": 1}
START OF EVENTLOG
{"timestamp":1776650048.5502799,"name":"init"}
{"timestamp":1776650048.5511427,"name":"starting"}
{"timestamp":1776650048.563621,"name":"shell.init","context":{"service":"0-shell-f9jxuWoSw","leader-rank":3,"size":2}}
{"timestamp":1776650048.5656164,"name":"shell.start","context":{"taskmap":{"version":1,"map":[[0,2,1,1]]}}}
{"timestamp":1776650060.458791,"name":"shell.task-exit","context":{"localid":0,"rank":1,"state":"Exited","pid":9148,"wait_status":0,"signaled":0,"exitcode":0}}
{"timestamp":1776650060.4608285,"name":"complete","context":{"status":0}}
{"timestamp":1776650060.4608436,"name":"done"}

