# OSU MPI Latency Test v7.3
# Size          Latency (us)
# Datatype: MPI_CHAR.
1                      11.62
2                      11.57
4                      12.01
8                      12.23
16                     12.28
32                     12.30
64                     12.43
128                    12.52
256                    13.54
512                    16.13
1024                   24.28
2048                   28.87
4096                   31.08
8192                   34.96
16384                  41.82
32768                  48.44
65536                  53.71
131072                127.29
262144                138.94
524288                244.33
1048576               786.59
2097152               726.24
4194304               682.75
START OF JOBSPEC
{"resources": [{"type": "node", "count": 2, "with": [{"type": "slot", "count": 1, "with": [{"type": "core", "count": 1}], "label": "task"}]}], "tasks": [{"command": ["/usr/local/libexec/osu-micro-benchmarks/mpi/pt2pt/osu_latency"], "slot": "task", "count": {"per_slot": 1}}], "attributes": {"system": {"duration": 0, "cwd": "/opt", "shell": {"options": {"rlimit": {"cpu": -1, "fsize": -1, "data": -1, "stack": 10485760, "core": -1, "nofile": 65536, "as": -1, "rss": -1, "nproc": -1}}}}, "user": {"study_id": "osu-latency-1-iter-8"}}, "version": 1}
START OF EVENTLOG
{"timestamp":1776650048.4332948,"name":"init"}
{"timestamp":1776650048.434202,"name":"starting"}
{"timestamp":1776650048.4460239,"name":"shell.init","context":{"service":"0-shell-f9juv4FUb","leader-rank":3,"size":2}}
{"timestamp":1776650048.4478936,"name":"shell.start","context":{"taskmap":{"version":1,"map":[[0,2,1,1]]}}}
{"timestamp":1776650060.2910254,"name":"shell.task-exit","context":{"localid":0,"rank":0,"state":"Exited","pid":9145,"wait_status":0,"signaled":0,"exitcode":0}}
{"timestamp":1776650060.2941713,"name":"complete","context":{"status":0}}
{"timestamp":1776650060.2941921,"name":"done"}

