# OSU MPI Latency Test v7.3
# Size          Latency (us)
# Datatype: MPI_CHAR.
1                      12.04
2                      12.00
4                      12.00
8                      12.27
16                     12.34
32                     12.39
64                     13.31
128                    15.72
256                    23.27
512                    28.23
1024                   29.99
2048                   30.97
4096                   32.70
8192                   36.15
16384                  43.16
32768                  48.04
65536                  51.58
131072                130.41
262144                146.43
524288                254.94
1048576               687.46
2097152               697.66
4194304               475.29
START OF JOBSPEC
{"resources": [{"type": "node", "count": 2, "with": [{"type": "slot", "count": 1, "with": [{"type": "core", "count": 1}], "label": "task"}]}], "tasks": [{"command": ["/usr/local/libexec/osu-micro-benchmarks/mpi/pt2pt/osu_latency"], "slot": "task", "count": {"per_slot": 1}}], "attributes": {"system": {"duration": 0, "cwd": "/opt", "shell": {"options": {"rlimit": {"cpu": -1, "fsize": -1, "data": -1, "stack": 10485760, "core": -1, "nofile": 65536, "as": -1, "rss": -1, "nproc": -1}}}}, "user": {"study_id": "osu-latency-1-iter-10"}}, "version": 1}
START OF EVENTLOG
{"timestamp":1776650048.8999016,"name":"init"}
{"timestamp":1776650048.9008489,"name":"starting"}
{"timestamp":1776650048.9133005,"name":"shell.init","context":{"service":"0-shell-f9k7rQU5d","leader-rank":3,"size":2}}
{"timestamp":1776650048.9150152,"name":"shell.start","context":{"taskmap":{"version":1,"map":[[0,2,1,1]]}}}
{"timestamp":1776650060.8904064,"name":"shell.task-exit","context":{"localid":0,"rank":0,"state":"Exited","pid":9157,"wait_status":0,"signaled":0,"exitcode":0}}
{"timestamp":1776650060.8939643,"name":"complete","context":{"status":0}}
{"timestamp":1776650060.893981,"name":"done"}

