# OSU MPI Latency Test v7.3
# Size          Latency (us)
# Datatype: MPI_CHAR.
1                      11.24
2                      11.27
4                      11.33
8                      11.58
16                     11.63
32                     11.62
64                     11.90
128                    11.83
256                    12.27
512                    12.33
1024                   12.43
2048                   12.80
4096                   13.62
8192                   15.20
16384                  17.98
32768                  18.23
65536                  22.27
131072                 60.44
262144                 71.22
524288                152.64
1048576               225.67
2097152               486.90
4194304               600.17
START OF JOBSPEC
{"resources": [{"type": "node", "count": 2, "with": [{"type": "slot", "count": 1, "with": [{"type": "core", "count": 1}], "label": "task"}]}], "tasks": [{"command": ["/usr/local/libexec/osu-micro-benchmarks/mpi/pt2pt/osu_latency"], "slot": "task", "count": {"per_slot": 1}}], "attributes": {"system": {"duration": 0, "cwd": "/opt", "shell": {"options": {"rlimit": {"cpu": -1, "fsize": -1, "data": -1, "stack": 10485760, "core": -1, "nofile": 65536, "as": -1, "rss": -1, "nproc": -1}}}}, "user": {"study_id": "osu-latency-1-iter-2"}}, "version": 1}
START OF EVENTLOG
{"timestamp":1776650047.0328228,"name":"init"}
{"timestamp":1776650047.0434396,"name":"shell.init","context":{"service":"0-shell-f9jJ71bfV","leader-rank":3,"size":2}}
{"timestamp":1776650047.0336673,"name":"starting"}
{"timestamp":1776650047.0455823,"name":"shell.start","context":{"taskmap":{"version":1,"map":[[0,2,1,1]]}}}
{"timestamp":1776650054.9621234,"name":"shell.task-exit","context":{"localid":0,"rank":0,"state":"Exited","pid":9109,"wait_status":0,"signaled":0,"exitcode":0}}
{"timestamp":1776650054.9650018,"name":"complete","context":{"status":0}}
{"timestamp":1776650054.9650195,"name":"done"}

