# OSU MPI Latency Test v7.3
# Size          Latency (us)
# Datatype: MPI_CHAR.
1                      11.30
2                      11.35
4                      11.31
8                      11.60
16                     11.63
32                     11.82
64                     11.81
128                    12.28
256                    12.31
512                    12.38
1024                   12.55
2048                   12.95
4096                   13.76
8192                   17.15
16384                  21.26
32768                  24.17
65536                  27.04
131072                 79.09
262144                100.53
524288                208.32
1048576               532.18
2097152               587.20
4194304               746.09
START OF JOBSPEC
{"resources": [{"type": "node", "count": 2, "with": [{"type": "slot", "count": 1, "with": [{"type": "core", "count": 1}], "label": "task"}]}], "tasks": [{"command": ["/usr/local/libexec/osu-micro-benchmarks/mpi/pt2pt/osu_latency"], "slot": "task", "count": {"per_slot": 1}}], "attributes": {"system": {"duration": 0, "cwd": "/opt", "shell": {"options": {"rlimit": {"cpu": -1, "fsize": -1, "data": -1, "stack": 10485760, "core": -1, "nofile": 65536, "as": -1, "rss": -1, "nproc": -1}}}}, "user": {"study_id": "osu-latency-1-iter-3"}}, "version": 1}
START OF EVENTLOG
{"timestamp":1776650047.2684994,"name":"init"}
{"timestamp":1776650047.2793653,"name":"shell.init","context":{"service":"0-shell-f9jQ8tgAs","leader-rank":3,"size":2}}
{"timestamp":1776650047.2693594,"name":"starting"}
{"timestamp":1776650047.2812581,"name":"shell.start","context":{"taskmap":{"version":1,"map":[[0,2,1,1]]}}}
{"timestamp":1776650056.6156743,"name":"shell.task-exit","context":{"localid":0,"rank":1,"state":"Exited","pid":9115,"wait_status":0,"signaled":0,"exitcode":0}}
{"timestamp":1776650056.6185386,"name":"complete","context":{"status":0}}
{"timestamp":1776650056.6185601,"name":"done"}

