# OSU MPI Latency Test v7.3
# Size          Latency (us)
# Datatype: MPI_CHAR.
1                      11.19
2                      11.19
4                      11.16
8                      11.45
16                     11.46
32                     11.46
64                     11.58
128                    11.60
256                    11.61
512                    11.67
1024                   11.82
2048                   12.20
4096                   12.90
8192                   14.37
16384                  15.66
32768                  17.15
65536                  19.61
131072                 48.89
262144                 59.91
524288                106.93
1048576                89.20
2097152               140.25
4194304               263.12
START OF JOBSPEC
{"resources": [{"type": "node", "count": 2, "with": [{"type": "slot", "count": 1, "with": [{"type": "core", "count": 1}], "label": "task"}]}], "tasks": [{"command": ["/usr/local/libexec/osu-micro-benchmarks/mpi/pt2pt/osu_latency"], "slot": "task", "count": {"per_slot": 1}}], "attributes": {"system": {"duration": 0, "cwd": "/opt", "shell": {"options": {"rlimit": {"cpu": -1, "fsize": -1, "data": -1, "stack": 10485760, "core": -1, "nofile": 65536, "as": -1, "rss": -1, "nproc": -1}, "cpu-affinity": "per-task"}}}, "user": {"study_id": "osu-latency-1-run-affinity-iter-6"}}, "version": 1}
START OF EVENTLOG
{"timestamp":1776650169.6442184,"name":"init"}
{"timestamp":1776650169.6452684,"name":"starting"}
{"timestamp":1776650169.6839969,"name":"shell.init","context":{"service":"0-shell-fAfLBMMM9","leader-rank":3,"size":2}}
{"timestamp":1776650169.6859508,"name":"shell.start","context":{"taskmap":{"version":1,"map":[[0,2,1,1]]}}}
{"timestamp":1776650175.7803173,"name":"shell.task-exit","context":{"localid":0,"rank":0,"state":"Exited","pid":9196,"wait_status":0,"signaled":0,"exitcode":0}}
{"timestamp":1776650175.7824471,"name":"complete","context":{"status":0}}
{"timestamp":1776650175.7824719,"name":"done"}

