# OSU MPI Latency Test v7.3
# Size          Latency (us)
# Datatype: MPI_CHAR.
1                      11.39
2                      11.45
4                      11.62
8                      11.84
16                     12.23
32                     12.24
64                     12.34
128                    12.41
256                    12.47
512                    12.66
1024                   14.44
2048                   18.89
4096                   27.35
8192                   33.23
16384                  38.41
32768                  45.77
65536                  49.19
131072                123.10
262144                136.48
524288                240.00
1048576               677.52
2097152               763.77
4194304               710.90
START OF JOBSPEC
{"resources": [{"type": "node", "count": 2, "with": [{"type": "slot", "count": 1, "with": [{"type": "core", "count": 1}], "label": "task"}]}], "tasks": [{"command": ["/usr/local/libexec/osu-micro-benchmarks/mpi/pt2pt/osu_latency"], "slot": "task", "count": {"per_slot": 1}}], "attributes": {"system": {"duration": 0, "cwd": "/opt", "shell": {"options": {"rlimit": {"cpu": -1, "fsize": -1, "data": -1, "stack": 10485760, "core": -1, "nofile": 65536, "as": -1, "rss": -1, "nproc": -1}}}}, "user": {"study_id": "osu-latency-1-iter-6"}}, "version": 1}
START OF EVENTLOG
{"timestamp":1776650047.9664028,"name":"init"}
{"timestamp":1776650047.9673138,"name":"starting"}
{"timestamp":1776650048.0456426,"name":"shell.init","context":{"service":"0-shell-f9jhyi2sZ","leader-rank":3,"size":2}}
{"timestamp":1776650048.0473363,"name":"shell.start","context":{"taskmap":{"version":1,"map":[[0,2,1,1]]}}}
{"timestamp":1776650059.1349566,"name":"shell.task-exit","context":{"localid":0,"rank":0,"state":"Exited","pid":9133,"wait_status":0,"signaled":0,"exitcode":0}}
{"timestamp":1776650059.1372087,"name":"complete","context":{"status":0}}
{"timestamp":1776650059.1372366,"name":"done"}

