# OSU MPI Latency Test v7.3
# Size          Latency (us)
# Datatype: MPI_CHAR.
1                      11.25
2                      11.25
4                      11.34
8                      11.65
16                     11.58
32                     11.69
64                     11.91
128                    12.06
256                    12.29
512                    12.37
1024                   12.52
2048                   12.89
4096                   13.68
8192                   15.85
16384                  20.43
32768                  22.65
65536                  25.07
131072                 64.48
262144                 84.22
524288                185.04
1048576               361.52
2097152               584.09
4194304               666.64
START OF JOBSPEC
{"resources": [{"type": "node", "count": 2, "with": [{"type": "slot", "count": 1, "with": [{"type": "core", "count": 1}], "label": "task"}]}], "tasks": [{"command": ["/usr/local/libexec/osu-micro-benchmarks/mpi/pt2pt/osu_latency"], "slot": "task", "count": {"per_slot": 1}}], "attributes": {"system": {"duration": 0, "cwd": "/opt", "shell": {"options": {"rlimit": {"cpu": -1, "fsize": -1, "data": -1, "stack": 10485760, "core": -1, "nofile": 65536, "as": -1, "rss": -1, "nproc": -1}, "cpu-affinity": "per-task"}}}, "user": {"study_id": "osu-latency-1-affinity-iter-2"}}, "version": 1}
START OF EVENTLOG
{"timestamp":1776650047.149497,"name":"init"}
{"timestamp":1776650047.1603143,"name":"shell.init","context":{"service":"0-shell-f9jM6U9dq","leader-rank":3,"size":2}}
{"timestamp":1776650047.1503181,"name":"starting"}
{"timestamp":1776650047.1626678,"name":"shell.start","context":{"taskmap":{"version":1,"map":[[0,2,1,1]]}}}
{"timestamp":1776650055.8312523,"name":"shell.task-exit","context":{"localid":0,"rank":1,"state":"Exited","pid":9112,"wait_status":0,"signaled":0,"exitcode":0}}
{"timestamp":1776650055.8344166,"name":"complete","context":{"status":0}}
{"timestamp":1776650055.8344374,"name":"done"}

