Running with these driver parameters:
  solver ID    = 3

  Laplacian_27pt:
    (Nx, Ny, Nz) = (360, 720, 900)
    (Px, Py, Pz) = (4, 8, 10)

=============================================
Generate Matrix:
=============================================
Spatial Operator:
  wall clock time = 1.676893 seconds
  wall MFLOPS     = 0.000000
  cpu clock time  = 1.670419 seconds
  cpu MFLOPS      = 0.000000

  RHS vector has unit components
  Initial guess is 0
=============================================
IJ Vector Setup:
=============================================
RHS and Initial Guess:
  wall clock time = 0.081986 seconds
  wall MFLOPS     = 0.000000
  cpu clock time  = 0.081988 seconds
  cpu MFLOPS      = 0.000000

=============================================
Problem 2: Cumulative AMG-GMRES Solve Time:
=============================================
GMRES Solve:
  wall clock time = 187.624284 seconds
  wall MFLOPS     = 0.000000
  cpu clock time  = 185.152778 seconds
  cpu MFLOPS      = 0.000000


No. of Time Steps = 6
Cum. No. of Iterations = 216
Final Relative Residual Norm = 1.199438e-13


nnz AP * (Iterations + time_steps) / Total Time: 

Figure of Merit (FOM_2): 8.117830e+09


START OF JOBSPEC
{"resources":[{"type":"node","count":5,"with":[{"type":"slot","count":64,"with":[{"type":"core","count":1}],"label":"task"}]}],"tasks":[{"command":["amg","-problem","2","-n","90","90","90","-P","4","8","10"],"slot":"task","count":{"per_slot":1}}],"attributes":{"system":{"duration":0,"cwd":"/","shell":{"options":{"rlimit":{"cpu":-1,"fsize":-1,"data":-1,"stack":10485760,"core":-1,"nofile":65536,"as":-1,"rss":-1,"nproc":-1},"cpu-affinity":"per-task","pmi":"pmi2"}}},"user":{"study_id":"amg2023-5-affinity-iter-3"}},"version":1}
START OF EVENTLOG
{"timestamp":1776634011.1554449,"name":"init"}
{"timestamp":1776634011.1568484,"name":"starting"}
{"timestamp":1776634011.2945416,"name":"shell.init","context":{"service":"0-shell-fHKh15o7D","leader-rank":0,"size":5}}
{"timestamp":1776634011.4002147,"name":"shell.start","context":{"taskmap":{"version":1,"map":[[0,5,64,1]]}}}
{"timestamp":1776634205.8632262,"name":"shell.task-exit","context":{"localid":63,"rank":319,"state":"Exited","pid":1962,"wait_status":0,"signaled":0,"exitcode":0}}
{"timestamp":1776634208.2844625,"name":"complete","context":{"status":0}}
{"timestamp":1776634208.2844815,"name":"done"}

