Running with these driver parameters:
  solver ID    = 3

  Laplacian_27pt:
    (Nx, Ny, Nz) = (360, 720, 360)
    (Px, Py, Pz) = (4, 8, 4)

=============================================
Generate Matrix:
=============================================
Spatial Operator:
  wall clock time = 1.665126 seconds
  wall MFLOPS     = 0.000000
  cpu clock time  = 1.656054 seconds
  cpu MFLOPS      = 0.000000

  RHS vector has unit components
  Initial guess is 0
=============================================
IJ Vector Setup:
=============================================
RHS and Initial Guess:
  wall clock time = 0.119530 seconds
  wall MFLOPS     = 0.000000
  cpu clock time  = 0.118403 seconds
  cpu MFLOPS      = 0.000000

=============================================
Problem 2: Cumulative AMG-GMRES Solve Time:
=============================================
GMRES Solve:
  wall clock time = 181.761962 seconds
  wall MFLOPS     = 0.000000
  cpu clock time  = 180.043343 seconds
  cpu MFLOPS      = 0.000000


No. of Time Steps = 6
Cum. No. of Iterations = 215
Final Relative Residual Norm = 7.116462e-14


nnz AP * (Iterations + time_steps) / Total Time: 

Figure of Merit (FOM_2): 3.332695e+09


START OF JOBSPEC
{"resources":[{"type":"node","count":2,"with":[{"type":"slot","count":64,"with":[{"type":"core","count":1}],"label":"task"}]}],"tasks":[{"command":["amg","-problem","2","-n","90","90","90","-P","4","8","4"],"slot":"task","count":{"per_slot":1}}],"attributes":{"system":{"duration":0,"cwd":"/","shell":{"options":{"rlimit":{"cpu":-1,"fsize":-1,"data":-1,"stack":10485760,"core":-1,"nofile":65536,"as":-1,"rss":-1,"nproc":-1},"cpu-affinity":"per-task","pmi":"pmi2"}}},"user":{"study_id":"amg2023-2-affinity-iter-5"}},"version":1}
START OF EVENTLOG
{"timestamp":1776635743.8948989,"name":"init"}
{"timestamp":1776635743.8972132,"name":"starting"}
{"timestamp":1776635743.9248681,"name":"shell.init","context":{"service":"0-shell-fHNoA4XHZ","leader-rank":2,"size":2}}
{"timestamp":1776635744.0190897,"name":"shell.start","context":{"taskmap":{"version":1,"map":[[0,2,64,1]]}}}
{"timestamp":1776635931.9250369,"name":"shell.task-exit","context":{"localid":31,"rank":31,"state":"Exited","pid":4349,"wait_status":0,"signaled":0,"exitcode":0}}
{"timestamp":1776635933.0637867,"name":"complete","context":{"status":0}}
{"timestamp":1776635933.0638213,"name":"done"}

