Running with these driver parameters:
  solver ID    = 3

  Laplacian_27pt:
    (Nx, Ny, Nz) = (270, 720, 720)
    (Px, Py, Pz) = (3, 8, 8)

=============================================
Generate Matrix:
=============================================
Spatial Operator:
  wall clock time = 1.770036 seconds
  wall MFLOPS     = 0.000000
  cpu clock time  = 1.758662 seconds
  cpu MFLOPS      = 0.000000

  RHS vector has unit components
  Initial guess is 0
=============================================
IJ Vector Setup:
=============================================
RHS and Initial Guess:
  wall clock time = 0.065846 seconds
  wall MFLOPS     = 0.000000
  cpu clock time  = 0.065848 seconds
  cpu MFLOPS      = 0.000000

=============================================
Problem 2: Cumulative AMG-GMRES Solve Time:
=============================================
GMRES Solve:
  wall clock time = 182.620332 seconds
  wall MFLOPS     = 0.000000
  cpu clock time  = 180.486890 seconds
  cpu MFLOPS      = 0.000000


No. of Time Steps = 6
Cum. No. of Iterations = 215
Final Relative Residual Norm = 6.816588e-14


nnz AP * (Iterations + time_steps) / Total Time: 

Figure of Merit (FOM_2): 4.977023e+09


START OF JOBSPEC
{"resources":[{"type":"node","count":3,"with":[{"type":"slot","count":64,"with":[{"type":"core","count":1}],"label":"task"}]}],"tasks":[{"command":["amg","-problem","2","-n","90","90","90","-P","3","8","8"],"slot":"task","count":{"per_slot":1}}],"attributes":{"system":{"duration":0,"cwd":"/","shell":{"options":{"rlimit":{"cpu":-1,"fsize":-1,"data":-1,"stack":10485760,"core":-1,"nofile":65536,"as":-1,"rss":-1,"nproc":-1},"cpu-affinity":"per-task","pmi":"pmi2"}}},"user":{"study_id":"amg2023-3-affinity-iter-5"}},"version":1}
START OF EVENTLOG
{"timestamp":1776635932.0551369,"name":"init"}
{"timestamp":1776635932.056577,"name":"starting"}
{"timestamp":1776635932.0670092,"name":"shell.init","context":{"service":"0-shell-fHP58enR5","leader-rank":0,"size":3}}
{"timestamp":1776635932.160742,"name":"shell.start","context":{"taskmap":{"version":1,"map":[[0,3,64,1]]}}}
{"timestamp":1776636121.2636003,"name":"shell.task-exit","context":{"localid":63,"rank":191,"state":"Exited","pid":2736,"wait_status":0,"signaled":0,"exitcode":0}}
{"timestamp":1776636122.7427125,"name":"complete","context":{"status":0}}
{"timestamp":1776636122.7427361,"name":"done"}

