Running with these driver parameters:
  solver ID    = 3

  Laplacian_27pt:
    (Nx, Ny, Nz) = (360, 720, 360)
    (Px, Py, Pz) = (4, 8, 4)

=============================================
Generate Matrix:
=============================================
Spatial Operator:
  wall clock time = 1.665031 seconds
  wall MFLOPS     = 0.000000
  cpu clock time  = 1.658236 seconds
  cpu MFLOPS      = 0.000000

  RHS vector has unit components
  Initial guess is 0
=============================================
IJ Vector Setup:
=============================================
RHS and Initial Guess:
  wall clock time = 0.074027 seconds
  wall MFLOPS     = 0.000000
  cpu clock time  = 0.072175 seconds
  cpu MFLOPS      = 0.000000

=============================================
Problem 2: Cumulative AMG-GMRES Solve Time:
=============================================
GMRES Solve:
  wall clock time = 181.041744 seconds
  wall MFLOPS     = 0.000000
  cpu clock time  = 179.214999 seconds
  cpu MFLOPS      = 0.000000


No. of Time Steps = 6
Cum. No. of Iterations = 215
Final Relative Residual Norm = 7.116462e-14


nnz AP * (Iterations + time_steps) / Total Time: 

Figure of Merit (FOM_2): 3.345953e+09


START OF JOBSPEC
{"resources":[{"type":"node","count":2,"with":[{"type":"slot","count":64,"with":[{"type":"core","count":1}],"label":"task"}]}],"tasks":[{"command":["amg","-problem","2","-n","90","90","90","-P","4","8","4"],"slot":"task","count":{"per_slot":1}}],"attributes":{"system":{"duration":0,"cwd":"/","shell":{"options":{"rlimit":{"cpu":-1,"fsize":-1,"data":-1,"stack":10485760,"core":-1,"nofile":65536,"as":-1,"rss":-1,"nproc":-1},"cpu-affinity":"per-task","pmi":"pmi2"}}},"user":{"study_id":"amg2023-2-affinity-iter-3"}},"version":1}
START OF EVENTLOG
{"timestamp":1776633049.7644329,"name":"init"}
{"timestamp":1776633049.7662141,"name":"starting"}
{"timestamp":1776633049.7768607,"name":"shell.init","context":{"service":"0-shell-fHJy4E7fM","leader-rank":2,"size":2}}
{"timestamp":1776633049.8738031,"name":"shell.start","context":{"taskmap":{"version":1,"map":[[0,2,64,1]]}}}
{"timestamp":1776633237.0427721,"name":"shell.task-exit","context":{"localid":32,"rank":96,"state":"Exited","pid":2545,"wait_status":0,"signaled":0,"exitcode":0}}
{"timestamp":1776633238.1540053,"name":"complete","context":{"status":0}}
{"timestamp":1776633238.1540351,"name":"done"}

