Running with these driver parameters:
  solver ID    = 3

  Laplacian_27pt:
    (Nx, Ny, Nz) = (360, 720, 360)
    (Px, Py, Pz) = (4, 8, 4)

=============================================
Generate Matrix:
=============================================
Spatial Operator:
  wall clock time = 1.694225 seconds
  wall MFLOPS     = 0.000000
  cpu clock time  = 1.685378 seconds
  cpu MFLOPS      = 0.000000

  RHS vector has unit components
  Initial guess is 0
=============================================
IJ Vector Setup:
=============================================
RHS and Initial Guess:
  wall clock time = 0.110359 seconds
  wall MFLOPS     = 0.000000
  cpu clock time  = 0.108858 seconds
  cpu MFLOPS      = 0.000000

=============================================
Problem 2: Cumulative AMG-GMRES Solve Time:
=============================================
GMRES Solve:
  wall clock time = 182.164472 seconds
  wall MFLOPS     = 0.000000
  cpu clock time  = 180.384024 seconds
  cpu MFLOPS      = 0.000000


No. of Time Steps = 6
Cum. No. of Iterations = 215
Final Relative Residual Norm = 7.116462e-14


nnz AP * (Iterations + time_steps) / Total Time: 

Figure of Merit (FOM_2): 3.325331e+09


START OF JOBSPEC
{"resources":[{"type":"node","count":2,"with":[{"type":"slot","count":64,"with":[{"type":"core","count":1}],"label":"task"}]}],"tasks":[{"command":["amg","-problem","2","-n","90","90","90","-P","4","8","4"],"slot":"task","count":{"per_slot":1}}],"attributes":{"system":{"duration":0,"cwd":"/","shell":{"options":{"rlimit":{"cpu":-1,"fsize":-1,"data":-1,"stack":10485760,"core":-1,"nofile":65536,"as":-1,"rss":-1,"nproc":-1},"pmi":"pmi2"}}},"user":{"study_id":"amg2023-2-iter-7"}},"version":1}
START OF EVENTLOG
{"timestamp":1776638249.0532448,"name":"init"}
{"timestamp":1776638249.0576582,"name":"starting"}
{"timestamp":1776638249.0692701,"name":"shell.init","context":{"service":"0-shell-fHSjVdufu","leader-rank":2,"size":2}}
{"timestamp":1776638249.1493247,"name":"shell.start","context":{"taskmap":{"version":1,"map":[[0,2,64,1]]}}}
{"timestamp":1776638437.4230657,"name":"shell.task-exit","context":{"localid":32,"rank":96,"state":"Exited","pid":5512,"wait_status":0,"signaled":0,"exitcode":0}}
{"timestamp":1776638438.5428739,"name":"complete","context":{"status":0}}
{"timestamp":1776638438.5429289,"name":"done"}

