
# OSU MPI Allreduce Latency Test v7.3
# Datatype: MPI_CHAR.
# Size       Avg Latency(us)
1                      91.27
2                      91.44
4                      90.52
8                      96.85
16                    100.27
32                     95.92
64                     99.14
128                    95.89
256                    95.93
512                   104.58
1024                   99.79
2048                  106.30
4096                  112.45
8192                  197.32
16384                 309.41
32768                 572.52
65536                1257.74
131072               2500.46
262144               1685.78
524288               3163.89
1048576              6581.27
START OF JOBSPEC
{"resources": [{"type": "node", "count": 1, "with": [{"type": "slot", "count": 64, "with": [{"type": "core", "count": 1}], "label": "task"}]}], "tasks": [{"command": ["/usr/local/libexec/osu-micro-benchmarks/mpi/collective/osu_allreduce"], "slot": "task", "count": {"per_slot": 1}}], "attributes": {"system": {"duration": 0, "cwd": "/opt", "shell": {"options": {"rlimit": {"cpu": -1, "fsize": -1, "data": -1, "stack": 10485760, "core": -1, "nofile": 65536, "as": -1, "rss": -1, "nproc": -1}}}}, "user": {"study_id": "osu-allreduce-1-iter-2"}}, "version": 1}
START OF EVENTLOG
{"timestamp":1776649280.6888695,"name":"init"}
{"timestamp":1776649280.6906731,"name":"starting"}
{"timestamp":1776649280.7011569,"name":"shell.init","context":{"service":"0-shell-f3NgQ2ckX","leader-rank":4,"size":1}}
{"timestamp":1776649280.7845924,"name":"shell.start","context":{"taskmap":{"version":1,"map":[[0,1,64,1]]}}}
{"timestamp":1776649288.8078618,"name":"shell.task-exit","context":{"localid":61,"rank":61,"state":"Exited","pid":1096,"wait_status":0,"signaled":0,"exitcode":0}}
{"timestamp":1776649288.9075749,"name":"complete","context":{"status":0}}
{"timestamp":1776649288.9076006,"name":"done"}

