
# OSU MPI Allreduce Latency Test v7.3
# Datatype: MPI_CHAR.
# Size       Avg Latency(us)
1                      90.77
2                      90.96
4                     102.90
8                      94.13
16                     94.62
32                     94.89
64                    100.45
128                    96.25
256                    96.62
512                   100.28
1024                   99.18
2048                  105.63
4096                  114.28
8192                  197.38
16384                 309.60
32768                 566.65
65536                1253.62
131072               2464.99
262144               1667.20
524288               3163.16
1048576              6544.20
START OF JOBSPEC
{"resources": [{"type": "node", "count": 1, "with": [{"type": "slot", "count": 64, "with": [{"type": "core", "count": 1}], "label": "task"}]}], "tasks": [{"command": ["/usr/local/libexec/osu-micro-benchmarks/mpi/collective/osu_allreduce"], "slot": "task", "count": {"per_slot": 1}}], "attributes": {"system": {"duration": 0, "cwd": "/opt", "shell": {"options": {"rlimit": {"cpu": -1, "fsize": -1, "data": -1, "stack": 10485760, "core": -1, "nofile": 65536, "as": -1, "rss": -1, "nproc": -1}, "cpu-affinity": "per-task"}}}, "user": {"study_id": "osu-allreduce-1-affinity-iter-6"}}, "version": 1}
START OF EVENTLOG
{"timestamp":1776649569.1672907,"name":"init"}
{"timestamp":1776649569.1682255,"name":"starting"}
{"timestamp":1776649569.1784656,"name":"shell.init","context":{"service":"0-shell-f3SKapK3V","leader-rank":3,"size":1}}
{"timestamp":1776649569.2890761,"name":"shell.start","context":{"taskmap":{"version":1,"map":[[0,1,64,1]]}}}
{"timestamp":1776649577.2952759,"name":"shell.task-exit","context":{"localid":61,"rank":61,"state":"Exited","pid":4708,"wait_status":0,"signaled":0,"exitcode":0}}
{"timestamp":1776649577.3882315,"name":"complete","context":{"status":0}}
{"timestamp":1776649577.3882594,"name":"done"}

