
# OSU MPI Allreduce Latency Test v7.3
# Datatype: MPI_CHAR.
# Size       Avg Latency(us)
1                     127.43
2                     133.25
4                     130.02
8                     148.79
16                    134.36
32                    144.37
64                    137.01
128                   134.94
256                   139.32
512                   135.30
1024                  167.57
2048                  144.73
4096                  302.14
8192                  297.02
16384                 346.35
32768                 391.41
65536                 566.52
131072               2100.05
262144               2287.27
524288               3862.45
1048576              7577.20
START OF JOBSPEC
{"resources": [{"type": "node", "count": 5, "with": [{"type": "slot", "count": 64, "with": [{"type": "core", "count": 1}], "label": "task"}]}], "tasks": [{"command": ["/usr/local/libexec/osu-micro-benchmarks/mpi/collective/osu_allreduce"], "slot": "task", "count": {"per_slot": 1}}], "attributes": {"system": {"duration": 0, "cwd": "/opt", "shell": {"options": {"rlimit": {"cpu": -1, "fsize": -1, "data": -1, "stack": 10485760, "core": -1, "nofile": 65536, "as": -1, "rss": -1, "nproc": -1}}}}, "user": {"study_id": "osu-allreduce-5-iter-2"}}, "version": 1}
START OF EVENTLOG
{"timestamp":1776649320.9018655,"name":"init"}
{"timestamp":1776649320.912631,"name":"shell.init","context":{"service":"0-shell-f3PLL8ExF","leader-rank":0,"size":5}}
{"timestamp":1776649320.9027026,"name":"starting"}
{"timestamp":1776649320.9963543,"name":"shell.start","context":{"taskmap":{"version":1,"map":[[0,5,64,1]]}}}
{"timestamp":1776649331.7775857,"name":"shell.task-exit","context":{"localid":62,"rank":190,"state":"Exited","pid":1614,"wait_status":0,"signaled":0,"exitcode":0}}
{"timestamp":1776649331.8908963,"name":"complete","context":{"status":0}}
{"timestamp":1776649331.8909168,"name":"done"}

