
# OSU MPI Allreduce Latency Test v7.3
# Datatype: MPI_CHAR.
# Size       Avg Latency(us)
1                     137.84
2                     136.36
4                     151.89
8                     148.48
16                    140.79
32                    145.69
64                    147.36
128                   145.03
256                   147.80
512                   154.29
1024                  152.74
2048                  161.05
4096                  328.62
8192                  320.23
16384                 313.70
32768                 376.75
65536                 741.46
131072                867.32
262144               1718.07
524288               3245.41
1048576              6853.83
START OF JOBSPEC
{"resources": [{"type": "node", "count": 4, "with": [{"type": "slot", "count": 64, "with": [{"type": "core", "count": 1}], "label": "task"}]}], "tasks": [{"command": ["/usr/local/libexec/osu-micro-benchmarks/mpi/collective/osu_allreduce"], "slot": "task", "count": {"per_slot": 1}}], "attributes": {"system": {"duration": 0, "cwd": "/opt", "shell": {"options": {"rlimit": {"cpu": -1, "fsize": -1, "data": -1, "stack": 10485760, "core": -1, "nofile": 65536, "as": -1, "rss": -1, "nproc": -1}, "cpu-affinity": "per-task"}}}, "user": {"study_id": "osu-allreduce-4-affinity-iter-10"}}, "version": 1}
START OF EVENTLOG
{"timestamp":1776649904.3878295,"name":"init"}
{"timestamp":1776649904.3984909,"name":"shell.init","context":{"service":"0-shell-f3WKDe6nK","leader-rank":1,"size":4}}
{"timestamp":1776649904.3886836,"name":"starting"}
{"timestamp":1776649904.5113409,"name":"shell.start","context":{"taskmap":{"version":1,"map":[[0,4,64,1]]}}}
{"timestamp":1776649914.4124284,"name":"shell.task-exit","context":{"localid":61,"rank":61,"state":"Exited","pid":7675,"wait_status":0,"signaled":0,"exitcode":0}}
{"timestamp":1776649914.5210273,"name":"complete","context":{"status":0}}
{"timestamp":1776649914.5210545,"name":"done"}

