
# OSU MPI Allreduce Latency Test v7.3
# Datatype: MPI_CHAR.
# Size       Avg Latency(us)
1                     155.75
2                     149.62
4                     155.18
8                     149.37
16                    149.66
32                    140.69
64                    143.04
128                   144.13
256                   145.43
512                   147.02
1024                  149.24
2048                  158.14
4096                  312.72
8192                  298.38
16384                 322.82
32768                 363.93
65536                 526.76
131072                874.77
262144               1736.40
524288               3304.57
1048576              6801.41
START OF JOBSPEC
{"resources": [{"type": "node", "count": 4, "with": [{"type": "slot", "count": 64, "with": [{"type": "core", "count": 1}], "label": "task"}]}], "tasks": [{"command": ["/usr/local/libexec/osu-micro-benchmarks/mpi/collective/osu_allreduce"], "slot": "task", "count": {"per_slot": 1}}], "attributes": {"system": {"duration": 0, "cwd": "/opt", "shell": {"options": {"rlimit": {"cpu": -1, "fsize": -1, "data": -1, "stack": 10485760, "core": -1, "nofile": 65536, "as": -1, "rss": -1, "nproc": -1}, "cpu-affinity": "per-task"}}}, "user": {"study_id": "osu-allreduce-4-affinity-iter-8"}}, "version": 1}
START OF EVENTLOG
{"timestamp":1776649761.8692122,"name":"init"}
{"timestamp":1776649761.879847,"name":"shell.init","context":{"service":"0-shell-f3UdrdGNs","leader-rank":1,"size":4}}
{"timestamp":1776649761.8700778,"name":"starting"}
{"timestamp":1776649761.9928677,"name":"shell.start","context":{"taskmap":{"version":1,"map":[[0,4,64,1]]}}}
{"timestamp":1776649771.8840294,"name":"shell.task-exit","context":{"localid":61,"rank":61,"state":"Exited","pid":6127,"wait_status":0,"signaled":0,"exitcode":0}}
{"timestamp":1776649771.9959373,"name":"complete","context":{"status":0}}
{"timestamp":1776649771.9959643,"name":"done"}

