
# OSU MPI Allreduce Latency Test v7.3
# Datatype: MPI_CHAR.
# Size       Avg Latency(us)
1                     131.53
2                     127.94
4                     139.28
8                     235.58
16                    163.51
32                    148.91
64                    186.04
128                   141.64
256                   131.07
512                   134.21
1024                  137.75
2048                  145.40
4096                  280.26
8192                  292.47
16384                 324.12
32768                 465.57
65536                 585.85
131072               1015.17
262144               2052.89
524288               3872.68
1048576              7665.26
START OF JOBSPEC
{"resources": [{"type": "node", "count": 5, "with": [{"type": "slot", "count": 64, "with": [{"type": "core", "count": 1}], "label": "task"}]}], "tasks": [{"command": ["/usr/local/libexec/osu-micro-benchmarks/mpi/collective/osu_allreduce"], "slot": "task", "count": {"per_slot": 1}}], "attributes": {"system": {"duration": 0, "cwd": "/opt", "shell": {"options": {"rlimit": {"cpu": -1, "fsize": -1, "data": -1, "stack": 10485760, "core": -1, "nofile": 65536, "as": -1, "rss": -1, "nproc": -1}}}}, "user": {"study_id": "osu-allreduce-5-iter-8"}}, "version": 1}
START OF EVENTLOG
{"timestamp":1776649751.2362452,"name":"init"}
{"timestamp":1776649751.2468395,"name":"shell.init","context":{"service":"0-shell-f3Uatehgs","leader-rank":0,"size":5}}
{"timestamp":1776649751.2370892,"name":"starting"}
{"timestamp":1776649751.3288043,"name":"shell.start","context":{"taskmap":{"version":1,"map":[[0,5,64,1]]}}}
{"timestamp":1776649761.7519691,"name":"shell.task-exit","context":{"localid":37,"rank":101,"state":"Exited","pid":5950,"wait_status":0,"signaled":0,"exitcode":0}}
{"timestamp":1776649761.8632925,"name":"complete","context":{"status":0}}
{"timestamp":1776649761.8633187,"name":"done"}

