
# OSU MPI Allreduce Latency Test v7.3
# Datatype: MPI_CHAR.
# Size       Avg Latency(us)
1                     121.70
2                     121.71
4                     123.46
8                     130.69
16                    131.32
32                    128.80
64                    129.58
128                   128.79
256                   129.46
512                   131.91
1024                  136.11
2048                  140.89
4096                  156.01
8192                  194.70
16384                 250.75
32768                 427.13
65536                 632.46
131072               2884.50
262144               1702.78
524288               3234.19
1048576              6730.01
START OF JOBSPEC
{"resources": [{"type": "node", "count": 2, "with": [{"type": "slot", "count": 64, "with": [{"type": "core", "count": 1}], "label": "task"}]}], "tasks": [{"command": ["/usr/local/libexec/osu-micro-benchmarks/mpi/collective/osu_allreduce"], "slot": "task", "count": {"per_slot": 1}}], "attributes": {"system": {"duration": 0, "cwd": "/opt", "shell": {"options": {"rlimit": {"cpu": -1, "fsize": -1, "data": -1, "stack": 10485760, "core": -1, "nofile": 65536, "as": -1, "rss": -1, "nproc": -1}}}}, "user": {"study_id": "osu-allreduce-2-iter-9"}}, "version": 1}
START OF EVENTLOG
{"timestamp":1776649782.1624169,"name":"init"}
{"timestamp":1776649782.1726968,"name":"shell.init","context":{"service":"0-shell-f3UvGRKJF","leader-rank":1,"size":2}}
{"timestamp":1776649782.1632476,"name":"starting"}
{"timestamp":1776649782.2549877,"name":"shell.start","context":{"taskmap":{"version":1,"map":[[0,2,64,1]]}}}
{"timestamp":1776649791.2734711,"name":"shell.task-exit","context":{"localid":38,"rank":102,"state":"Exited","pid":7371,"wait_status":0,"signaled":0,"exitcode":0}}
{"timestamp":1776649791.3599615,"name":"complete","context":{"status":0}}
{"timestamp":1776649791.3599875,"name":"done"}

