
# OSU MPI Allreduce Latency Test v7.3
# Datatype: MPI_CHAR.
# Size       Avg Latency(us)
1                     150.10
2                     130.24
4                     133.18
8                     131.57
16                    154.21
32                    128.30
64                    142.07
128                   135.39
256                   136.45
512                   145.30
1024                  145.40
2048                  157.60
4096                  550.63
8192                  337.82
16384                 353.15
32768                 386.78
65536                 568.63
131072               1055.36
262144               2000.31
524288               3846.09
1048576              7624.89
START OF JOBSPEC
{"resources": [{"type": "node", "count": 5, "with": [{"type": "slot", "count": 64, "with": [{"type": "core", "count": 1}], "label": "task"}]}], "tasks": [{"command": ["/usr/local/libexec/osu-micro-benchmarks/mpi/collective/osu_allreduce"], "slot": "task", "count": {"per_slot": 1}}], "attributes": {"system": {"duration": 0, "cwd": "/opt", "shell": {"options": {"rlimit": {"cpu": -1, "fsize": -1, "data": -1, "stack": 10485760, "core": -1, "nofile": 65536, "as": -1, "rss": -1, "nproc": -1}}}}, "user": {"study_id": "osu-allreduce-5-iter-6"}}, "version": 1}
START OF EVENTLOG
{"timestamp":1776649608.7448311,"name":"init"}
{"timestamp":1776649608.7456903,"name":"starting"}
{"timestamp":1776649608.7558019,"name":"shell.init","context":{"service":"0-shell-f3SpbWFts","leader-rank":0,"size":5}}
{"timestamp":1776649608.8391168,"name":"shell.start","context":{"taskmap":{"version":1,"map":[[0,5,64,1]]}}}
{"timestamp":1776649619.5671058,"name":"shell.task-exit","context":{"localid":61,"rank":61,"state":"Exited","pid":2559,"wait_status":0,"signaled":0,"exitcode":0}}
{"timestamp":1776649619.6921115,"name":"complete","context":{"status":0}}
{"timestamp":1776649619.692136,"name":"done"}

