
# OSU MPI Allreduce Latency Test v7.3
# Datatype: MPI_CHAR.
# Size       Avg Latency(us)
1                     122.47
2                     122.27
4                     128.02
8                     132.89
16                    136.76
32                    129.93
64                    138.76
128                   128.67
256                   129.71
512                   130.20
1024                  135.94
2048                  142.73
4096                  165.17
8192                  199.90
16384                 241.56
32768                 429.78
65536                 637.63
131072               2863.75
262144               1680.21
524288               3395.22
1048576              6716.06
START OF JOBSPEC
{"resources": [{"type": "node", "count": 2, "with": [{"type": "slot", "count": 64, "with": [{"type": "core", "count": 1}], "label": "task"}]}], "tasks": [{"command": ["/usr/local/libexec/osu-micro-benchmarks/mpi/collective/osu_allreduce"], "slot": "task", "count": {"per_slot": 1}}], "attributes": {"system": {"duration": 0, "cwd": "/opt", "shell": {"options": {"rlimit": {"cpu": -1, "fsize": -1, "data": -1, "stack": 10485760, "core": -1, "nofile": 65536, "as": -1, "rss": -1, "nproc": -1}, "cpu-affinity": "per-task"}}}, "user": {"study_id": "osu-allreduce-2-affinity-iter-7"}}, "version": 1}
START OF EVENTLOG
{"timestamp":1776649650.1954203,"name":"init"}
{"timestamp":1776649650.1967943,"name":"starting"}
{"timestamp":1776649650.2072558,"name":"shell.init","context":{"service":"0-shell-f3TRb7Jgw","leader-rank":1,"size":2}}
{"timestamp":1776649650.3178413,"name":"shell.start","context":{"taskmap":{"version":1,"map":[[0,2,64,1]]}}}
{"timestamp":1776649659.4003124,"name":"shell.task-exit","context":{"localid":38,"rank":102,"state":"Exited","pid":5694,"wait_status":0,"signaled":0,"exitcode":0}}
{"timestamp":1776649659.4877255,"name":"complete","context":{"status":0}}
{"timestamp":1776649659.4877474,"name":"done"}

