
# OSU MPI Allreduce Latency Test v7.3
# Datatype: MPI_CHAR.
# Size       Avg Latency(us)
1                     138.22
2                     144.63
4                     161.58
8                     140.21
16                    142.01
32                    195.74
64                    147.62
128                   144.98
256                   146.91
512                   143.82
1024                  147.90
2048                  158.02
4096                  290.13
8192                  296.41
16384                 311.89
32768                 375.35
65536                 581.76
131072                862.95
262144               1737.59
524288               3281.24
1048576              6756.04
START OF JOBSPEC
{"resources": [{"type": "node", "count": 4, "with": [{"type": "slot", "count": 64, "with": [{"type": "core", "count": 1}], "label": "task"}]}], "tasks": [{"command": ["/usr/local/libexec/osu-micro-benchmarks/mpi/collective/osu_allreduce"], "slot": "task", "count": {"per_slot": 1}}], "attributes": {"system": {"duration": 0, "cwd": "/opt", "shell": {"options": {"rlimit": {"cpu": -1, "fsize": -1, "data": -1, "stack": 10485760, "core": -1, "nofile": 65536, "as": -1, "rss": -1, "nproc": -1}}}}, "user": {"study_id": "osu-allreduce-4-iter-9"}}, "version": 1}
START OF EVENTLOG
{"timestamp":1776649811.1749823,"name":"init"}
{"timestamp":1776649811.1758847,"name":"starting"}
{"timestamp":1776649811.1859941,"name":"shell.init","context":{"service":"0-shell-f3VAJLX1Z","leader-rank":1,"size":4}}
{"timestamp":1776649811.2683926,"name":"shell.start","context":{"taskmap":{"version":1,"map":[[0,4,64,1]]}}}
{"timestamp":1776649821.4115243,"name":"shell.task-exit","context":{"localid":36,"rank":100,"state":"Exited","pid":7754,"wait_status":0,"signaled":0,"exitcode":0}}
{"timestamp":1776649821.5243602,"name":"complete","context":{"status":0}}
{"timestamp":1776649821.5243866,"name":"done"}

