
# OSU MPI Allreduce Latency Test v7.3
# Datatype: MPI_CHAR.
# Size       Avg Latency(us)
1                     134.82
2                     141.57
4                     153.16
8                     143.99
16                    178.06
32                    169.56
64                    154.72
128                   151.23
256                   177.29
512                   153.02
1024                  162.87
2048                  162.39
4096                  179.97
8192                  236.89
16384                 260.15
32768                 479.45
65536                 894.14
131072               2776.36
262144               1937.68
524288               3911.74
1048576              7476.99
START OF JOBSPEC
{"resources": [{"type": "node", "count": 3, "with": [{"type": "slot", "count": 64, "with": [{"type": "core", "count": 1}], "label": "task"}]}], "tasks": [{"command": ["/usr/local/libexec/osu-micro-benchmarks/mpi/collective/osu_allreduce"], "slot": "task", "count": {"per_slot": 1}}], "attributes": {"system": {"duration": 0, "cwd": "/opt", "shell": {"options": {"rlimit": {"cpu": -1, "fsize": -1, "data": -1, "stack": 10485760, "core": -1, "nofile": 65536, "as": -1, "rss": -1, "nproc": -1}}}}, "user": {"study_id": "osu-allreduce-3-iter-6"}}, "version": 1}
START OF EVENTLOG
{"timestamp":1776649577.4039671,"name":"init"}
{"timestamp":1776649577.4145975,"name":"shell.init","context":{"service":"0-shell-f3SUm3sDH","leader-rank":0,"size":3}}
{"timestamp":1776649577.4047699,"name":"starting"}
{"timestamp":1776649577.4975662,"name":"shell.start","context":{"taskmap":{"version":1,"map":[[0,3,64,1]]}}}
{"timestamp":1776649588.1473966,"name":"shell.task-exit","context":{"localid":62,"rank":62,"state":"Exited","pid":2432,"wait_status":0,"signaled":0,"exitcode":0}}
{"timestamp":1776649588.26367,"name":"complete","context":{"status":0}}
{"timestamp":1776649588.2636952,"name":"done"}

