
# OSU MPI Allreduce Latency Test v7.3
# Datatype: MPI_CHAR.
# Size       Avg Latency(us)
1                     139.71
2                     140.49
4                     140.63
8                     144.54
16                    143.14
32                    156.50
64                    152.62
128                   158.95
256                   158.16
512                   147.81
1024                  149.32
2048                  180.71
4096                  173.58
8192                  228.59
16384                 254.65
32768                 480.03
65536                 735.54
131072               2935.43
262144               1962.09
524288               5086.66
1048576              8732.87
START OF JOBSPEC
{"resources": [{"type": "node", "count": 3, "with": [{"type": "slot", "count": 64, "with": [{"type": "core", "count": 1}], "label": "task"}]}], "tasks": [{"command": ["/usr/local/libexec/osu-micro-benchmarks/mpi/collective/osu_allreduce"], "slot": "task", "count": {"per_slot": 1}}], "attributes": {"system": {"duration": 0, "cwd": "/opt", "shell": {"options": {"rlimit": {"cpu": -1, "fsize": -1, "data": -1, "stack": 10485760, "core": -1, "nofile": 65536, "as": -1, "rss": -1, "nproc": -1}, "cpu-affinity": "per-task"}}}, "user": {"study_id": "osu-allreduce-3-affinity-iter-5"}}, "version": 1}
START OF EVENTLOG
{"timestamp":1776649516.3673851,"name":"init"}
{"timestamp":1776649516.3776243,"name":"shell.init","context":{"service":"0-shell-f3Roz2eiB","leader-rank":2,"size":3}}
{"timestamp":1776649516.3682339,"name":"starting"}
{"timestamp":1776649516.4919751,"name":"shell.start","context":{"taskmap":{"version":1,"map":[[0,3,64,1]]}}}
{"timestamp":1776649527.1226931,"name":"shell.task-exit","context":{"localid":62,"rank":62,"state":"Exited","pid":4065,"wait_status":0,"signaled":0,"exitcode":0}}
{"timestamp":1776649527.2437081,"name":"complete","context":{"status":0}}
{"timestamp":1776649527.2437339,"name":"done"}

