
# OSU MPI Allreduce Latency Test v7.3
# Datatype: MPI_CHAR.
# Size       Avg Latency(us)
1                     123.31
2                     122.13
4                     123.98
8                     128.84
16                    127.44
32                    135.15
64                    133.53
128                   136.40
256                   178.96
512                   133.85
1024                  150.52
2048                  140.03
4096                  159.27
8192                  197.63
16384                 246.47
32768                 431.34
65536                 638.73
131072               2851.03
262144               1661.49
524288               3236.76
1048576              6722.62
START OF JOBSPEC
{"resources": [{"type": "node", "count": 2, "with": [{"type": "slot", "count": 64, "with": [{"type": "core", "count": 1}], "label": "task"}]}], "tasks": [{"command": ["/usr/local/libexec/osu-micro-benchmarks/mpi/collective/osu_allreduce"], "slot": "task", "count": {"per_slot": 1}}], "attributes": {"system": {"duration": 0, "cwd": "/opt", "shell": {"options": {"rlimit": {"cpu": -1, "fsize": -1, "data": -1, "stack": 10485760, "core": -1, "nofile": 65536, "as": -1, "rss": -1, "nproc": -1}, "cpu-affinity": "per-task"}}}, "user": {"study_id": "osu-allreduce-2-affinity-iter-5"}}, "version": 1}
START OF EVENTLOG
{"timestamp":1776649506.8240812,"name":"init"}
{"timestamp":1776649506.8257818,"name":"starting"}
{"timestamp":1776649506.8375201,"name":"shell.init","context":{"service":"0-shell-f3Rk6gXsm","leader-rank":1,"size":2}}
{"timestamp":1776649506.948035,"name":"shell.start","context":{"taskmap":{"version":1,"map":[[0,2,64,1]]}}}
{"timestamp":1776649516.104332,"name":"shell.task-exit","context":{"localid":58,"rank":58,"state":"Exited","pid":3412,"wait_status":0,"signaled":0,"exitcode":0}}
{"timestamp":1776649516.1946032,"name":"complete","context":{"status":0}}
{"timestamp":1776649516.1946306,"name":"done"}

