
# OSU MPI Allreduce Latency Test v7.3
# Datatype: MPI_CHAR.
# Size       Avg Latency(us)
1                     124.77
2                     123.26
4                     124.40
8                     126.82
16                    127.01
32                    128.15
64                    127.68
128                   130.01
256                   128.46
512                   132.81
1024                  133.85
2048                  145.02
4096                  162.50
8192                  201.85
16384                 242.81
32768                 423.17
65536                 638.29
131072               2860.86
262144               1660.42
524288               3279.51
1048576              6824.25
START OF JOBSPEC
{"resources": [{"type": "node", "count": 2, "with": [{"type": "slot", "count": 64, "with": [{"type": "core", "count": 1}], "label": "task"}]}], "tasks": [{"command": ["/usr/local/libexec/osu-micro-benchmarks/mpi/collective/osu_allreduce"], "slot": "task", "count": {"per_slot": 1}}], "attributes": {"system": {"duration": 0, "cwd": "/opt", "shell": {"options": {"rlimit": {"cpu": -1, "fsize": -1, "data": -1, "stack": 10485760, "core": -1, "nofile": 65536, "as": -1, "rss": -1, "nproc": -1}, "cpu-affinity": "per-task"}}}, "user": {"study_id": "osu-allreduce-2-affinity-iter-4"}}, "version": 1}
START OF EVENTLOG
{"timestamp":1776649434.9515572,"name":"init"}
{"timestamp":1776649434.9620888,"name":"shell.init","context":{"service":"0-shell-f3Qo9D9zP","leader-rank":1,"size":2}}
{"timestamp":1776649434.9523692,"name":"starting"}
{"timestamp":1776649435.0721161,"name":"shell.start","context":{"taskmap":{"version":1,"map":[[0,2,64,1]]}}}
{"timestamp":1776649444.1054661,"name":"shell.task-exit","context":{"localid":34,"rank":98,"state":"Exited","pid":2977,"wait_status":0,"signaled":0,"exitcode":0}}
{"timestamp":1776649444.20697,"name":"complete","context":{"status":0}}
{"timestamp":1776649444.2069967,"name":"done"}

