
# OSU MPI Allreduce Latency Test v7.3
# Datatype: MPI_CHAR.
# Size       Avg Latency(us)
1                      91.52
2                      91.20
4                      90.10
8                      94.63
16                     95.48
32                     95.98
64                     99.89
128                    97.86
256                    99.43
512                    97.92
1024                   99.45
2048                  103.69
4096                  112.41
8192                  197.88
16384                 313.30
32768                 573.84
65536                1247.65
131072               2477.26
262144               1669.20
524288               3207.12
1048576              6496.91
START OF JOBSPEC
{"resources": [{"type": "node", "count": 1, "with": [{"type": "slot", "count": 64, "with": [{"type": "core", "count": 1}], "label": "task"}]}], "tasks": [{"command": ["/usr/local/libexec/osu-micro-benchmarks/mpi/collective/osu_allreduce"], "slot": "task", "count": {"per_slot": 1}}], "attributes": {"system": {"duration": 0, "cwd": "/opt", "shell": {"options": {"rlimit": {"cpu": -1, "fsize": -1, "data": -1, "stack": 10485760, "core": -1, "nofile": 65536, "as": -1, "rss": -1, "nproc": -1}, "cpu-affinity": "per-task"}}}, "user": {"study_id": "osu-allreduce-1-affinity-iter-3"}}, "version": 1}
START OF EVENTLOG
{"timestamp":1776649352.5578396,"name":"init"}
{"timestamp":1776649352.5684624,"name":"shell.init","context":{"service":"0-shell-f3PfxijP5","leader-rank":3,"size":1}}
{"timestamp":1776649352.5588129,"name":"starting"}
{"timestamp":1776649352.6782517,"name":"shell.start","context":{"taskmap":{"version":1,"map":[[0,1,64,1]]}}}
{"timestamp":1776649360.6588359,"name":"shell.task-exit","context":{"localid":58,"rank":58,"state":"Exited","pid":1993,"wait_status":0,"signaled":0,"exitcode":0}}
{"timestamp":1776649360.759305,"name":"complete","context":{"status":0}}
{"timestamp":1776649360.759325,"name":"done"}

