
# OSU MPI Allreduce Latency Test v7.3
# Datatype: MPI_CHAR.
# Size       Avg Latency(us)
1                     133.28
2                     145.47
4                     141.42
8                     149.68
16                    150.61
32                    149.23
64                    146.08
128                   145.66
256                   148.03
512                   457.89
1024                  213.01
2048                  168.59
4096                  174.25
8192                  224.72
16384                 254.86
32768                 472.38
65536                 679.76
131072               2788.24
262144               1975.76
524288               3917.99
1048576              7581.04
START OF JOBSPEC
{"resources": [{"type": "node", "count": 3, "with": [{"type": "slot", "count": 64, "with": [{"type": "core", "count": 1}], "label": "task"}]}], "tasks": [{"command": ["/usr/local/libexec/osu-micro-benchmarks/mpi/collective/osu_allreduce"], "slot": "task", "count": {"per_slot": 1}}], "attributes": {"system": {"duration": 0, "cwd": "/opt", "shell": {"options": {"rlimit": {"cpu": -1, "fsize": -1, "data": -1, "stack": 10485760, "core": -1, "nofile": 65536, "as": -1, "rss": -1, "nproc": -1}}}}, "user": {"study_id": "osu-allreduce-3-iter-3"}}, "version": 1}
START OF EVENTLOG
{"timestamp":1776649360.7639613,"name":"init"}
{"timestamp":1776649360.7743244,"name":"shell.init","context":{"service":"0-shell-f3PrisX2F","leader-rank":0,"size":3}}
{"timestamp":1776649360.7647877,"name":"starting"}
{"timestamp":1776649360.8580513,"name":"shell.start","context":{"taskmap":{"version":1,"map":[[0,3,64,1]]}}}
{"timestamp":1776649371.7276084,"name":"shell.task-exit","context":{"localid":60,"rank":60,"state":"Exited","pid":1267,"wait_status":0,"signaled":0,"exitcode":0}}
{"timestamp":1776649371.8307252,"name":"complete","context":{"status":0}}
{"timestamp":1776649371.8307505,"name":"done"}

