
# OSU MPI Allreduce Latency Test v7.3
# Datatype: MPI_CHAR.
# Size       Avg Latency(us)
1                      92.09
2                      91.96
4                      91.65
8                      94.74
16                     95.95
32                    100.85
64                    106.10
128                    99.06
256                    99.64
512                    98.11
1024                  100.33
2048                  104.01
4096                  113.07
8192                  197.69
16384                 310.86
32768                 606.29
65536                1265.65
131072               2527.65
262144               1675.53
524288               3145.58
1048576              6544.19
START OF JOBSPEC
{"resources": [{"type": "node", "count": 1, "with": [{"type": "slot", "count": 64, "with": [{"type": "core", "count": 1}], "label": "task"}]}], "tasks": [{"command": ["/usr/local/libexec/osu-micro-benchmarks/mpi/collective/osu_allreduce"], "slot": "task", "count": {"per_slot": 1}}], "attributes": {"system": {"duration": 0, "cwd": "/opt", "shell": {"options": {"rlimit": {"cpu": -1, "fsize": -1, "data": -1, "stack": 10485760, "core": -1, "nofile": 65536, "as": -1, "rss": -1, "nproc": -1}, "cpu-affinity": "per-task"}}}, "user": {"study_id": "osu-allreduce-1-affinity-iter-4"}}, "version": 1}
START OF EVENTLOG
{"timestamp":1776649425.62643,"name":"init"}
{"timestamp":1776649425.6371026,"name":"shell.init","context":{"service":"0-shell-f3QW4sRk3","leader-rank":3,"size":1}}
{"timestamp":1776649425.6273737,"name":"starting"}
{"timestamp":1776649425.7517049,"name":"shell.start","context":{"taskmap":{"version":1,"map":[[0,1,64,1]]}}}
{"timestamp":1776649433.8339193,"name":"shell.task-exit","context":{"localid":58,"rank":58,"state":"Exited","pid":2896,"wait_status":0,"signaled":0,"exitcode":0}}
{"timestamp":1776649433.9165747,"name":"complete","context":{"status":0}}
{"timestamp":1776649433.9165897,"name":"done"}

