
# OSU MPI Allreduce Latency Test v7.3
# Datatype: MPI_CHAR.
# Size       Avg Latency(us)
1                     144.55
2                     147.80
4                     142.63
8                     142.90
16                    157.77
32                    146.99
64                    143.08
128                   144.53
256                   147.81
512                   146.87
1024                  153.28
2048                  161.87
4096                  173.47
8192                  220.36
16384                 270.19
32768                 491.82
65536                 684.58
131072               2774.39
262144               2013.42
524288               3911.65
1048576              7424.42
START OF JOBSPEC
{"resources": [{"type": "node", "count": 3, "with": [{"type": "slot", "count": 64, "with": [{"type": "core", "count": 1}], "label": "task"}]}], "tasks": [{"command": ["/usr/local/libexec/osu-micro-benchmarks/mpi/collective/osu_allreduce"], "slot": "task", "count": {"per_slot": 1}}], "attributes": {"system": {"duration": 0, "cwd": "/opt", "shell": {"options": {"rlimit": {"cpu": -1, "fsize": -1, "data": -1, "stack": 10485760, "core": -1, "nofile": 65536, "as": -1, "rss": -1, "nproc": -1}, "cpu-affinity": "per-task"}}}, "user": {"study_id": "osu-allreduce-3-affinity-iter-1"}}, "version": 1}
START OF EVENTLOG
{"timestamp":1776649228.1740787,"name":"init"}
{"timestamp":1776649228.1755416,"name":"starting"}
{"timestamp":1776649228.1882079,"name":"shell.init","context":{"service":"0-shell-f3NNwT5H1","leader-rank":2,"size":3}}
{"timestamp":1776649228.3008268,"name":"shell.start","context":{"taskmap":{"version":1,"map":[[0,3,64,1]]}}}
{"timestamp":1776649238.3361022,"name":"shell.task-exit","context":{"localid":58,"rank":58,"state":"Exited","pid":445,"wait_status":0,"signaled":0,"exitcode":0}}
{"timestamp":1776649238.4608018,"name":"complete","context":{"status":0}}
{"timestamp":1776649238.4608283,"name":"done"}

