
# OSU MPI Allreduce Latency Test v7.3
# Datatype: MPI_CHAR.
# Size       Avg Latency(us)
1                     141.03
2                     146.85
4                     139.79
8                     139.58
16                    147.58
32                    143.12
64                    148.22
128                   144.28
256                   144.88
512                   143.95
1024                  147.47
2048                  156.78
4096                  307.86
8192                  296.24
16384                 343.98
32768                 368.10
65536                 506.78
131072                909.33
262144               1990.90
524288               3261.80
1048576              7799.13
START OF JOBSPEC
{"resources": [{"type": "node", "count": 4, "with": [{"type": "slot", "count": 64, "with": [{"type": "core", "count": 1}], "label": "task"}]}], "tasks": [{"command": ["/usr/local/libexec/osu-micro-benchmarks/mpi/collective/osu_allreduce"], "slot": "task", "count": {"per_slot": 1}}], "attributes": {"system": {"duration": 0, "cwd": "/opt", "shell": {"options": {"rlimit": {"cpu": -1, "fsize": -1, "data": -1, "stack": 10485760, "core": -1, "nofile": 65536, "as": -1, "rss": -1, "nproc": -1}, "cpu-affinity": "per-task"}}}, "user": {"study_id": "osu-allreduce-4-affinity-iter-7"}}, "version": 1}
START OF EVENTLOG
{"timestamp":1776649691.3392575,"name":"init"}
{"timestamp":1776649691.3497186,"name":"shell.init","context":{"service":"0-shell-f3TqwyWFZ","leader-rank":1,"size":4}}
{"timestamp":1776649691.3401496,"name":"starting"}
{"timestamp":1776649691.4631319,"name":"shell.start","context":{"taskmap":{"version":1,"map":[[0,4,64,1]]}}}
{"timestamp":1776649701.475502,"name":"shell.task-exit","context":{"localid":62,"rank":62,"state":"Exited","pid":5355,"wait_status":0,"signaled":0,"exitcode":0}}
{"timestamp":1776649701.5841987,"name":"complete","context":{"status":0}}
{"timestamp":1776649701.5842245,"name":"done"}

