
# OSU MPI Allreduce Latency Test v7.3
# Datatype: MPI_CHAR.
# Size       Avg Latency(us)
1                     135.62
2                     127.53
4                     130.68
8                     140.09
16                    127.54
32                    128.47
64                    127.49
128                   128.61
256                   131.21
512                   130.70
1024                  136.53
2048                  141.64
4096                  156.63
8192                  195.91
16384                 243.31
32768                 421.46
65536                 637.16
131072               2863.48
262144               1654.72
524288               3261.84
1048576              6745.60
START OF JOBSPEC
{"resources": [{"type": "node", "count": 2, "with": [{"type": "slot", "count": 64, "with": [{"type": "core", "count": 1}], "label": "task"}]}], "tasks": [{"command": ["/usr/local/libexec/osu-micro-benchmarks/mpi/collective/osu_allreduce"], "slot": "task", "count": {"per_slot": 1}}], "attributes": {"system": {"duration": 0, "cwd": "/opt", "shell": {"options": {"rlimit": {"cpu": -1, "fsize": -1, "data": -1, "stack": 10485760, "core": -1, "nofile": 65536, "as": -1, "rss": -1, "nproc": -1}, "cpu-affinity": "per-task"}}}, "user": {"study_id": "osu-allreduce-2-affinity-iter-10"}}, "version": 1}
START OF EVENTLOG
{"timestamp":1776649863.0868306,"name":"init"}
{"timestamp":1776649863.088371,"name":"starting"}
{"timestamp":1776649863.0999966,"name":"shell.init","context":{"service":"0-shell-f3VvSh8h5","leader-rank":1,"size":2}}
{"timestamp":1776649863.2135296,"name":"shell.start","context":{"taskmap":{"version":1,"map":[[0,2,64,1]]}}}
{"timestamp":1776649872.2728043,"name":"shell.task-exit","context":{"localid":38,"rank":102,"state":"Exited","pid":8403,"wait_status":0,"signaled":0,"exitcode":0}}
{"timestamp":1776649872.3681889,"name":"complete","context":{"status":0}}
{"timestamp":1776649872.3682096,"name":"done"}

