
# OSU MPI Allreduce Latency Test v7.3
# Datatype: MPI_CHAR.
# Size       Avg Latency(us)
1                      90.85
2                      97.11
4                      90.95
8                     102.15
16                     94.87
32                     94.91
64                     95.06
128                    96.48
256                    95.95
512                    98.04
1024                   99.56
2048                  103.54
4096                  111.79
8192                  197.12
16384                 308.77
32768                 559.32
65536                1255.54
131072               2466.16
262144               1674.42
524288               3179.05
1048576              6536.47
START OF JOBSPEC
{"resources": [{"type": "node", "count": 1, "with": [{"type": "slot", "count": 64, "with": [{"type": "core", "count": 1}], "label": "task"}]}], "tasks": [{"command": ["/usr/local/libexec/osu-micro-benchmarks/mpi/collective/osu_allreduce"], "slot": "task", "count": {"per_slot": 1}}], "attributes": {"system": {"duration": 0, "cwd": "/opt", "shell": {"options": {"rlimit": {"cpu": -1, "fsize": -1, "data": -1, "stack": 10485760, "core": -1, "nofile": 65536, "as": -1, "rss": -1, "nproc": -1}, "cpu-affinity": "per-task"}}}, "user": {"study_id": "osu-allreduce-1-affinity-iter-9"}}, "version": 1}
START OF EVENTLOG
{"timestamp":1776649782.1613824,"name":"init"}
{"timestamp":1776649782.1623507,"name":"starting"}
{"timestamp":1776649782.1729372,"name":"shell.init","context":{"service":"0-shell-f3UpLUBvF","leader-rank":3,"size":1}}
{"timestamp":1776649782.2829797,"name":"shell.start","context":{"taskmap":{"version":1,"map":[[0,1,64,1]]}}}
{"timestamp":1776649790.2524998,"name":"shell.task-exit","context":{"localid":62,"rank":62,"state":"Exited","pid":7419,"wait_status":0,"signaled":0,"exitcode":0}}
{"timestamp":1776649790.3517311,"name":"complete","context":{"status":0}}
{"timestamp":1776649790.3517494,"name":"done"}

