
# OSU MPI Allreduce Latency Test v7.3
# Datatype: MPI_CHAR.
# Size       Avg Latency(us)
1                     135.66
2                     136.56
4                     154.42
8                     153.38
16                    149.67
32                    148.85
64                    150.70
128                   144.76
256                   147.57
512                   148.82
1024                  151.85
2048                  159.61
4096                  172.73
8192                  216.61
16384                 263.30
32768                 466.45
65536                 678.61
131072               2776.60
262144               4063.82
524288               4710.71
1048576              7439.08
START OF JOBSPEC
{"resources": [{"type": "node", "count": 3, "with": [{"type": "slot", "count": 64, "with": [{"type": "core", "count": 1}], "label": "task"}]}], "tasks": [{"command": ["/usr/local/libexec/osu-micro-benchmarks/mpi/collective/osu_allreduce"], "slot": "task", "count": {"per_slot": 1}}], "attributes": {"system": {"duration": 0, "cwd": "/opt", "shell": {"options": {"rlimit": {"cpu": -1, "fsize": -1, "data": -1, "stack": 10485760, "core": -1, "nofile": 65536, "as": -1, "rss": -1, "nproc": -1}, "cpu-affinity": "per-task"}}}, "user": {"study_id": "osu-allreduce-3-affinity-iter-3"}}, "version": 1}
START OF EVENTLOG
{"timestamp":1776649371.836287,"name":"init"}
{"timestamp":1776649371.8470919,"name":"shell.init","context":{"service":"0-shell-f3Q1u75C3","leader-rank":2,"size":3}}
{"timestamp":1776649371.8371267,"name":"starting"}
{"timestamp":1776649371.9612057,"name":"shell.start","context":{"taskmap":{"version":1,"map":[[0,3,64,1]]}}}
{"timestamp":1776649382.4021389,"name":"shell.task-exit","context":{"localid":62,"rank":62,"state":"Exited","pid":2259,"wait_status":0,"signaled":0,"exitcode":0}}
{"timestamp":1776649382.54301,"name":"complete","context":{"status":0}}
{"timestamp":1776649382.5430343,"name":"done"}

