
# OSU MPI Allreduce Latency Test v7.3
# Datatype: MPI_CHAR.
# Size       Avg Latency(us)
1                     145.98
2                     141.50
4                     158.87
8                     147.47
16                    139.83
32                    143.58
64                    149.10
128                   148.63
256                   158.13
512                   155.03
1024                  147.95
2048                  157.64
4096                  290.04
8192                  290.12
16384                 313.15
32768                 374.88
65536                 509.84
131072                857.34
262144               1747.20
524288               3253.88
1048576              6725.93
START OF JOBSPEC
{"resources": [{"type": "node", "count": 4, "with": [{"type": "slot", "count": 64, "with": [{"type": "core", "count": 1}], "label": "task"}]}], "tasks": [{"command": ["/usr/local/libexec/osu-micro-benchmarks/mpi/collective/osu_allreduce"], "slot": "task", "count": {"per_slot": 1}}], "attributes": {"system": {"duration": 0, "cwd": "/opt", "shell": {"options": {"rlimit": {"cpu": -1, "fsize": -1, "data": -1, "stack": 10485760, "core": -1, "nofile": 65536, "as": -1, "rss": -1, "nproc": -1}}}}, "user": {"study_id": "osu-allreduce-4-iter-8"}}, "version": 1}
START OF EVENTLOG
{"timestamp":1776649741.0326948,"name":"init"}
{"timestamp":1776649741.0335264,"name":"starting"}
{"timestamp":1776649741.0447791,"name":"shell.init","context":{"service":"0-shell-f3UXuC9iX","leader-rank":1,"size":4}}
{"timestamp":1776649741.1282213,"name":"shell.start","context":{"taskmap":{"version":1,"map":[[0,4,64,1]]}}}
{"timestamp":1776649751.1190455,"name":"shell.task-exit","context":{"localid":35,"rank":99,"state":"Exited","pid":6849,"wait_status":0,"signaled":0,"exitcode":0}}
{"timestamp":1776649751.2302268,"name":"complete","context":{"status":0}}
{"timestamp":1776649751.2302542,"name":"done"}

