
# OSU MPI Allreduce Latency Test v7.3
# Datatype: MPI_CHAR.
# Size       Avg Latency(us)
1                     151.81
2                     138.67
4                     142.64
8                     148.95
16                    147.78
32                    147.04
64                    142.07
128                   142.75
256                   145.82
512                   154.32
1024                  163.89
2048                  157.95
4096                  286.54
8192                  291.21
16384                 358.91
32768                 364.19
65536                 507.20
131072                889.72
262144               1740.61
524288               3298.13
1048576              6705.99
START OF JOBSPEC
{"resources": [{"type": "node", "count": 4, "with": [{"type": "slot", "count": 64, "with": [{"type": "core", "count": 1}], "label": "task"}]}], "tasks": [{"command": ["/usr/local/libexec/osu-micro-benchmarks/mpi/collective/osu_allreduce"], "slot": "task", "count": {"per_slot": 1}}], "attributes": {"system": {"duration": 0, "cwd": "/opt", "shell": {"options": {"rlimit": {"cpu": -1, "fsize": -1, "data": -1, "stack": 10485760, "core": -1, "nofile": 65536, "as": -1, "rss": -1, "nproc": -1}}}}, "user": {"study_id": "osu-allreduce-4-iter-7"}}, "version": 1}
START OF EVENTLOG
{"timestamp":1776649670.1587756,"name":"init"}
{"timestamp":1776649670.1692398,"name":"shell.init","context":{"service":"0-shell-f3TdkoQq5","leader-rank":1,"size":4}}
{"timestamp":1776649670.1595826,"name":"starting"}
{"timestamp":1776649670.2520947,"name":"shell.start","context":{"taskmap":{"version":1,"map":[[0,4,64,1]]}}}
{"timestamp":1776649680.2955606,"name":"shell.task-exit","context":{"localid":60,"rank":60,"state":"Exited","pid":5093,"wait_status":0,"signaled":0,"exitcode":0}}
{"timestamp":1776649680.4015577,"name":"complete","context":{"status":0}}
{"timestamp":1776649680.4015789,"name":"done"}

