
# OSU MPI Allreduce Latency Test v7.3
# Datatype: MPI_CHAR.
# Size       Avg Latency(us)
1                      90.50
2                      91.08
4                      90.37
8                      94.91
16                     95.20
32                     95.12
64                     95.41
128                    96.56
256                    97.73
512                    96.91
1024                   99.35
2048                  104.72
4096                  113.46
8192                  201.76
16384                 317.88
32768                 578.95
65536                1246.93
131072               2486.41
262144               1681.74
524288               3150.49
1048576              6611.88
START OF JOBSPEC
{"resources": [{"type": "node", "count": 1, "with": [{"type": "slot", "count": 64, "with": [{"type": "core", "count": 1}], "label": "task"}]}], "tasks": [{"command": ["/usr/local/libexec/osu-micro-benchmarks/mpi/collective/osu_allreduce"], "slot": "task", "count": {"per_slot": 1}}], "attributes": {"system": {"duration": 0, "cwd": "/opt", "shell": {"options": {"rlimit": {"cpu": -1, "fsize": -1, "data": -1, "stack": 10485760, "core": -1, "nofile": 65536, "as": -1, "rss": -1, "nproc": -1}}}}, "user": {"study_id": "osu-allreduce-1-iter-4"}}, "version": 1}
START OF EVENTLOG
{"timestamp":1776649425.6253886,"name":"init"}
{"timestamp":1776649425.6272178,"name":"starting"}
{"timestamp":1776649425.6375601,"name":"shell.init","context":{"service":"0-shell-f3QQSi9kB","leader-rank":4,"size":1}}
{"timestamp":1776649425.7182682,"name":"shell.start","context":{"taskmap":{"version":1,"map":[[0,1,64,1]]}}}
{"timestamp":1776649433.7290881,"name":"shell.task-exit","context":{"localid":58,"rank":58,"state":"Exited","pid":2896,"wait_status":0,"signaled":0,"exitcode":0}}
{"timestamp":1776649433.8252087,"name":"complete","context":{"status":0}}
{"timestamp":1776649433.8252437,"name":"done"}

