
# OSU MPI Allreduce Latency Test v7.3
# Datatype: MPI_CHAR.
# Size       Avg Latency(us)
1                     125.22
2                     133.55
4                     129.84
8                     144.49
16                    158.38
32                    133.60
64                    131.67
128                   135.01
256                   175.09
512                   317.23
1024                  199.62
2048                  145.90
4096                  300.99
8192                  303.06
16384                 325.35
32768                 383.87
65536                 572.30
131072               1010.66
262144               2030.20
524288               3858.32
1048576              7589.39
START OF JOBSPEC
{"resources": [{"type": "node", "count": 5, "with": [{"type": "slot", "count": 64, "with": [{"type": "core", "count": 1}], "label": "task"}]}], "tasks": [{"command": ["/usr/local/libexec/osu-micro-benchmarks/mpi/collective/osu_allreduce"], "slot": "task", "count": {"per_slot": 1}}], "attributes": {"system": {"duration": 0, "cwd": "/opt", "shell": {"options": {"rlimit": {"cpu": -1, "fsize": -1, "data": -1, "stack": 10485760, "core": -1, "nofile": 65536, "as": -1, "rss": -1, "nproc": -1}}}}, "user": {"study_id": "osu-allreduce-5-iter-7"}}, "version": 1}
START OF EVENTLOG
{"timestamp":1776649680.4075379,"name":"init"}
{"timestamp":1776649680.4083908,"name":"starting"}
{"timestamp":1776649680.4186156,"name":"shell.init","context":{"service":"0-shell-f3Tk7xKzw","leader-rank":0,"size":5}}
{"timestamp":1776649680.5010455,"name":"shell.start","context":{"taskmap":{"version":1,"map":[[0,5,64,1]]}}}
{"timestamp":1776649691.2185249,"name":"shell.task-exit","context":{"localid":61,"rank":189,"state":"Exited","pid":6127,"wait_status":0,"signaled":0,"exitcode":0}}
{"timestamp":1776649691.3327842,"name":"complete","context":{"status":0}}
{"timestamp":1776649691.3328087,"name":"done"}

