
# OSU MPI Allreduce Latency Test v7.3
# Datatype: MPI_CHAR.
# Size       Avg Latency(us)
1                     131.25
2                     146.46
4                     152.56
8                     153.79
16                    151.35
32                    142.75
64                    148.40
128                   156.06
256                   154.66
512                   149.74
1024                  155.21
2048                  162.02
4096                  172.41
8192                  217.77
16384                 261.65
32768                 528.46
65536                 672.25
131072               2881.19
262144               1954.66
524288               3947.13
1048576              7502.16
START OF JOBSPEC
{"resources": [{"type": "node", "count": 3, "with": [{"type": "slot", "count": 64, "with": [{"type": "core", "count": 1}], "label": "task"}]}], "tasks": [{"command": ["/usr/local/libexec/osu-micro-benchmarks/mpi/collective/osu_allreduce"], "slot": "task", "count": {"per_slot": 1}}], "attributes": {"system": {"duration": 0, "cwd": "/opt", "shell": {"options": {"rlimit": {"cpu": -1, "fsize": -1, "data": -1, "stack": 10485760, "core": -1, "nofile": 65536, "as": -1, "rss": -1, "nproc": -1}}}}, "user": {"study_id": "osu-allreduce-3-iter-2"}}, "version": 1}
START OF EVENTLOG
{"timestamp":1776649288.9369969,"name":"init"}
{"timestamp":1776649288.9477241,"name":"shell.init","context":{"service":"0-shell-f3NwNoMtb","leader-rank":0,"size":3}}
{"timestamp":1776649288.9378211,"name":"starting"}
{"timestamp":1776649289.0291426,"name":"shell.start","context":{"taskmap":{"version":1,"map":[[0,3,64,1]]}}}
{"timestamp":1776649299.4000857,"name":"shell.task-exit","context":{"localid":62,"rank":62,"state":"Exited","pid":884,"wait_status":0,"signaled":0,"exitcode":0}}
{"timestamp":1776649299.5035746,"name":"complete","context":{"status":0}}
{"timestamp":1776649299.5035977,"name":"done"}

