
# OSU MPI Allreduce Latency Test v7.3
# Datatype: MPI_CHAR.
# Size       Avg Latency(us)
1                     130.04
2                     131.44
4                     129.94
8                     137.94
16                    132.93
32                    130.81
64                    143.16
128                   149.73
256                   139.31
512                   145.41
1024                  147.27
2048                  200.71
4096                  296.75
8192                  312.35
16384                 527.15
32768                 780.27
65536                 586.11
131072               1175.92
262144               1994.59
524288               4015.11
1048576              7721.45
START OF JOBSPEC
{"resources": [{"type": "node", "count": 5, "with": [{"type": "slot", "count": 64, "with": [{"type": "core", "count": 1}], "label": "task"}]}], "tasks": [{"command": ["/usr/local/libexec/osu-micro-benchmarks/mpi/collective/osu_allreduce"], "slot": "task", "count": {"per_slot": 1}}], "attributes": {"system": {"duration": 0, "cwd": "/opt", "shell": {"options": {"rlimit": {"cpu": -1, "fsize": -1, "data": -1, "stack": 10485760, "core": -1, "nofile": 65536, "as": -1, "rss": -1, "nproc": -1}, "cpu-affinity": "per-task"}}}, "user": {"study_id": "osu-allreduce-5-affinity-iter-1"}}, "version": 1}
START OF EVENTLOG
{"timestamp":1776649270.2766204,"name":"init"}
{"timestamp":1776649270.2774971,"name":"starting"}
{"timestamp":1776649270.2878249,"name":"shell.init","context":{"service":"0-shell-f3NctvK9H","leader-rank":0,"size":5}}
{"timestamp":1776649270.3995576,"name":"shell.start","context":{"taskmap":{"version":1,"map":[[0,5,64,1]]}}}
{"timestamp":1776649280.5242598,"name":"shell.task-exit","context":{"localid":37,"rank":101,"state":"Exited","pid":790,"wait_status":0,"signaled":0,"exitcode":0}}
{"timestamp":1776649280.68311,"name":"complete","context":{"status":0}}
{"timestamp":1776649280.6831379,"name":"done"}

