
# OSU MPI Allreduce Latency Test v7.3
# Datatype: MPI_CHAR.
# Size       Avg Latency(us)
1                     456.27
2                     206.50
4                     178.25
8                     175.95
16                    147.04
32                    145.62
64                    142.66
128                   145.03
256                   154.57
512                   145.75
1024                  149.62
2048                  158.19
4096                  302.88
8192                  310.03
16384                 311.44
32768                 430.93
65536                 506.71
131072                852.27
262144               1782.50
524288               3276.24
1048576              6752.43
START OF JOBSPEC
{"resources": [{"type": "node", "count": 4, "with": [{"type": "slot", "count": 64, "with": [{"type": "core", "count": 1}], "label": "task"}]}], "tasks": [{"command": ["/usr/local/libexec/osu-micro-benchmarks/mpi/collective/osu_allreduce"], "slot": "task", "count": {"per_slot": 1}}], "attributes": {"system": {"duration": 0, "cwd": "/opt", "shell": {"options": {"rlimit": {"cpu": -1, "fsize": -1, "data": -1, "stack": 10485760, "core": -1, "nofile": 65536, "as": -1, "rss": -1, "nproc": -1}}}}, "user": {"study_id": "osu-allreduce-4-iter-2"}}, "version": 1}
START OF EVENTLOG
{"timestamp":1776649309.7737017,"name":"init"}
{"timestamp":1776649309.7844977,"name":"shell.init","context":{"service":"0-shell-f3PEjSxEj","leader-rank":1,"size":4}}
{"timestamp":1776649309.7745881,"name":"starting"}
{"timestamp":1776649309.8673158,"name":"shell.start","context":{"taskmap":{"version":1,"map":[[0,4,64,1]]}}}
{"timestamp":1776649320.778789,"name":"shell.task-exit","context":{"localid":35,"rank":99,"state":"Exited","pid":1431,"wait_status":0,"signaled":0,"exitcode":0}}
{"timestamp":1776649320.8959718,"name":"complete","context":{"status":0}}
{"timestamp":1776649320.8959999,"name":"done"}

