
# OSU MPI Allreduce Latency Test v7.3
# Datatype: MPI_CHAR.
# Size       Avg Latency(us)
1                     139.92
2                     125.92
4                     129.35
8                     137.23
16                    144.23
32                    145.10
64                    143.83
128                   141.69
256                   134.50
512                   144.01
1024                  140.79
2048                  149.78
4096                  279.57
8192                  288.74
16384                 320.76
32768                 385.45
65536                 567.40
131072               1024.94
262144               2399.44
524288               4947.02
1048576              7824.62
START OF JOBSPEC
{"resources": [{"type": "node", "count": 5, "with": [{"type": "slot", "count": 64, "with": [{"type": "core", "count": 1}], "label": "task"}]}], "tasks": [{"command": ["/usr/local/libexec/osu-micro-benchmarks/mpi/collective/osu_allreduce"], "slot": "task", "count": {"per_slot": 1}}], "attributes": {"system": {"duration": 0, "cwd": "/opt", "shell": {"options": {"rlimit": {"cpu": -1, "fsize": -1, "data": -1, "stack": 10485760, "core": -1, "nofile": 65536, "as": -1, "rss": -1, "nproc": -1}, "cpu-affinity": "per-task"}}}, "user": {"study_id": "osu-allreduce-5-affinity-iter-6"}}, "version": 1}
START OF EVENTLOG
{"timestamp":1776649629.8832304,"name":"init"}
{"timestamp":1776649629.8936424,"name":"shell.init","context":{"service":"0-shell-f3T1cUvMV","leader-rank":0,"size":5}}
{"timestamp":1776649629.8840728,"name":"starting"}
{"timestamp":1776649630.0071824,"name":"shell.start","context":{"taskmap":{"version":1,"map":[[0,5,64,1]]}}}
{"timestamp":1776649640.3273611,"name":"shell.task-exit","context":{"localid":62,"rank":190,"state":"Exited","pid":5484,"wait_status":0,"signaled":0,"exitcode":0}}
{"timestamp":1776649640.4431159,"name":"complete","context":{"status":0}}
{"timestamp":1776649640.4431412,"name":"done"}

