
# OSU MPI Allreduce Latency Test v7.3
# Datatype: MPI_CHAR.
# Size       Avg Latency(us)
1                     137.20
2                     137.56
4                     149.75
8                     148.33
16                    153.65
32                    176.16
64                    140.80
128                   144.09
256                   145.00
512                   167.43
1024                  149.87
2048                  165.82
4096                  297.46
8192                  598.84
16384                 607.39
32768                 364.93
65536                 723.58
131072                851.07
262144               1763.96
524288               3326.73
1048576              6951.42
START OF JOBSPEC
{"resources": [{"type": "node", "count": 4, "with": [{"type": "slot", "count": 64, "with": [{"type": "core", "count": 1}], "label": "task"}]}], "tasks": [{"command": ["/usr/local/libexec/osu-micro-benchmarks/mpi/collective/osu_allreduce"], "slot": "task", "count": {"per_slot": 1}}], "attributes": {"system": {"duration": 0, "cwd": "/opt", "shell": {"options": {"rlimit": {"cpu": -1, "fsize": -1, "data": -1, "stack": 10485760, "core": -1, "nofile": 65536, "as": -1, "rss": -1, "nproc": -1}, "cpu-affinity": "per-task"}}}, "user": {"study_id": "osu-allreduce-4-affinity-iter-9"}}, "version": 1}
START OF EVENTLOG
{"timestamp":1776649832.147115,"name":"init"}
{"timestamp":1776649832.1480238,"name":"starting"}
{"timestamp":1776649832.158361,"name":"shell.init","context":{"service":"0-shell-f3VLRRcc7","leader-rank":1,"size":4}}
{"timestamp":1776649832.2725823,"name":"shell.start","context":{"taskmap":{"version":1,"map":[[0,4,64,1]]}}}
{"timestamp":1776649842.6615603,"name":"shell.task-exit","context":{"localid":32,"rank":96,"state":"Exited","pid":8004,"wait_status":0,"signaled":0,"exitcode":0}}
{"timestamp":1776649842.7791581,"name":"complete","context":{"status":0}}
{"timestamp":1776649842.7791827,"name":"done"}

