
# OSU MPI Allreduce Latency Test v7.3
# Datatype: MPI_CHAR.
# Size       Avg Latency(us)
1                     132.35
2                     139.19
4                     138.38
8                     143.21
16                    146.97
32                    144.02
64                    146.15
128                   147.40
256                   150.80
512                   148.90
1024                  153.26
2048                  160.75
4096                  245.27
8192                  401.22
16384                 260.33
32768                 466.87
65536                 772.44
131072               2800.99
262144               1964.25
524288               3897.19
1048576              7443.41
START OF JOBSPEC
{"resources": [{"type": "node", "count": 3, "with": [{"type": "slot", "count": 64, "with": [{"type": "core", "count": 1}], "label": "task"}]}], "tasks": [{"command": ["/usr/local/libexec/osu-micro-benchmarks/mpi/collective/osu_allreduce"], "slot": "task", "count": {"per_slot": 1}}], "attributes": {"system": {"duration": 0, "cwd": "/opt", "shell": {"options": {"rlimit": {"cpu": -1, "fsize": -1, "data": -1, "stack": 10485760, "core": -1, "nofile": 65536, "as": -1, "rss": -1, "nproc": -1}, "cpu-affinity": "per-task"}}}, "user": {"study_id": "osu-allreduce-3-affinity-iter-4"}}, "version": 1}
START OF EVENTLOG
{"timestamp":1776649444.4779131,"name":"init"}
{"timestamp":1776649444.478766,"name":"starting"}
{"timestamp":1776649444.4894032,"name":"shell.init","context":{"service":"0-shell-f3QtY2YT9","leader-rank":2,"size":3}}
{"timestamp":1776649444.6012115,"name":"shell.start","context":{"taskmap":{"version":1,"map":[[0,3,64,1]]}}}
{"timestamp":1776649455.1316552,"name":"shell.task-exit","context":{"localid":58,"rank":58,"state":"Exited","pid":3154,"wait_status":0,"signaled":0,"exitcode":0}}
{"timestamp":1776649455.2769167,"name":"complete","context":{"status":0}}
{"timestamp":1776649455.2769444,"name":"done"}

