
# OSU MPI Allreduce Latency Test v7.3
# Datatype: MPI_CHAR.
# Size       Avg Latency(us)
1                     155.78
2                     145.59
4                     138.14
8                     147.90
16                    165.30
32                    159.82
64                    144.54
128                   164.46
256                   153.14
512                   150.06
1024                  172.11
2048                  209.09
4096                  295.14
8192                  301.12
16384                 320.54
32768                 367.29
65536                 670.31
131072               1015.70
262144               1814.51
524288               3345.87
1048576              6774.35
START OF JOBSPEC
{"resources": [{"type": "node", "count": 4, "with": [{"type": "slot", "count": 64, "with": [{"type": "core", "count": 1}], "label": "task"}]}], "tasks": [{"command": ["/usr/local/libexec/osu-micro-benchmarks/mpi/collective/osu_allreduce"], "slot": "task", "count": {"per_slot": 1}}], "attributes": {"system": {"duration": 0, "cwd": "/opt", "shell": {"options": {"rlimit": {"cpu": -1, "fsize": -1, "data": -1, "stack": 10485760, "core": -1, "nofile": 65536, "as": -1, "rss": -1, "nproc": -1}}}}, "user": {"study_id": "osu-allreduce-4-iter-4"}}, "version": 1}
START OF EVENTLOG
{"timestamp":1776649455.2825506,"name":"init"}
{"timestamp":1776649455.2932553,"name":"shell.init","context":{"service":"0-shell-f3QzD9o1h","leader-rank":1,"size":4}}
{"timestamp":1776649455.2834051,"name":"starting"}
{"timestamp":1776649455.3762231,"name":"shell.start","context":{"taskmap":{"version":1,"map":[[0,4,64,1]]}}}
{"timestamp":1776649465.6696486,"name":"shell.task-exit","context":{"localid":63,"rank":63,"state":"Exited","pid":2777,"wait_status":0,"signaled":0,"exitcode":0}}
{"timestamp":1776649465.7802899,"name":"complete","context":{"status":0}}
{"timestamp":1776649465.7803183,"name":"done"}

