
# OSU MPI Allreduce Latency Test v7.3
# Datatype: MPI_CHAR.
# Size       Avg Latency(us)
1                     137.49
2                     144.00
4                     136.15
8                     149.35
16                    147.02
32                    157.62
64                    155.15
128                   150.29
256                   142.91
512                   147.11
1024                  175.00
2048                  177.25
4096                  297.23
8192                  290.13
16384                 314.03
32768                 370.71
65536                 512.84
131072                850.61
262144               1843.12
524288               3261.81
1048576              6857.50
START OF JOBSPEC
{"resources": [{"type": "node", "count": 4, "with": [{"type": "slot", "count": 64, "with": [{"type": "core", "count": 1}], "label": "task"}]}], "tasks": [{"command": ["/usr/local/libexec/osu-micro-benchmarks/mpi/collective/osu_allreduce"], "slot": "task", "count": {"per_slot": 1}}], "attributes": {"system": {"duration": 0, "cwd": "/opt", "shell": {"options": {"rlimit": {"cpu": -1, "fsize": -1, "data": -1, "stack": 10485760, "core": -1, "nofile": 65536, "as": -1, "rss": -1, "nproc": -1}, "cpu-affinity": "per-task"}}}, "user": {"study_id": "osu-allreduce-4-affinity-iter-6"}}, "version": 1}
START OF EVENTLOG
{"timestamp":1776649619.6981099,"name":"init"}
{"timestamp":1776649619.6989644,"name":"starting"}
{"timestamp":1776649619.7860916,"name":"shell.init","context":{"service":"0-shell-f3SvDfXtj","leader-rank":1,"size":4}}
{"timestamp":1776649619.8981698,"name":"shell.start","context":{"taskmap":{"version":1,"map":[[0,4,64,1]]}}}
{"timestamp":1776649629.7604818,"name":"shell.task-exit","context":{"localid":63,"rank":63,"state":"Exited","pid":4583,"wait_status":0,"signaled":0,"exitcode":0}}
{"timestamp":1776649629.8770947,"name":"complete","context":{"status":0}}
{"timestamp":1776649629.8771226,"name":"done"}

