
# OSU MPI Allreduce Latency Test v7.3
# Datatype: MPI_CHAR.
# Size       Avg Latency(us)
1                     133.93
2                     148.00
4                     137.89
8                     141.77
16                    148.68
32                    147.36
64                    143.91
128                   159.54
256                   151.06
512                   153.57
1024                  157.92
2048                  158.66
4096                  173.82
8192                  243.22
16384                 257.06
32768                 465.41
65536                 675.87
131072               2776.68
262144               2058.40
524288               3937.18
1048576              7476.52
START OF JOBSPEC
{"resources": [{"type": "node", "count": 3, "with": [{"type": "slot", "count": 64, "with": [{"type": "core", "count": 1}], "label": "task"}]}], "tasks": [{"command": ["/usr/local/libexec/osu-micro-benchmarks/mpi/collective/osu_allreduce"], "slot": "task", "count": {"per_slot": 1}}], "attributes": {"system": {"duration": 0, "cwd": "/opt", "shell": {"options": {"rlimit": {"cpu": -1, "fsize": -1, "data": -1, "stack": 10485760, "core": -1, "nofile": 65536, "as": -1, "rss": -1, "nproc": -1}}}}, "user": {"study_id": "osu-allreduce-3-iter-4"}}, "version": 1}
START OF EVENTLOG
{"timestamp":1776649433.9212468,"name":"init"}
{"timestamp":1776649433.9314544,"name":"shell.init","context":{"service":"0-shell-f3QhX3szX","leader-rank":0,"size":3}}
{"timestamp":1776649433.9220829,"name":"starting"}
{"timestamp":1776649434.0137091,"name":"shell.start","context":{"taskmap":{"version":1,"map":[[0,3,64,1]]}}}
{"timestamp":1776649444.361572,"name":"shell.task-exit","context":{"localid":62,"rank":62,"state":"Exited","pid":1658,"wait_status":0,"signaled":0,"exitcode":0}}
{"timestamp":1776649444.4724624,"name":"complete","context":{"status":0}}
{"timestamp":1776649444.4724872,"name":"done"}

