
# OSU MPI Allreduce Latency Test v7.3
# Datatype: MPI_CHAR.
# Size       Avg Latency(us)
1                      90.40
2                      90.86
4                      90.23
8                      94.66
16                     95.07
32                     94.49
64                     95.74
128                    95.89
256                    97.14
512                    98.53
1024                   99.30
2048                  103.36
4096                  110.79
8192                  197.85
16384                 315.09
32768                 576.73
65536                1276.66
131072               2459.11
262144               1678.34
524288               3187.22
1048576              6553.73
START OF JOBSPEC
{"resources": [{"type": "node", "count": 1, "with": [{"type": "slot", "count": 64, "with": [{"type": "core", "count": 1}], "label": "task"}]}], "tasks": [{"command": ["/usr/local/libexec/osu-micro-benchmarks/mpi/collective/osu_allreduce"], "slot": "task", "count": {"per_slot": 1}}], "attributes": {"system": {"duration": 0, "cwd": "/opt", "shell": {"options": {"rlimit": {"cpu": -1, "fsize": -1, "data": -1, "stack": 10485760, "core": -1, "nofile": 65536, "as": -1, "rss": -1, "nproc": -1}}}}, "user": {"study_id": "osu-allreduce-1-iter-9"}}, "version": 1}
START OF EVENTLOG
{"timestamp":1776649782.1603332,"name":"init"}
{"timestamp":1776649782.1720595,"name":"shell.init","context":{"service":"0-shell-f3Uk1vHHy","leader-rank":4,"size":1}}
{"timestamp":1776649782.162185,"name":"starting"}
{"timestamp":1776649782.2538333,"name":"shell.start","context":{"taskmap":{"version":1,"map":[[0,1,64,1]]}}}
{"timestamp":1776649790.1771603,"name":"shell.task-exit","context":{"localid":61,"rank":61,"state":"Exited","pid":7417,"wait_status":0,"signaled":0,"exitcode":0}}
{"timestamp":1776649790.272392,"name":"complete","context":{"status":0}}
{"timestamp":1776649790.2724249,"name":"done"}

