
# OSU MPI Allreduce Latency Test v7.3
# Datatype: MPI_CHAR.
# Size       Avg Latency(us)
1                     130.48
2                     149.57
4                     138.67
8                     152.85
16                    145.17
32                    150.02
64                    147.84
128                   153.75
256                   145.04
512                   149.60
1024                  159.17
2048                  164.39
4096                  174.73
8192                  216.87
16384                 262.35
32768                 466.13
65536                 674.94
131072               2771.95
262144               1965.74
524288               3889.17
1048576              7579.68
START OF JOBSPEC
{"resources": [{"type": "node", "count": 3, "with": [{"type": "slot", "count": 64, "with": [{"type": "core", "count": 1}], "label": "task"}]}], "tasks": [{"command": ["/usr/local/libexec/osu-micro-benchmarks/mpi/collective/osu_allreduce"], "slot": "task", "count": {"per_slot": 1}}], "attributes": {"system": {"duration": 0, "cwd": "/opt", "shell": {"options": {"rlimit": {"cpu": -1, "fsize": -1, "data": -1, "stack": 10485760, "core": -1, "nofile": 65536, "as": -1, "rss": -1, "nproc": -1}, "cpu-affinity": "per-task"}}}, "user": {"study_id": "osu-allreduce-3-affinity-iter-7"}}, "version": 1}
START OF EVENTLOG
{"timestamp":1776649659.8790731,"name":"init"}
{"timestamp":1776649659.8799467,"name":"starting"}
{"timestamp":1776649659.8904607,"name":"shell.init","context":{"service":"0-shell-f3TXczPCK","leader-rank":2,"size":3}}
{"timestamp":1776649660.0040543,"name":"shell.start","context":{"taskmap":{"version":1,"map":[[0,3,64,1]]}}}
{"timestamp":1776649670.0313773,"name":"shell.task-exit","context":{"localid":60,"rank":60,"state":"Exited","pid":5867,"wait_status":0,"signaled":0,"exitcode":0}}
{"timestamp":1776649670.1531565,"name":"complete","context":{"status":0}}
{"timestamp":1776649670.1531835,"name":"done"}

