
# OSU MPI Allreduce Latency Test v7.3
# Datatype: MPI_CHAR.
# Size       Avg Latency(us)
1                     135.96
2                     137.30
4                     140.23
8                     147.14
16                    145.62
32                    164.18
64                    224.68
128                   147.23
256                   149.65
512                   161.07
1024                  156.00
2048                  162.55
4096                  178.29
8192                  218.83
16384                 278.61
32768                 502.42
65536                 679.68
131072               2781.38
262144               1957.95
524288               3907.50
1048576              7508.55
START OF JOBSPEC
{"resources": [{"type": "node", "count": 3, "with": [{"type": "slot", "count": 64, "with": [{"type": "core", "count": 1}], "label": "task"}]}], "tasks": [{"command": ["/usr/local/libexec/osu-micro-benchmarks/mpi/collective/osu_allreduce"], "slot": "task", "count": {"per_slot": 1}}], "attributes": {"system": {"duration": 0, "cwd": "/opt", "shell": {"options": {"rlimit": {"cpu": -1, "fsize": -1, "data": -1, "stack": 10485760, "core": -1, "nofile": 65536, "as": -1, "rss": -1, "nproc": -1}}}}, "user": {"study_id": "osu-allreduce-3-iter-7"}}, "version": 1}
START OF EVENTLOG
{"timestamp":1776649648.699172,"name":"init"}
{"timestamp":1776649648.70928,"name":"shell.init","context":{"service":"0-shell-f3TNYgn9u","leader-rank":0,"size":3}}
{"timestamp":1776649648.6999733,"name":"starting"}
{"timestamp":1776649648.7913148,"name":"shell.start","context":{"taskmap":{"version":1,"map":[[0,3,64,1]]}}}
{"timestamp":1776649659.7483678,"name":"shell.task-exit","context":{"localid":62,"rank":62,"state":"Exited","pid":2820,"wait_status":0,"signaled":0,"exitcode":0}}
{"timestamp":1776649659.8735301,"name":"complete","context":{"status":0}}
{"timestamp":1776649659.873554,"name":"done"}

