
# OSU MPI Allreduce Latency Test v7.3
# Datatype: MPI_CHAR.
# Size       Avg Latency(us)
1                      90.41
2                      93.92
4                      90.60
8                      95.43
16                     95.89
32                     95.00
64                     95.26
128                    96.42
256                    96.17
512                   105.55
1024                   99.75
2048                  104.74
4096                  115.09
8192                  200.21
16384                 311.87
32768                 558.27
65536                1232.57
131072               2479.87
262144               1665.30
524288               3153.60
1048576              6527.92
START OF JOBSPEC
{"resources": [{"type": "node", "count": 1, "with": [{"type": "slot", "count": 64, "with": [{"type": "core", "count": 1}], "label": "task"}]}], "tasks": [{"command": ["/usr/local/libexec/osu-micro-benchmarks/mpi/collective/osu_allreduce"], "slot": "task", "count": {"per_slot": 1}}], "attributes": {"system": {"duration": 0, "cwd": "/opt", "shell": {"options": {"rlimit": {"cpu": -1, "fsize": -1, "data": -1, "stack": 10485760, "core": -1, "nofile": 65536, "as": -1, "rss": -1, "nproc": -1}, "cpu-affinity": "per-task"}}}, "user": {"study_id": "osu-allreduce-1-affinity-iter-10"}}, "version": 1}
START OF EVENTLOG
{"timestamp":1776649853.7662334,"name":"init"}
{"timestamp":1776649853.7767704,"name":"shell.init","context":{"service":"0-shell-f3VdaDJhV","leader-rank":3,"size":1}}
{"timestamp":1776649853.7671819,"name":"starting"}
{"timestamp":1776649853.8869071,"name":"shell.start","context":{"taskmap":{"version":1,"map":[[0,1,64,1]]}}}
{"timestamp":1776649861.8888211,"name":"shell.task-exit","context":{"localid":59,"rank":59,"state":"Exited","pid":8316,"wait_status":0,"signaled":0,"exitcode":0}}
{"timestamp":1776649861.9748125,"name":"complete","context":{"status":0}}
{"timestamp":1776649861.9748259,"name":"done"}

