
# OSU MPI Allreduce Latency Test v7.3
# Datatype: MPI_CHAR.
# Size       Avg Latency(us)
1                     122.07
2                     122.89
4                     122.23
8                     127.54
16                    148.92
32                    128.41
64                    134.94
128                   131.42
256                   132.98
512                   131.09
1024                  133.81
2048                  140.81
4096                  154.30
8192                  198.56
16384                 243.55
32768                 450.21
65536                 634.72
131072               2853.30
262144               1856.91
524288               3228.24
1048576              6730.35
START OF JOBSPEC
{"resources": [{"type": "node", "count": 2, "with": [{"type": "slot", "count": 64, "with": [{"type": "core", "count": 1}], "label": "task"}]}], "tasks": [{"command": ["/usr/local/libexec/osu-micro-benchmarks/mpi/collective/osu_allreduce"], "slot": "task", "count": {"per_slot": 1}}], "attributes": {"system": {"duration": 0, "cwd": "/opt", "shell": {"options": {"rlimit": {"cpu": -1, "fsize": -1, "data": -1, "stack": 10485760, "core": -1, "nofile": 65536, "as": -1, "rss": -1, "nproc": -1}, "cpu-affinity": "per-task"}}}, "user": {"study_id": "osu-allreduce-2-affinity-iter-9"}}, "version": 1}
START OF EVENTLOG
{"timestamp":1776649791.3642621,"name":"init"}
{"timestamp":1776649791.3651175,"name":"starting"}
{"timestamp":1776649791.3790751,"name":"shell.init","context":{"service":"0-shell-f3V3rjdzf","leader-rank":1,"size":2}}
{"timestamp":1776649791.4908297,"name":"shell.start","context":{"taskmap":{"version":1,"map":[[0,2,64,1]]}}}
{"timestamp":1776649800.5463746,"name":"shell.task-exit","context":{"localid":62,"rank":62,"state":"Exited","pid":6516,"wait_status":0,"signaled":0,"exitcode":0}}
{"timestamp":1776649800.627722,"name":"complete","context":{"status":0}}
{"timestamp":1776649800.6277509,"name":"done"}

