
# OSU MPI Allreduce Latency Test v7.3
# Datatype: MPI_CHAR.
# Size       Avg Latency(us)
1                     148.42
2                     136.60
4                     135.73
8                     147.01
16                    149.54
32                    148.54
64                    141.65
128                   145.75
256                   153.29
512                   148.84
1024                  158.84
2048                  167.80
4096                  294.29
8192                  311.39
16384                 311.15
32768                 364.34
65536                 506.23
131072                902.11
262144               1868.85
524288               3303.70
1048576              6767.75
START OF JOBSPEC
{"resources": [{"type": "node", "count": 4, "with": [{"type": "slot", "count": 64, "with": [{"type": "core", "count": 1}], "label": "task"}]}], "tasks": [{"command": ["/usr/local/libexec/osu-micro-benchmarks/mpi/collective/osu_allreduce"], "slot": "task", "count": {"per_slot": 1}}], "attributes": {"system": {"duration": 0, "cwd": "/opt", "shell": {"options": {"rlimit": {"cpu": -1, "fsize": -1, "data": -1, "stack": 10485760, "core": -1, "nofile": 65536, "as": -1, "rss": -1, "nproc": -1}, "cpu-affinity": "per-task"}}}, "user": {"study_id": "osu-allreduce-4-affinity-iter-3"}}, "version": 1}
START OF EVENTLOG
{"timestamp":1776649405.3960044,"name":"init"}
{"timestamp":1776649405.4066105,"name":"shell.init","context":{"service":"0-shell-f3QDQFW1D","leader-rank":1,"size":4}}
{"timestamp":1776649405.396893,"name":"starting"}
{"timestamp":1776649405.5203028,"name":"shell.start","context":{"taskmap":{"version":1,"map":[[0,4,64,1]]}}}
{"timestamp":1776649415.3867719,"name":"shell.task-exit","context":{"localid":63,"rank":63,"state":"Exited","pid":2261,"wait_status":0,"signaled":0,"exitcode":0}}
{"timestamp":1776649415.4995248,"name":"complete","context":{"status":0}}
{"timestamp":1776649415.4995532,"name":"done"}

