
# OSU MPI Allreduce Latency Test v7.3
# Datatype: MPI_CHAR.
# Size       Avg Latency(us)
1                     142.97
2                     186.75
4                     154.72
8                     140.40
16                    157.04
32                    140.83
64                    145.09
128                   150.95
256                   159.99
512                   156.57
1024                  150.97
2048                  157.75
4096                  300.90
8192                  300.29
16384                 320.21
32768                 437.03
65536                 512.07
131072                860.11
262144               1812.60
524288               3223.90
1048576              6800.08
START OF JOBSPEC
{"resources": [{"type": "node", "count": 4, "with": [{"type": "slot", "count": 64, "with": [{"type": "core", "count": 1}], "label": "task"}]}], "tasks": [{"command": ["/usr/local/libexec/osu-micro-benchmarks/mpi/collective/osu_allreduce"], "slot": "task", "count": {"per_slot": 1}}], "attributes": {"system": {"duration": 0, "cwd": "/opt", "shell": {"options": {"rlimit": {"cpu": -1, "fsize": -1, "data": -1, "stack": 10485760, "core": -1, "nofile": 65536, "as": -1, "rss": -1, "nproc": -1}, "cpu-affinity": "per-task"}}}, "user": {"study_id": "osu-allreduce-4-affinity-iter-5"}}, "version": 1}
START OF EVENTLOG
{"timestamp":1776649548.4966984,"name":"init"}
{"timestamp":1776649548.497575,"name":"starting"}
{"timestamp":1776649548.5078161,"name":"shell.init","context":{"service":"0-shell-f3S6vxSYo","leader-rank":1,"size":4}}
{"timestamp":1776649548.621139,"name":"shell.start","context":{"taskmap":{"version":1,"map":[[0,4,64,1]]}}}
{"timestamp":1776649558.5558298,"name":"shell.task-exit","context":{"localid":61,"rank":61,"state":"Exited","pid":3805,"wait_status":0,"signaled":0,"exitcode":0}}
{"timestamp":1776649558.6718779,"name":"complete","context":{"status":0}}
{"timestamp":1776649558.6719015,"name":"done"}

