
# OSU MPI Allreduce Latency Test v7.3
# Datatype: MPI_CHAR.
# Size       Avg Latency(us)
1                     138.19
2                     141.48
4                     137.68
8                     144.79
16                    144.67
32                    149.07
64                    158.71
128                   144.29
256                   142.23
512                   146.92
1024                  149.51
2048                  162.38
4096                  302.35
8192                  310.43
16384                 343.20
32768                 363.86
65536                 658.67
131072                874.81
262144               1726.69
524288               3242.62
1048576              6867.29
START OF JOBSPEC
{"resources": [{"type": "node", "count": 4, "with": [{"type": "slot", "count": 64, "with": [{"type": "core", "count": 1}], "label": "task"}]}], "tasks": [{"command": ["/usr/local/libexec/osu-micro-benchmarks/mpi/collective/osu_allreduce"], "slot": "task", "count": {"per_slot": 1}}], "attributes": {"system": {"duration": 0, "cwd": "/opt", "shell": {"options": {"rlimit": {"cpu": -1, "fsize": -1, "data": -1, "stack": 10485760, "core": -1, "nofile": 65536, "as": -1, "rss": -1, "nproc": -1}, "cpu-affinity": "per-task"}}}, "user": {"study_id": "osu-allreduce-4-affinity-iter-4"}}, "version": 1}
START OF EVENTLOG
{"timestamp":1776649476.5445373,"name":"init"}
{"timestamp":1776649476.5552239,"name":"shell.init","context":{"service":"0-shell-f3RBE8TUK","leader-rank":1,"size":4}}
{"timestamp":1776649476.5453825,"name":"starting"}
{"timestamp":1776649476.6687396,"name":"shell.start","context":{"taskmap":{"version":1,"map":[[0,4,64,1]]}}}
{"timestamp":1776649486.5319557,"name":"shell.task-exit","context":{"localid":61,"rank":61,"state":"Exited","pid":3031,"wait_status":0,"signaled":0,"exitcode":0}}
{"timestamp":1776649486.6437695,"name":"complete","context":{"status":0}}
{"timestamp":1776649486.6437957,"name":"done"}

