
# OSU MPI Allreduce Latency Test v7.3
# Datatype: MPI_CHAR.
# Size       Avg Latency(us)
1                     131.59
2                     128.75
4                     125.65
8                     134.91
16                    136.19
32                    129.60
64                    140.79
128                   132.77
256                   134.88
512                   138.04
1024                  150.96
2048                  148.32
4096                  317.87
8192                  314.98
16384                 330.19
32768                 392.53
65536                 563.19
131072               1004.77
262144               2035.22
524288               3869.65
1048576              7621.69
START OF JOBSPEC
{"resources": [{"type": "node", "count": 5, "with": [{"type": "slot", "count": 64, "with": [{"type": "core", "count": 1}], "label": "task"}]}], "tasks": [{"command": ["/usr/local/libexec/osu-micro-benchmarks/mpi/collective/osu_allreduce"], "slot": "task", "count": {"per_slot": 1}}], "attributes": {"system": {"duration": 0, "cwd": "/opt", "shell": {"options": {"rlimit": {"cpu": -1, "fsize": -1, "data": -1, "stack": 10485760, "core": -1, "nofile": 65536, "as": -1, "rss": -1, "nproc": -1}, "cpu-affinity": "per-task"}}}, "user": {"study_id": "osu-allreduce-5-affinity-iter-3"}}, "version": 1}
START OF EVENTLOG
{"timestamp":1776649415.5057108,"name":"init"}
{"timestamp":1776649415.5065827,"name":"starting"}
{"timestamp":1776649415.5168433,"name":"shell.init","context":{"service":"0-shell-f3QJr2s2f","leader-rank":0,"size":5}}
{"timestamp":1776649415.6298208,"name":"shell.start","context":{"taskmap":{"version":1,"map":[[0,5,64,1]]}}}
{"timestamp":1776649425.5111108,"name":"shell.task-exit","context":{"localid":61,"rank":189,"state":"Exited","pid":2773,"wait_status":0,"signaled":0,"exitcode":0}}
{"timestamp":1776649425.6197224,"name":"complete","context":{"status":0}}
{"timestamp":1776649425.6197488,"name":"done"}

