
# OSU MPI Allreduce Latency Test v7.3
# Datatype: MPI_CHAR.
# Size       Avg Latency(us)
1                     140.10
2                     122.67
4                     130.07
8                     132.17
16                    129.26
32                    128.62
64                    135.94
128                   128.36
256                   136.20
512                   131.48
1024                  137.49
2048                  147.56
4096                  155.50
8192                  193.90
16384                 248.25
32768                 427.01
65536                 714.94
131072               2874.89
262144               1688.15
524288               3258.45
1048576              6687.60
START OF JOBSPEC
{"resources": [{"type": "node", "count": 2, "with": [{"type": "slot", "count": 64, "with": [{"type": "core", "count": 1}], "label": "task"}]}], "tasks": [{"command": ["/usr/local/libexec/osu-micro-benchmarks/mpi/collective/osu_allreduce"], "slot": "task", "count": {"per_slot": 1}}], "attributes": {"system": {"duration": 0, "cwd": "/opt", "shell": {"options": {"rlimit": {"cpu": -1, "fsize": -1, "data": -1, "stack": 10485760, "core": -1, "nofile": 65536, "as": -1, "rss": -1, "nproc": -1}, "cpu-affinity": "per-task"}}}, "user": {"study_id": "osu-allreduce-2-affinity-iter-6"}}, "version": 1}
START OF EVENTLOG
{"timestamp":1776649578.5184834,"name":"init"}
{"timestamp":1776649578.5200233,"name":"starting"}
{"timestamp":1776649578.5317373,"name":"shell.init","context":{"service":"0-shell-f3SaV96LX","leader-rank":1,"size":2}}
{"timestamp":1776649578.6440859,"name":"shell.start","context":{"taskmap":{"version":1,"map":[[0,2,64,1]]}}}
{"timestamp":1776649587.8100054,"name":"shell.task-exit","context":{"localid":62,"rank":62,"state":"Exited","pid":4194,"wait_status":0,"signaled":0,"exitcode":0}}
{"timestamp":1776649587.8974867,"name":"complete","context":{"status":0}}
{"timestamp":1776649587.8975143,"name":"done"}

