Running with these driver parameters:
  solver ID    = 3

  Laplacian_27pt:
    (Nx, Ny, Nz) = (360, 720, 360)
    (Px, Py, Pz) = (4, 8, 4)

=============================================
Generate Matrix:
=============================================
Spatial Operator:
  wall clock time = 1.658323 seconds
  wall MFLOPS     = 0.000000
  cpu clock time  = 1.644758 seconds
  cpu MFLOPS      = 0.000000

  RHS vector has unit components
  Initial guess is 0
=============================================
IJ Vector Setup:
=============================================
RHS and Initial Guess:
  wall clock time = 0.129726 seconds
  wall MFLOPS     = 0.000000
  cpu clock time  = 0.128980 seconds
  cpu MFLOPS      = 0.000000

=============================================
Problem 2: Cumulative AMG-GMRES Solve Time:
=============================================
GMRES Solve:
  wall clock time = 180.849566 seconds
  wall MFLOPS     = 0.000000
  cpu clock time  = 178.934323 seconds
  cpu MFLOPS      = 0.000000


No. of Time Steps = 6
Cum. No. of Iterations = 215
Final Relative Residual Norm = 7.116462e-14


nnz AP * (Iterations + time_steps) / Total Time: 

Figure of Merit (FOM_2): 3.349508e+09


