Running with these driver parameters:
  solver ID    = 3

  Laplacian_27pt:
    (Nx, Ny, Nz) = (270, 720, 720)
    (Px, Py, Pz) = (3, 8, 8)

=============================================
Generate Matrix:
=============================================
Spatial Operator:
  wall clock time = 1.790432 seconds
  wall MFLOPS     = 0.000000
  cpu clock time  = 1.768326 seconds
  cpu MFLOPS      = 0.000000

  RHS vector has unit components
  Initial guess is 0
=============================================
IJ Vector Setup:
=============================================
RHS and Initial Guess:
  wall clock time = 0.069811 seconds
  wall MFLOPS     = 0.000000
  cpu clock time  = 0.067256 seconds
  cpu MFLOPS      = 0.000000

=============================================
Problem 2: Cumulative AMG-GMRES Solve Time:
=============================================
GMRES Solve:
  wall clock time = 182.359671 seconds
  wall MFLOPS     = 0.000000
  cpu clock time  = 180.330457 seconds
  cpu MFLOPS      = 0.000000


No. of Time Steps = 6
Cum. No. of Iterations = 215
Final Relative Residual Norm = 6.816588e-14


nnz AP * (Iterations + time_steps) / Total Time: 

Figure of Merit (FOM_2): 4.984137e+09


