Hello I am hostname metrics-quicksilver-cpu-job-0037-0 running setup.
Flux install root: /opt/view

🐸 Broker Configuration
[access]
allow-guest-user = true
allow-root-owner = true

# Point to resource definition generated with flux-R(1).
[resource]
path = "/mnt/flux/config/etc/flux/system/R"

[bootstrap]
curve_cert = "/mnt/flux/config/curve/curve.cert"
default_port = 8050
default_bind = "tcp://eth0:%p"
default_connect = "tcp://%h.metrics-quicksilver-cpu-job-0037.default.svc.cluster.local:%p"
hosts = [
{ host="metrics-quicksilver-cpu-job-0037-[0-1]"},
]		


[archive]
dbpath = "/mnt/flux/config/var/lib/flux/job-archive.sqlite"
period = "1m"
busytimeout = "50s"

[sched-fluxion-qmanager]
queue-policy = "fcfs"

🌟️ Curve Certificate
#   ****  Generated on 2023-04-26 22:54:42 by CZMQ  ****
#   ZeroMQ CURVE **Secret** Certificate
#   DO NOT PROVIDE THIS FILE TO OTHER USERS nor change its permissions.
    
metadata
    name = "flux-cert-generator"
    keygen.hostname = "metrics-quicksilver-cpu-job-0037-0"
curve
    public-key = "OPcj^kocbrgNEj=W9uG6)v<l9TF%9i1U#8urGOp="
    secret-key = "l<Rv2if>.e0y38ou?+$tgM:3:K(MsSL-]pDD}+<%"
Moving content from /opt/view to be in shared volume at /mnt/flux
Application is done.
exec /bin/bash: exec format error
