Hello I am hostname metric-mixbench-job-0109-0 running setup.
Flux install root: /opt/view

🐸 Broker Configuration
[access]
allow-guest-user = true
allow-root-owner = true

# Point to resource definition generated with flux-R(1).
[resource]
path = "/mnt/flux/config/etc/flux/system/R"

[bootstrap]
curve_cert = "/mnt/flux/config/curve/curve.cert"
default_port = 8050
default_bind = "tcp://eth0:%p"
default_connect = "tcp://%h.metric-mixbench-job-0109.default.svc.cluster.local:%p"
hosts = [
{ host="metric-mixbench-job-0109-[0-1]"},
]		


[archive]
dbpath = "/mnt/flux/config/var/lib/flux/job-archive.sqlite"
period = "1m"
busytimeout = "50s"

[sched-fluxion-qmanager]
queue-policy = "fcfs"

🌟️ Curve Certificate
#   ****  Generated on 2023-04-26 22:54:42 by CZMQ  ****
#   ZeroMQ CURVE **Secret** Certificate
#   DO NOT PROVIDE THIS FILE TO OTHER USERS nor change its permissions.
    
metadata
    name = "flux-cert-generator"
    keygen.hostname = "metric-mixbench-job-0109-0"
curve
    public-key = "r?)&#GBb7z&WQBX[Z&v=gYyr)l?W(J^AE$zp+S8f"
    secret-key = "V0WwpaO10jNg]ZGQ64i)Xg@uW]3L%=477@7L18h/"
Moving content from /opt/view to be in shared volume at /mnt/flux
Application is done.
exec /bin/bash: exec format error
