# OSU MPI Latency Test v7.3
# Size          Latency (us)
# Datatype: MPI_CHAR.
1                      11.57
2                      11.98
4                      11.97
8                      12.22
16                     12.27
32                     12.32
64                     12.46
128                    13.35
256                    15.74
512                    23.43
1024                   28.38
2048                   30.14
4096                   31.85
8192                   35.85
16384                  42.64
32768                  45.83
65536                  50.59
131072                129.06
262144                143.84
524288                245.33
1048576               736.20
2097152               680.47
4194304               622.65
START OF JOBSPEC
{"resources": [{"type": "node", "count": 2, "with": [{"type": "slot", "count": 1, "with": [{"type": "core", "count": 1}], "label": "task"}]}], "tasks": [{"command": ["/usr/local/libexec/osu-micro-benchmarks/mpi/pt2pt/osu_latency"], "slot": "task", "count": {"per_slot": 1}}], "attributes": {"system": {"duration": 0, "cwd": "/opt", "shell": {"options": {"rlimit": {"cpu": -1, "fsize": -1, "data": -1, "stack": 10485760, "core": -1, "nofile": 65536, "as": -1, "rss": -1, "nproc": -1}}}}, "user": {"study_id": "osu-latency-1-iter-9"}}, "version": 1}
START OF EVENTLOG
{"timestamp":1776650048.6666763,"name":"init"}
{"timestamp":1776650048.6676037,"name":"starting"}
{"timestamp":1776650048.6800723,"name":"shell.init","context":{"service":"0-shell-f9k1sVN8w","leader-rank":3,"size":2}}
{"timestamp":1776650048.6817639,"name":"shell.start","context":{"taskmap":{"version":1,"map":[[0,2,1,1]]}}}
{"timestamp":1776650060.578259,"name":"shell.task-exit","context":{"localid":0,"rank":1,"state":"Exited","pid":9151,"wait_status":0,"signaled":0,"exitcode":0}}
{"timestamp":1776650060.5804172,"name":"complete","context":{"status":0}}
{"timestamp":1776650060.5804324,"name":"done"}

