# OSU MPI Latency Test v7.3
# Size          Latency (us)
# Datatype: MPI_CHAR.
1                      11.50
2                      11.60
4                      11.76
8                      12.21
16                     12.24
32                     12.26
64                     12.41
128                    12.48
256                    12.72
512                    14.78
1024                   19.70
2048                   27.49
4096                   30.27
8192                   34.51
16384                  40.87
32768                  45.46
65536                  49.35
131072                130.41
262144                139.58
524288                239.23
1048576               780.86
2097152               747.96
4194304               697.34
START OF JOBSPEC
{"resources": [{"type": "node", "count": 2, "with": [{"type": "slot", "count": 1, "with": [{"type": "core", "count": 1}], "label": "task"}]}], "tasks": [{"command": ["/usr/local/libexec/osu-micro-benchmarks/mpi/pt2pt/osu_latency"], "slot": "task", "count": {"per_slot": 1}}], "attributes": {"system": {"duration": 0, "cwd": "/opt", "shell": {"options": {"rlimit": {"cpu": -1, "fsize": -1, "data": -1, "stack": 10485760, "core": -1, "nofile": 65536, "as": -1, "rss": -1, "nproc": -1}, "cpu-affinity": "per-task"}}}, "user": {"study_id": "osu-latency-1-affinity-iter-7"}}, "version": 1}
START OF EVENTLOG
{"timestamp":1776650048.316113,"name":"init"}
{"timestamp":1776650048.3169923,"name":"starting"}
{"timestamp":1776650048.329278,"name":"shell.init","context":{"service":"0-shell-f9jrvbhWF","leader-rank":3,"size":2}}
{"timestamp":1776650048.3312509,"name":"shell.start","context":{"taskmap":{"version":1,"map":[[0,2,1,1]]}}}
{"timestamp":1776650060.0222478,"name":"shell.task-exit","context":{"localid":0,"rank":0,"state":"Exited","pid":9142,"wait_status":0,"signaled":0,"exitcode":0}}
{"timestamp":1776650060.0249765,"name":"complete","context":{"status":0}}
{"timestamp":1776650060.0249956,"name":"done"}

