# OSU MPI Latency Test v7.3
# Size          Latency (us)
# Datatype: MPI_CHAR.
1                      11.42
2                      11.55
4                      11.48
8                      12.17
16                     12.21
32                     12.22
64                     12.33
128                    12.41
256                    12.48
512                    13.52
1024                   16.08
2048                   24.54
4096                   29.51
8192                   33.69
16384                  40.15
32768                  44.96
65536                  50.31
131072                123.94
262144                138.92
524288                241.59
1048576               744.49
2097152               780.41
4194304               704.74
START OF JOBSPEC
{"resources": [{"type": "node", "count": 2, "with": [{"type": "slot", "count": 1, "with": [{"type": "core", "count": 1}], "label": "task"}]}], "tasks": [{"command": ["/usr/local/libexec/osu-micro-benchmarks/mpi/pt2pt/osu_latency"], "slot": "task", "count": {"per_slot": 1}}], "attributes": {"system": {"duration": 0, "cwd": "/opt", "shell": {"options": {"rlimit": {"cpu": -1, "fsize": -1, "data": -1, "stack": 10485760, "core": -1, "nofile": 65536, "as": -1, "rss": -1, "nproc": -1}}}}, "user": {"study_id": "osu-latency-1-iter-7"}}, "version": 1}
START OF EVENTLOG
{"timestamp":1776650048.199044,"name":"init"}
{"timestamp":1776650048.1999469,"name":"starting"}
{"timestamp":1776650048.2117848,"name":"shell.init","context":{"service":"0-shell-f9jow99Xu","leader-rank":3,"size":2}}
{"timestamp":1776650048.2133932,"name":"shell.start","context":{"taskmap":{"version":1,"map":[[0,2,1,1]]}}}
{"timestamp":1776650059.6929963,"name":"shell.task-exit","context":{"localid":0,"rank":1,"state":"Exited","pid":9139,"wait_status":0,"signaled":0,"exitcode":0}}
{"timestamp":1776650059.6952379,"name":"complete","context":{"status":0}}
{"timestamp":1776650059.6952567,"name":"done"}

