# OSU MPI Latency Test v7.3
# Size          Latency (us)
# Datatype: MPI_CHAR.
1                      11.36
2                      11.42
4                      11.34
8                      11.66
16                     11.81
32                     11.98
64                     12.28
128                    12.34
256                    12.37
512                    12.49
1024                   12.68
2048                   13.33
4096                   16.45
8192                   25.15
16384                  35.00
32768                  40.08
65536                  45.14
131072                114.10
262144                131.06
524288                234.02
1048576               592.49
2097152               698.60
4194304               806.01
START OF JOBSPEC
{"resources": [{"type": "node", "count": 2, "with": [{"type": "slot", "count": 1, "with": [{"type": "core", "count": 1}], "label": "task"}]}], "tasks": [{"command": ["/usr/local/libexec/osu-micro-benchmarks/mpi/pt2pt/osu_latency"], "slot": "task", "count": {"per_slot": 1}}], "attributes": {"system": {"duration": 0, "cwd": "/opt", "shell": {"options": {"rlimit": {"cpu": -1, "fsize": -1, "data": -1, "stack": 10485760, "core": -1, "nofile": 65536, "as": -1, "rss": -1, "nproc": -1}, "cpu-affinity": "per-task"}}}, "user": {"study_id": "osu-latency-1-affinity-iter-4"}}, "version": 1}
START OF EVENTLOG
{"timestamp":1776650047.6171405,"name":"init"}
{"timestamp":1776650047.6180294,"name":"starting"}
{"timestamp":1776650047.628124,"name":"shell.init","context":{"service":"0-shell-f9jZ4JMXD","leader-rank":3,"size":2}}
{"timestamp":1776650047.630327,"name":"shell.start","context":{"taskmap":{"version":1,"map":[[0,2,1,1]]}}}
{"timestamp":1776650057.9714797,"name":"shell.task-exit","context":{"localid":0,"rank":0,"state":"Exited","pid":9124,"wait_status":0,"signaled":0,"exitcode":0}}
{"timestamp":1776650057.9736829,"name":"complete","context":{"status":0}}
{"timestamp":1776650057.9737003,"name":"done"}

