# OSU MPI Latency Test v7.3
# Size          Latency (us)
# Datatype: MPI_CHAR.
1                      11.91
2                      11.89
4                      11.95
8                      12.20
16                     12.28
32                     12.38
64                     14.16
128                    18.12
256                    25.80
512                    28.90
1024                   30.54
2048                   31.42
4096                   32.86
8192                   36.67
16384                  43.59
32768                  48.11
65536                  51.84
131072                134.97
262144                149.07
524288                251.75
1048576               660.98
2097152               688.42
4194304               414.34
START OF JOBSPEC
{"resources": [{"type": "node", "count": 2, "with": [{"type": "slot", "count": 1, "with": [{"type": "core", "count": 1}], "label": "task"}]}], "tasks": [{"command": ["/usr/local/libexec/osu-micro-benchmarks/mpi/pt2pt/osu_latency"], "slot": "task", "count": {"per_slot": 1}}], "attributes": {"system": {"duration": 0, "cwd": "/opt", "shell": {"options": {"rlimit": {"cpu": -1, "fsize": -1, "data": -1, "stack": 10485760, "core": -1, "nofile": 65536, "as": -1, "rss": -1, "nproc": -1}, "cpu-affinity": "per-task"}}}, "user": {"study_id": "osu-latency-1-affinity-iter-10"}}, "version": 1}
START OF EVENTLOG
{"timestamp":1776650049.0165837,"name":"init"}
{"timestamp":1776650049.01755,"name":"starting"}
{"timestamp":1776650049.0300918,"name":"shell.init","context":{"service":"0-shell-f9kApP2md","leader-rank":3,"size":2}}
{"timestamp":1776650049.0320907,"name":"shell.start","context":{"taskmap":{"version":1,"map":[[0,2,1,1]]}}}
{"timestamp":1776650060.9732058,"name":"shell.task-exit","context":{"localid":0,"rank":0,"state":"Exited","pid":9160,"wait_status":0,"signaled":0,"exitcode":0}}
{"timestamp":1776650060.9766116,"name":"complete","context":{"status":0}}
{"timestamp":1776650060.9766259,"name":"done"}

