# OSU MPI Latency Test v7.3
# Size          Latency (us)
# Datatype: MPI_CHAR.
1                      11.22
2                      11.25
4                      11.27
8                      11.60
16                     11.67
32                     11.58
64                     11.77
128                    11.93
256                    12.09
512                    12.31
1024                   12.39
2048                   12.75
4096                   13.60
8192                   15.15
16384                  16.47
32768                  17.86
65536                  20.26
131072                 53.57
262144                 69.04
524288                128.48
1048576               138.88
2097152               267.44
4194304               583.15
START OF JOBSPEC
{"resources": [{"type": "node", "count": 2, "with": [{"type": "slot", "count": 1, "with": [{"type": "core", "count": 1}], "label": "task"}]}], "tasks": [{"command": ["/usr/local/libexec/osu-micro-benchmarks/mpi/pt2pt/osu_latency"], "slot": "task", "count": {"per_slot": 1}}], "attributes": {"system": {"duration": 0, "cwd": "/opt", "shell": {"options": {"rlimit": {"cpu": -1, "fsize": -1, "data": -1, "stack": 10485760, "core": -1, "nofile": 65536, "as": -1, "rss": -1, "nproc": -1}}}}, "user": {"study_id": "osu-latency-1-iter-1"}}, "version": 1}
START OF EVENTLOG
{"timestamp":1776650046.7981229,"name":"init"}
{"timestamp":1776650046.7991021,"name":"starting"}
{"timestamp":1776650046.8102298,"name":"shell.init","context":{"service":"0-shell-f9jC58XA7","leader-rank":3,"size":2}}
{"timestamp":1776650046.8121235,"name":"shell.start","context":{"taskmap":{"version":1,"map":[[0,2,1,1]]}}}
{"timestamp":1776650054.0931406,"name":"shell.task-exit","context":{"localid":0,"rank":0,"state":"Exited","pid":9103,"wait_status":0,"signaled":0,"exitcode":0}}
{"timestamp":1776650054.0965726,"name":"complete","context":{"status":0}}
{"timestamp":1776650054.0966022,"name":"done"}

