# OSU MPI Latency Test v7.3
# Size          Latency (us)
# Datatype: MPI_CHAR.
1                      11.49
2                      11.30
4                      11.43
8                      11.83
16                     11.95
32                     12.19
64                     12.29
128                    12.35
256                    12.39
512                    12.51
1024                   12.90
2048                   15.47
4096                   21.66
8192                   31.57
16384                  38.77
32768                  43.99
65536                  47.75
131072                126.33
262144                133.10
524288                235.70
1048576               614.66
2097152               791.78
4194304               739.05
START OF JOBSPEC
{"resources": [{"type": "node", "count": 2, "with": [{"type": "slot", "count": 1, "with": [{"type": "core", "count": 1}], "label": "task"}]}], "tasks": [{"command": ["/usr/local/libexec/osu-micro-benchmarks/mpi/pt2pt/osu_latency"], "slot": "task", "count": {"per_slot": 1}}], "attributes": {"system": {"duration": 0, "cwd": "/opt", "shell": {"options": {"rlimit": {"cpu": -1, "fsize": -1, "data": -1, "stack": 10485760, "core": -1, "nofile": 65536, "as": -1, "rss": -1, "nproc": -1}, "cpu-affinity": "per-task"}}}, "user": {"study_id": "osu-latency-1-affinity-iter-5"}}, "version": 1}
START OF EVENTLOG
{"timestamp":1776650047.850759,"name":"init"}
{"timestamp":1776650047.8516343,"name":"starting"}
{"timestamp":1776650047.8634014,"name":"shell.init","context":{"service":"0-shell-f9jf1jUBZ","leader-rank":3,"size":2}}
{"timestamp":1776650047.8654387,"name":"shell.start","context":{"taskmap":{"version":1,"map":[[0,2,1,1]]}}}
{"timestamp":1776650058.6510658,"name":"shell.task-exit","context":{"localid":0,"rank":0,"state":"Exited","pid":9130,"wait_status":0,"signaled":0,"exitcode":0}}
{"timestamp":1776650058.653686,"name":"complete","context":{"status":0}}
{"timestamp":1776650058.6537051,"name":"done"}

