# OSU MPI Latency Test v7.3
# Size          Latency (us)
# Datatype: MPI_CHAR.
1                      11.26
2                      11.25
4                      11.22
8                      11.60
16                     11.67
32                     11.59
64                     11.77
128                    11.98
256                    12.07
512                    12.30
1024                   12.39
2048                   12.76
4096                   13.56
8192                   15.13
16384                  16.41
32768                  18.02
65536                  20.41
131072                 53.98
262144                 69.39
524288                131.11
1048576               146.72
2097152               281.32
4194304               593.53
START OF JOBSPEC
{"resources": [{"type": "node", "count": 2, "with": [{"type": "slot", "count": 1, "with": [{"type": "core", "count": 1}], "label": "task"}]}], "tasks": [{"command": ["/usr/local/libexec/osu-micro-benchmarks/mpi/pt2pt/osu_latency"], "slot": "task", "count": {"per_slot": 1}}], "attributes": {"system": {"duration": 0, "cwd": "/opt", "shell": {"options": {"rlimit": {"cpu": -1, "fsize": -1, "data": -1, "stack": 10485760, "core": -1, "nofile": 65536, "as": -1, "rss": -1, "nproc": -1}, "cpu-affinity": "per-task"}}}, "user": {"study_id": "osu-latency-1-affinity-iter-1"}}, "version": 1}
START OF EVENTLOG
{"timestamp":1776650046.9157243,"name":"init"}
{"timestamp":1776650046.9264672,"name":"shell.init","context":{"service":"0-shell-f9jF7Z3h9","leader-rank":3,"size":2}}
{"timestamp":1776650046.9165611,"name":"starting"}
{"timestamp":1776650046.9286439,"name":"shell.start","context":{"taskmap":{"version":1,"map":[[0,2,1,1]]}}}
{"timestamp":1776650054.1806967,"name":"shell.task-exit","context":{"localid":0,"rank":1,"state":"Exited","pid":9106,"wait_status":0,"signaled":0,"exitcode":0}}
{"timestamp":1776650054.1830194,"name":"complete","context":{"status":0}}
{"timestamp":1776650054.183037,"name":"done"}

