# OSU MPI Latency Test v7.3
# Size          Latency (us)
# Datatype: MPI_CHAR.
1                      11.35
2                      11.39
4                      11.56
8                      11.94
16                     12.20
32                     12.21
64                     12.32
128                    12.36
256                    12.45
512                    12.74
1024                   14.89
2048                   20.14
4096                   28.14
8192                   32.97
16384                  40.25
32768                  44.32
65536                  48.02
131072                124.53
262144                135.49
524288                241.09
1048576               682.83
2097152               771.03
4194304               710.56
START OF JOBSPEC
{"resources": [{"type": "node", "count": 2, "with": [{"type": "slot", "count": 1, "with": [{"type": "core", "count": 1}], "label": "task"}]}], "tasks": [{"command": ["/usr/local/libexec/osu-micro-benchmarks/mpi/pt2pt/osu_latency"], "slot": "task", "count": {"per_slot": 1}}], "attributes": {"system": {"duration": 0, "cwd": "/opt", "shell": {"options": {"rlimit": {"cpu": -1, "fsize": -1, "data": -1, "stack": 10485760, "core": -1, "nofile": 65536, "as": -1, "rss": -1, "nproc": -1}, "cpu-affinity": "per-task"}}}, "user": {"study_id": "osu-latency-1-affinity-iter-6"}}, "version": 1}
START OF EVENTLOG
{"timestamp":1776650048.082305,"name":"init"}
{"timestamp":1776650048.083226,"name":"starting"}
{"timestamp":1776650048.0956702,"name":"shell.init","context":{"service":"0-shell-f9jkwgbZZ","leader-rank":3,"size":2}}
{"timestamp":1776650048.0977066,"name":"shell.start","context":{"taskmap":{"version":1,"map":[[0,2,1,1]]}}}
{"timestamp":1776650059.2501554,"name":"shell.task-exit","context":{"localid":0,"rank":1,"state":"Exited","pid":9136,"wait_status":0,"signaled":0,"exitcode":0}}
{"timestamp":1776650059.2534952,"name":"complete","context":{"status":0}}
{"timestamp":1776650059.2535138,"name":"done"}

