# OSU MPI Latency Test v7.3
# Size          Latency (us)
# Datatype: MPI_CHAR.
1                      11.28
2                      11.33
4                      11.42
8                      11.56
16                     11.69
32                     11.83
64                     12.09
128                    12.29
256                    12.33
512                    12.43
1024                   12.59
2048                   12.99
4096                   14.12
8192                   18.50
16384                  23.99
32768                  30.78
65536                  35.54
131072                 94.52
262144                119.28
524288                219.49
1048576               581.50
2097152               620.78
4194304               778.90
START OF JOBSPEC
{"resources": [{"type": "node", "count": 2, "with": [{"type": "slot", "count": 1, "with": [{"type": "core", "count": 1}], "label": "task"}]}], "tasks": [{"command": ["/usr/local/libexec/osu-micro-benchmarks/mpi/pt2pt/osu_latency"], "slot": "task", "count": {"per_slot": 1}}], "attributes": {"system": {"duration": 0, "cwd": "/opt", "shell": {"options": {"rlimit": {"cpu": -1, "fsize": -1, "data": -1, "stack": 10485760, "core": -1, "nofile": 65536, "as": -1, "rss": -1, "nproc": -1}, "cpu-affinity": "per-task"}}}, "user": {"study_id": "osu-latency-1-affinity-iter-3"}}, "version": 1}
START OF EVENTLOG
{"timestamp":1776650047.384732,"name":"init"}
{"timestamp":1776650047.3956232,"name":"shell.init","context":{"service":"0-shell-f9jT6sErs","leader-rank":3,"size":2}}
{"timestamp":1776650047.3855851,"name":"starting"}
{"timestamp":1776650047.3978839,"name":"shell.start","context":{"taskmap":{"version":1,"map":[[0,2,1,1]]}}}
{"timestamp":1776650057.1396523,"name":"shell.task-exit","context":{"localid":0,"rank":1,"state":"Exited","pid":9118,"wait_status":0,"signaled":0,"exitcode":0}}
{"timestamp":1776650057.1440141,"name":"complete","context":{"status":0}}
{"timestamp":1776650057.1440456,"name":"done"}

