# OSU MPI Latency Test v7.3
# Size          Latency (us)
# Datatype: MPI_CHAR.
1                      11.84
2                      11.99
4                      11.99
8                      12.23
16                     12.32
32                     12.38
64                     12.67
128                    14.57
256                    18.98
512                    26.63
1024                   29.21
2048                   30.73
4096                   32.41
8192                   35.85
16384                  42.57
32768                  46.42
65536                  53.52
131072                130.41
262144                142.81
524288                252.16
1048576               712.21
2097152               675.47
4194304               556.75
START OF JOBSPEC
{"resources": [{"type": "node", "count": 2, "with": [{"type": "slot", "count": 1, "with": [{"type": "core", "count": 1}], "label": "task"}]}], "tasks": [{"command": ["/usr/local/libexec/osu-micro-benchmarks/mpi/pt2pt/osu_latency"], "slot": "task", "count": {"per_slot": 1}}], "attributes": {"system": {"duration": 0, "cwd": "/opt", "shell": {"options": {"rlimit": {"cpu": -1, "fsize": -1, "data": -1, "stack": 10485760, "core": -1, "nofile": 65536, "as": -1, "rss": -1, "nproc": -1}, "cpu-affinity": "per-task"}}}, "user": {"study_id": "osu-latency-1-affinity-iter-9"}}, "version": 1}
START OF EVENTLOG
{"timestamp":1776650048.7838247,"name":"init"}
{"timestamp":1776650048.7847455,"name":"starting"}
{"timestamp":1776650048.7972836,"name":"shell.init","context":{"service":"0-shell-f9k4rwv7H","leader-rank":3,"size":2}}
{"timestamp":1776650048.7993741,"name":"shell.start","context":{"taskmap":{"version":1,"map":[[0,2,1,1]]}}}
{"timestamp":1776650060.7342515,"name":"shell.task-exit","context":{"localid":0,"rank":0,"state":"Exited","pid":9154,"wait_status":0,"signaled":0,"exitcode":0}}
{"timestamp":1776650060.7371855,"name":"complete","context":{"status":0}}
{"timestamp":1776650060.7371991,"name":"done"}

