# OSU MPI Latency Test v7.3
# Size          Latency (us)
# Datatype: MPI_CHAR.
1                      11.37
2                      11.37
4                      11.38
8                      11.82
16                     11.75
32                     12.21
64                     12.28
128                    12.33
256                    12.38
512                    12.50
1024                   12.68
2048                   14.27
4096                   18.33
8192                   29.15
16384                  38.47
32768                  41.77
65536                  46.17
131072                120.17
262144                136.97
524288                232.89
1048576               578.35
2097152               753.65
4194304               768.24
START OF JOBSPEC
{"resources": [{"type": "node", "count": 2, "with": [{"type": "slot", "count": 1, "with": [{"type": "core", "count": 1}], "label": "task"}]}], "tasks": [{"command": ["/usr/local/libexec/osu-micro-benchmarks/mpi/pt2pt/osu_latency"], "slot": "task", "count": {"per_slot": 1}}], "attributes": {"system": {"duration": 0, "cwd": "/opt", "shell": {"options": {"rlimit": {"cpu": -1, "fsize": -1, "data": -1, "stack": 10485760, "core": -1, "nofile": 65536, "as": -1, "rss": -1, "nproc": -1}}}}, "user": {"study_id": "osu-latency-1-iter-5"}}, "version": 1}
START OF EVENTLOG
{"timestamp":1776650047.7338452,"name":"init"}
{"timestamp":1776650047.7346883,"name":"starting"}
{"timestamp":1776650047.7462652,"name":"shell.init","context":{"service":"0-shell-f9jc3kuVZ","leader-rank":3,"size":2}}
{"timestamp":1776650047.7478695,"name":"shell.start","context":{"taskmap":{"version":1,"map":[[0,2,1,1]]}}}
{"timestamp":1776650058.2810616,"name":"shell.task-exit","context":{"localid":0,"rank":0,"state":"Exited","pid":9127,"wait_status":0,"signaled":0,"exitcode":0}}
{"timestamp":1776650058.2841618,"name":"complete","context":{"status":0}}
{"timestamp":1776650058.2841821,"name":"done"}

