Hello I am hostname metric-stream-job-0055-0 running setup.
Flux install root: /opt/view

🐸 Broker Configuration
[access]
allow-guest-user = true
allow-root-owner = true

# Point to resource definition generated with flux-R(1).
[resource]
path = "/mnt/flux/config/etc/flux/system/R"

[bootstrap]
curve_cert = "/mnt/flux/config/curve/curve.cert"
default_port = 8050
default_bind = "tcp://eth0:%p"
default_connect = "tcp://%h.metric-stream-job-0055.default.svc.cluster.local:%p"
hosts = [
{ host="metric-stream-job-0055-[0-1]"},
]		


[archive]
dbpath = "/mnt/flux/config/var/lib/flux/job-archive.sqlite"
period = "1m"
busytimeout = "50s"

[sched-fluxion-qmanager]
queue-policy = "fcfs"

🌟️ Curve Certificate
#   ****  Generated on 2023-04-26 22:54:42 by CZMQ  ****
#   ZeroMQ CURVE **Secret** Certificate
#   DO NOT PROVIDE THIS FILE TO OTHER USERS nor change its permissions.
    
metadata
    name = "flux-cert-generator"
    keygen.hostname = "metric-stream-job-0055-0"
curve
    public-key = "YcboceJ&-C+ka5KZwjZWm+uYZhr(5vZllh.l]T0h"
    secret-key = "3i3fY5qN93]51qqxn[Z-u?-?Vd(fRuLr*]w]^a%-"
Moving content from /opt/view to be in shared volume at /mnt/flux
Application is done.
exec /bin/bash: exec format error
