
   _  __       _         _
  | |/ /      (_)       | |
  | ' /  _ __  _  _ __  | | __ ___
  |  <  | '__|| || '_ \ | |/ // _ \ 
  | . \ | |   | || |_) ||   <|  __/
  |_|\_\|_|   |_|| .__/ |_|\_\\___|
                 | |
                 |_|        Version 1.2.4

LLNL-CODE-775068

Copyright (c) 2014-2019, Lawrence Livermore National Security, LLC

Kripke is released under the BSD 3-Clause License, please see the
LICENSE file for the full license

This work was produced under the auspices of the U.S. Department of
Energy by Lawrence Livermore National Laboratory under Contract
DE-AC52-07NA27344.

Author: Adam J. Kunen <kunen1@llnl.gov>

Compilation Options:
  Architecture:           Sequential
  Compiler:               /opt/amazon/openmpi/bin/mpicxx
  Compiler Flags:         "     -Wall -Wextra  "
  Linker Flags:           " "
  CHAI Enabled:           No
  CUDA Enabled:           No
  MPI Enabled:            Yes
  OpenMP Enabled:         No
  Caliper Enabled:        No

Input Parameters
================

  Problem Size:
    Zones:                 64 x 64 x 64  (262144 total)
    Groups:                32
    Legendre Order:        4
    Quadrature Set:        Dummy S2 with 96 points

  Physical Properties:
    Total X-Sec:           sigt=[0.100000, 0.000100, 0.100000]
    Scattering X-Sec:      sigs=[0.050000, 0.000050, 0.050000]

  Solver Options:
    Number iterations:     100

  MPI Decomposition Options:
    Total MPI tasks:       256
    Spatial decomp:        4 x 8 x 8 MPI tasks
    Block solve method:    Sweep

  Per-Task Options:
    DirSets/Directions:    8 sets, 12 directions/set
    GroupSet/Groups:       2 sets, 16 groups/set
    Zone Sets:             1 x 1 x 1
    Architecture:          Sequential
    Data Layout:           DGZ

Generating Problem
==================

  Decomposition Space:   Procs:      Subdomains (local/global):
  ---------------------  ----------  --------------------------
  (P) Energy:            1           2 / 2
  (Q) Direction:         1           8 / 8
  (R) Space:             256         1 / 256
  (Rx,Ry,Rz) R in XYZ:   4x8x8       1x1x1 / 4x8x8
  (PQR) TOTAL:           256         16 / 4096

  Material Volumes=[7.873077e+03, 1.176347e+05, 2.754492e+06]

  Memory breakdown of Field variables:
  Field Variable            Num Elements    Megabytes
  --------------            ------------    ---------
  data/sigs                        15360        0.117
  dx                                  64        0.000
  dy                                  64        0.000
  dz                                  64        0.000
  ell                               2400        0.018
  ell_plus                          2400        0.018
  i_plane                       12582912       96.000
  j_plane                       12582912       96.000
  k_plane                       12582912       96.000
  mixelem_to_fraction             267552        2.041
  phi                          209715200     1600.000
  phi_out                      209715200     1600.000
  psi                          805306368     6144.000
  quadrature/w                        96        0.001
  quadrature/xcos                     96        0.001
  quadrature/ycos                     96        0.001
  quadrature/zcos                     96        0.001
  rhs                          805306368     6144.000
  sigt_zonal                     8388608       64.000
  volume                          262144        2.000
  --------                  ------------    ---------
  TOTAL                       2076730912    15844.199

  Generation Complete!

Steady State Solve
==================

  iter 0: particle count=3.591530e+07, change=1.000000e+00
  iter 1: particle count=5.358354e+07, change=3.297326e-01
  iter 2: particle count=6.229796e+07, change=1.398830e-01
  iter 3: particle count=6.659217e+07, change=6.448523e-02
  iter 4: particle count=6.870469e+07, change=3.074787e-02
  iter 5: particle count=6.974180e+07, change=1.487070e-02
  iter 6: particle count=7.024981e+07, change=7.231446e-03
  iter 7: particle count=7.049808e+07, change=3.521628e-03
  iter 8: particle count=7.061914e+07, change=1.714278e-03
  iter 9: particle count=7.067805e+07, change=8.334688e-04
  iter 10: particle count=7.070666e+07, change=4.046134e-04
  iter 11: particle count=7.072053e+07, change=1.961155e-04
  iter 12: particle count=7.072724e+07, change=9.491403e-05
  iter 13: particle count=7.073048e+07, change=4.587144e-05
  iter 14: particle count=7.073205e+07, change=2.214114e-05
  iter 15: particle count=7.073281e+07, change=1.067470e-05
  iter 16: particle count=7.073317e+07, change=5.141123e-06
  iter 17: particle count=7.073334e+07, change=2.473726e-06
  iter 18: particle count=7.073343e+07, change=1.189259e-06
  iter 19: particle count=7.073347e+07, change=5.713046e-07
  iter 20: particle count=7.073349e+07, change=2.742568e-07
  iter 21: particle count=7.073350e+07, change=1.315749e-07
  iter 22: particle count=7.073350e+07, change=6.308701e-08
  iter 23: particle count=7.073350e+07, change=3.023285e-08
  iter 24: particle count=7.073350e+07, change=1.448148e-08
  iter 25: particle count=7.073351e+07, change=6.933529e-09
  iter 26: particle count=7.073351e+07, change=3.318388e-09
  iter 27: particle count=7.073351e+07, change=1.587527e-09
  iter 28: particle count=7.073351e+07, change=7.593148e-10
  iter 29: particle count=7.073351e+07, change=3.628376e-10
  iter 30: particle count=7.073351e+07, change=1.735321e-10
  iter 31: particle count=7.073351e+07, change=8.301345e-11
  iter 32: particle count=7.073351e+07, change=3.963769e-11
  iter 33: particle count=7.073351e+07, change=1.889634e-11
  iter 34: particle count=7.073351e+07, change=9.059701e-12
  iter 35: particle count=7.073351e+07, change=4.322239e-12
  iter 36: particle count=7.073351e+07, change=2.048940e-12
  iter 37: particle count=7.073351e+07, change=9.699073e-13
  iter 38: particle count=7.073351e+07, change=4.695750e-13
  iter 39: particle count=7.073351e+07, change=2.193035e-13
  iter 40: particle count=7.073351e+07, change=1.036478e-13
  iter 41: particle count=7.073351e+07, change=5.013856e-14
  iter 42: particle count=7.073351e+07, change=2.401595e-14
  iter 43: particle count=7.073351e+07, change=1.158664e-14
  iter 44: particle count=7.073351e+07, change=5.266656e-15
  iter 45: particle count=7.073351e+07, change=2.527995e-15
  iter 46: particle count=7.073351e+07, change=1.263997e-15
  iter 47: particle count=7.073351e+07, change=4.213325e-16
  iter 48: particle count=7.073351e+07, change=4.213325e-16
  iter 49: particle count=7.073351e+07, change=0.000000e+00
  iter 50: particle count=7.073351e+07, change=0.000000e+00
  iter 51: particle count=7.073351e+07, change=0.000000e+00
  iter 52: particle count=7.073351e+07, change=0.000000e+00
  iter 53: particle count=7.073351e+07, change=0.000000e+00
  iter 54: particle count=7.073351e+07, change=2.106662e-16
  iter 55: particle count=7.073351e+07, change=0.000000e+00
  iter 56: particle count=7.073351e+07, change=-2.106662e-16
  iter 57: particle count=7.073351e+07, change=0.000000e+00
  iter 58: particle count=7.073351e+07, change=0.000000e+00
  iter 59: particle count=7.073351e+07, change=2.106662e-16
  iter 60: particle count=7.073351e+07, change=-2.106662e-16
  iter 61: particle count=7.073351e+07, change=0.000000e+00
  iter 62: particle count=7.073351e+07, change=4.213325e-16
  iter 63: particle count=7.073351e+07, change=-2.106662e-16
  iter 64: particle count=7.073351e+07, change=-2.106662e-16
  iter 65: particle count=7.073351e+07, change=0.000000e+00
  iter 66: particle count=7.073351e+07, change=2.106662e-16
  iter 67: particle count=7.073351e+07, change=0.000000e+00
  iter 68: particle count=7.073351e+07, change=-2.106662e-16
  iter 69: particle count=7.073351e+07, change=2.106662e-16
  iter 70: particle count=7.073351e+07, change=0.000000e+00
  iter 71: particle count=7.073351e+07, change=0.000000e+00
  iter 72: particle count=7.073351e+07, change=-2.106662e-16
  iter 73: particle count=7.073351e+07, change=0.000000e+00
  iter 74: particle count=7.073351e+07, change=2.106662e-16
  iter 75: particle count=7.073351e+07, change=-2.106662e-16
  iter 76: particle count=7.073351e+07, change=0.000000e+00
  iter 77: particle count=7.073351e+07, change=0.000000e+00
  iter 78: particle count=7.073351e+07, change=2.106662e-16
  iter 79: particle count=7.073351e+07, change=-2.106662e-16
  iter 80: particle count=7.073351e+07, change=0.000000e+00
  iter 81: particle count=7.073351e+07, change=2.106662e-16
  iter 82: particle count=7.073351e+07, change=-2.106662e-16
  iter 83: particle count=7.073351e+07, change=0.000000e+00
  iter 84: particle count=7.073351e+07, change=0.000000e+00
  iter 85: particle count=7.073351e+07, change=0.000000e+00
  iter 86: particle count=7.073351e+07, change=0.000000e+00
  iter 87: particle count=7.073351e+07, change=0.000000e+00
  iter 88: particle count=7.073351e+07, change=0.000000e+00
  iter 89: particle count=7.073351e+07, change=0.000000e+00
  iter 90: particle count=7.073351e+07, change=4.213325e-16
  iter 91: particle count=7.073351e+07, change=-2.106662e-16
  iter 92: particle count=7.073351e+07, change=-2.106662e-16
  iter 93: particle count=7.073351e+07, change=0.000000e+00
  iter 94: particle count=7.073351e+07, change=2.106662e-16
  iter 95: particle count=7.073351e+07, change=-2.106662e-16
  iter 96: particle count=7.073351e+07, change=2.106662e-16
  iter 97: particle count=7.073351e+07, change=0.000000e+00
  iter 98: particle count=7.073351e+07, change=-2.106662e-16
  iter 99: particle count=7.073351e+07, change=2.106662e-16
  Solver terminated

Timers
======

  Timer                    Count       Seconds
  ----------------  ------------  ------------
  Generate                     1       0.27586
  LPlusTimes                 100      12.97965
  LTimes                     100      12.04132
  Population                 100       1.39202
  Scattering                 100       3.67860
  Solve                        1      41.12866
  Source                     100       0.01127
  SweepSolver                100      10.47311
  SweepSubdomain            1600       3.56127

TIMER_NAMES:Generate,LPlusTimes,LTimes,Population,Scattering,Solve,Source,SweepSolver,SweepSubdomain
TIMER_DATA:0.275862,12.979649,12.041321,1.392019,3.678601,41.128658,0.011269,10.473108,3.561271

Figures of Merit
================

  Throughput:         1.958018e+09 [unknowns/(second/iteration)]
  Grind time :        5.107206e-10 [(seconds/iteration)/unknowns]
  Sweep efficiency :  34.00396 [100.0 * SweepSubdomain time / SweepSolver time]
  Number of unknowns: 805306368

END
START OF JOBSPEC
{"resources": [{"type": "node", "count": 4, "with": [{"type": "slot", "count": 64, "with": [{"type": "core", "count": 1}], "label": "task"}]}], "tasks": [{"command": ["kripke", "--niter", "100", "--zones", "64,64,64", "--procs", "4,8,8"], "slot": "task", "count": {"per_slot": 1}}], "attributes": {"system": {"duration": 0, "cwd": "/opt", "shell": {"options": {"rlimit": {"cpu": -1, "fsize": -1, "data": -1, "stack": 10485760, "core": -1, "nofile": 65536, "as": -1, "rss": -1, "nproc": -1}, "cpu-affinity": "per-task"}}}, "user": {"study_id": "kripke-4-affinity-iter-2"}}, "version": 1}
START OF EVENTLOG
{"timestamp":1776646249.2501812,"name":"init"}
{"timestamp":1776646249.2513521,"name":"starting"}
{"timestamp":1776646249.2620232,"name":"shell.init","context":{"service":"0-shell-fDdxRK6jR","leader-rank":0,"size":4}}
{"timestamp":1776646249.3781979,"name":"shell.start","context":{"taskmap":{"version":1,"map":[[0,4,64,1]]}}}
{"timestamp":1776646293.3432512,"name":"shell.task-exit","context":{"localid":61,"rank":61,"state":"Exited","pid":1150,"wait_status":0,"signaled":0,"exitcode":0}}
{"timestamp":1776646293.7986143,"name":"complete","context":{"status":0}}
{"timestamp":1776646293.7986405,"name":"done"}

