Hello I am hostname metric-lammps-cpu-job-0023-0 running setup.
Flux install root: /opt/view

🐸 Broker Configuration
[access]
allow-guest-user = true
allow-root-owner = true

# Point to resource definition generated with flux-R(1).
[resource]
path = "/mnt/flux/config/etc/flux/system/R"

[bootstrap]
curve_cert = "/mnt/flux/config/curve/curve.cert"
default_port = 8050
default_bind = "tcp://eth0:%p"
default_connect = "tcp://%h.metric-lammps-cpu-job-0023.default.svc.cluster.local:%p"
hosts = [
{ host="metric-lammps-cpu-job-0023-[0-1]"},
]		


[archive]
dbpath = "/mnt/flux/config/var/lib/flux/job-archive.sqlite"
period = "1m"
busytimeout = "50s"

[sched-fluxion-qmanager]
queue-policy = "fcfs"

🌟️ Curve Certificate
#   ****  Generated on 2023-04-26 22:54:42 by CZMQ  ****
#   ZeroMQ CURVE **Secret** Certificate
#   DO NOT PROVIDE THIS FILE TO OTHER USERS nor change its permissions.
    
metadata
    name = "flux-cert-generator"
    keygen.hostname = "metric-lammps-cpu-job-0023-0"
curve
    public-key = "4925B*cvJ)eq<UzUe.bew$l#}.7/sz}hPy^ha]@f"
    secret-key = "-$-:k(+-&MX)(qDld..!}kokA&cl6fdIagXWTWdx"
Moving content from /opt/view to be in shared volume at /mnt/flux
Application is done.
exec /bin/bash: exec format error
