Running with these driver parameters:
  solver ID    = 3

  Laplacian_27pt:
    (Nx, Ny, Nz) = (270, 720, 720)
    (Px, Py, Pz) = (3, 8, 8)

=============================================
Generate Matrix:
=============================================
Spatial Operator:
  wall clock time = 1.803499 seconds
  wall MFLOPS     = 0.000000
  cpu clock time  = 1.792408 seconds
  cpu MFLOPS      = 0.000000

  RHS vector has unit components
  Initial guess is 0
=============================================
IJ Vector Setup:
=============================================
RHS and Initial Guess:
  wall clock time = 0.057214 seconds
  wall MFLOPS     = 0.000000
  cpu clock time  = 0.050188 seconds
  cpu MFLOPS      = 0.000000

=============================================
Problem 2: Cumulative AMG-GMRES Solve Time:
=============================================
GMRES Solve:
  wall clock time = 185.489419 seconds
  wall MFLOPS     = 0.000000
  cpu clock time  = 183.519881 seconds
  cpu MFLOPS      = 0.000000


No. of Time Steps = 6
Cum. No. of Iterations = 215
Final Relative Residual Norm = 6.816588e-14


nnz AP * (Iterations + time_steps) / Total Time: 

Figure of Merit (FOM_2): 4.900040e+09


