Running with these driver parameters:
  solver ID    = 3

  Laplacian_27pt:
    (Nx, Ny, Nz) = (360, 720, 720)
    (Px, Py, Pz) = (4, 8, 8)

=============================================
Generate Matrix:
=============================================
Spatial Operator:
  wall clock time = 1.668460 seconds
  wall MFLOPS     = 0.000000
  cpu clock time  = 1.658913 seconds
  cpu MFLOPS      = 0.000000

  RHS vector has unit components
  Initial guess is 0
=============================================
IJ Vector Setup:
=============================================
RHS and Initial Guess:
  wall clock time = 0.079386 seconds
  wall MFLOPS     = 0.000000
  cpu clock time  = 0.079378 seconds
  cpu MFLOPS      = 0.000000

=============================================
Problem 2: Cumulative AMG-GMRES Solve Time:
=============================================
GMRES Solve:
  wall clock time = 187.595787 seconds
  wall MFLOPS     = 0.000000
  cpu clock time  = 185.357792 seconds
  cpu MFLOPS      = 0.000000


No. of Time Steps = 6
Cum. No. of Iterations = 215
Final Relative Residual Norm = 2.031888e-13


nnz AP * (Iterations + time_steps) / Total Time: 

Figure of Merit (FOM_2): 6.464663e+09


