Running with these driver parameters:
  solver ID    = 3

  Laplacian_27pt:
    (Nx, Ny, Nz) = (360, 720, 900)
    (Px, Py, Pz) = (4, 8, 10)

=============================================
Generate Matrix:
=============================================
Spatial Operator:
  wall clock time = 1.648862 seconds
  wall MFLOPS     = 0.000000
  cpu clock time  = 1.639481 seconds
  cpu MFLOPS      = 0.000000

  RHS vector has unit components
  Initial guess is 0
=============================================
IJ Vector Setup:
=============================================
RHS and Initial Guess:
  wall clock time = 0.074859 seconds
  wall MFLOPS     = 0.000000
  cpu clock time  = 0.074775 seconds
  cpu MFLOPS      = 0.000000

=============================================
Problem 2: Cumulative AMG-GMRES Solve Time:
=============================================
GMRES Solve:
  wall clock time = 187.706119 seconds
  wall MFLOPS     = 0.000000
  cpu clock time  = 185.264890 seconds
  cpu MFLOPS      = 0.000000


No. of Time Steps = 6
Cum. No. of Iterations = 216
Final Relative Residual Norm = 1.199438e-13


nnz AP * (Iterations + time_steps) / Total Time: 

Figure of Merit (FOM_2): 8.114291e+09


