
# OSU MPI Allreduce Latency Test v7.3
# Datatype: MPI_CHAR.
# Size       Avg Latency(us)
1                     135.74
2                     137.57
4                     138.33
8                     147.46
16                    156.64
32                    141.71
64                    142.53
128                   142.29
256                   214.97
512                   153.83
1024                  149.26
2048                  188.69
4096                  298.22
8192                  298.98
16384                 338.96
32768                 364.23
65536                 525.49
131072                850.11
262144               2111.96
524288               3283.23
1048576              6948.26
START OF JOBSPEC
{"resources": [{"type": "node", "count": 4, "with": [{"type": "slot", "count": 64, "with": [{"type": "core", "count": 1}], "label": "task"}]}], "tasks": [{"command": ["/usr/local/libexec/osu-micro-benchmarks/mpi/collective/osu_allreduce"], "slot": "task", "count": {"per_slot": 1}}], "attributes": {"system": {"duration": 0, "cwd": "/opt", "shell": {"options": {"rlimit": {"cpu": -1, "fsize": -1, "data": -1, "stack": 10485760, "core": -1, "nofile": 65536, "as": -1, "rss": -1, "nproc": -1}}}}, "user": {"study_id": "osu-allreduce-4-iter-3"}}, "version": 1}
START OF EVENTLOG
{"timestamp":1776649382.5484438,"name":"init"}
{"timestamp":1776649382.5589259,"name":"shell.init","context":{"service":"0-shell-f3Q51yZa7","leader-rank":1,"size":4}}
{"timestamp":1776649382.5492723,"name":"starting"}
{"timestamp":1776649382.6418846,"name":"shell.start","context":{"taskmap":{"version":1,"map":[[0,4,64,1]]}}}
{"timestamp":1776649393.0021074,"name":"shell.task-exit","context":{"localid":62,"rank":62,"state":"Exited","pid":2001,"wait_status":0,"signaled":0,"exitcode":0}}
{"timestamp":1776649393.120537,"name":"complete","context":{"status":0}}
{"timestamp":1776649393.1205628,"name":"done"}

