
# OSU MPI Allreduce Latency Test v7.3
# Datatype: MPI_CHAR.
# Size       Avg Latency(us)
1                     133.96
2                     136.99
4                     150.87
8                     168.17
16                    170.85
32                    157.39
64                    152.95
128                   150.51
256                   145.67
512                   147.71
1024                  156.65
2048                  164.88
4096                  185.33
8192                  220.03
16384                 260.18
32768                 467.54
65536                 674.69
131072               2943.67
262144               1980.04
524288               3934.72
1048576              7590.63
START OF JOBSPEC
{"resources": [{"type": "node", "count": 3, "with": [{"type": "slot", "count": 64, "with": [{"type": "core", "count": 1}], "label": "task"}]}], "tasks": [{"command": ["/usr/local/libexec/osu-micro-benchmarks/mpi/collective/osu_allreduce"], "slot": "task", "count": {"per_slot": 1}}], "attributes": {"system": {"duration": 0, "cwd": "/opt", "shell": {"options": {"rlimit": {"cpu": -1, "fsize": -1, "data": -1, "stack": 10485760, "core": -1, "nofile": 65536, "as": -1, "rss": -1, "nproc": -1}}}}, "user": {"study_id": "osu-allreduce-3-iter-1"}}, "version": 1}
START OF EVENTLOG
{"timestamp":1776649217.606951,"name":"init"}
{"timestamp":1776649217.6081133,"name":"starting"}
{"timestamp":1776649217.6203241,"name":"shell.init","context":{"service":"0-shell-f3NEDuJBR","leader-rank":2,"size":3}}
{"timestamp":1776649217.7056015,"name":"shell.start","context":{"taskmap":{"version":1,"map":[[0,3,64,1]]}}}
{"timestamp":1776649228.0361059,"name":"shell.task-exit","context":{"localid":60,"rank":60,"state":"Exited","pid":320,"wait_status":0,"signaled":0,"exitcode":0}}
{"timestamp":1776649228.1628611,"name":"complete","context":{"status":0}}
{"timestamp":1776649228.1628819,"name":"done"}

