
# OSU MPI Allreduce Latency Test v7.3
# Datatype: MPI_CHAR.
# Size       Avg Latency(us)
1                      92.67
2                      91.20
4                      90.22
8                      95.99
16                     95.93
32                     95.32
64                     95.14
128                    95.49
256                    96.09
512                    98.56
1024                  101.88
2048                  104.42
4096                  111.25
8192                  199.59
16384                 310.73
32768                 574.29
65536                1248.75
131072               2473.07
262144               1679.23
524288               3181.66
1048576              6585.61
START OF JOBSPEC
{"resources": [{"type": "node", "count": 1, "with": [{"type": "slot", "count": 64, "with": [{"type": "core", "count": 1}], "label": "task"}]}], "tasks": [{"command": ["/usr/local/libexec/osu-micro-benchmarks/mpi/collective/osu_allreduce"], "slot": "task", "count": {"per_slot": 1}}], "attributes": {"system": {"duration": 0, "cwd": "/opt", "shell": {"options": {"rlimit": {"cpu": -1, "fsize": -1, "data": -1, "stack": 10485760, "core": -1, "nofile": 65536, "as": -1, "rss": -1, "nproc": -1}, "cpu-affinity": "per-task"}}}, "user": {"study_id": "osu-allreduce-1-affinity-iter-5"}}, "version": 1}
START OF EVENTLOG
{"timestamp":1776649497.4836938,"name":"init"}
{"timestamp":1776649497.4942296,"name":"shell.init","context":{"service":"0-shell-f3RSyNq4j","leader-rank":3,"size":1}}
{"timestamp":1776649497.4846344,"name":"starting"}
{"timestamp":1776649497.6041484,"name":"shell.start","context":{"taskmap":{"version":1,"map":[[0,1,64,1]]}}}
{"timestamp":1776649505.6352346,"name":"shell.task-exit","context":{"localid":62,"rank":62,"state":"Exited","pid":3807,"wait_status":0,"signaled":0,"exitcode":0}}
{"timestamp":1776649505.7213869,"name":"complete","context":{"status":0}}
{"timestamp":1776649505.7214003,"name":"done"}

