
# OSU MPI Allreduce Latency Test v7.3
# Datatype: MPI_CHAR.
# Size       Avg Latency(us)
1                     130.89
2                     140.69
4                     145.47
8                     146.47
16                    147.68
32                    144.36
64                    163.82
128                   144.47
256                   150.31
512                   149.81
1024                  151.07
2048                  164.50
4096                  193.85
8192                  495.23
16384                 340.50
32768                 469.45
65536                 674.14
131072               2781.83
262144               2001.47
524288               3926.89
1048576              7501.14
START OF JOBSPEC
{"resources": [{"type": "node", "count": 3, "with": [{"type": "slot", "count": 64, "with": [{"type": "core", "count": 1}], "label": "task"}]}], "tasks": [{"command": ["/usr/local/libexec/osu-micro-benchmarks/mpi/collective/osu_allreduce"], "slot": "task", "count": {"per_slot": 1}}], "attributes": {"system": {"duration": 0, "cwd": "/opt", "shell": {"options": {"rlimit": {"cpu": -1, "fsize": -1, "data": -1, "stack": 10485760, "core": -1, "nofile": 65536, "as": -1, "rss": -1, "nproc": -1}, "cpu-affinity": "per-task"}}}, "user": {"study_id": "osu-allreduce-3-affinity-iter-10"}}, "version": 1}
START OF EVENTLOG
{"timestamp":1776649872.4326255,"name":"init"}
{"timestamp":1776649872.4334767,"name":"starting"}
{"timestamp":1776649872.444391,"name":"shell.init","context":{"service":"0-shell-f3W24rQgw","leader-rank":2,"size":3}}
{"timestamp":1776649872.5566387,"name":"shell.start","context":{"taskmap":{"version":1,"map":[[0,3,64,1]]}}}
{"timestamp":1776649883.0943906,"name":"shell.task-exit","context":{"localid":54,"rank":54,"state":"Exited","pid":8564,"wait_status":0,"signaled":0,"exitcode":0}}
{"timestamp":1776649883.2135046,"name":"complete","context":{"status":0}}
{"timestamp":1776649883.2135305,"name":"done"}

