
# OSU MPI Allreduce Latency Test v7.3
# Datatype: MPI_CHAR.
# Size       Avg Latency(us)
1                     124.21
2                     127.60
4                     121.72
8                     135.93
16                    126.48
32                    132.32
64                    127.77
128                   138.22
256                   131.91
512                   132.99
1024                  136.26
2048                  141.55
4096                  154.66
8192                  194.44
16384                 241.49
32768                 423.34
65536                 641.74
131072               2933.49
262144               1654.24
524288               3225.37
1048576              6708.35
START OF JOBSPEC
{"resources": [{"type": "node", "count": 2, "with": [{"type": "slot", "count": 64, "with": [{"type": "core", "count": 1}], "label": "task"}]}], "tasks": [{"command": ["/usr/local/libexec/osu-micro-benchmarks/mpi/collective/osu_allreduce"], "slot": "task", "count": {"per_slot": 1}}], "attributes": {"system": {"duration": 0, "cwd": "/opt", "shell": {"options": {"rlimit": {"cpu": -1, "fsize": -1, "data": -1, "stack": 10485760, "core": -1, "nofile": 65536, "as": -1, "rss": -1, "nproc": -1}, "cpu-affinity": "per-task"}}}, "user": {"study_id": "osu-allreduce-2-affinity-iter-8"}}, "version": 1}
START OF EVENTLOG
{"timestamp":1776649720.9567201,"name":"init"}
{"timestamp":1776649720.9575489,"name":"starting"}
{"timestamp":1776649720.9687071,"name":"shell.init","context":{"service":"0-shell-f3URwm34B","leader-rank":1,"size":2}}
{"timestamp":1776649721.0812361,"name":"shell.start","context":{"taskmap":{"version":1,"map":[[0,2,64,1]]}}}
{"timestamp":1776649730.1307437,"name":"shell.task-exit","context":{"localid":38,"rank":102,"state":"Exited","pid":6597,"wait_status":0,"signaled":0,"exitcode":0}}
{"timestamp":1776649730.2446644,"name":"complete","context":{"status":0}}
{"timestamp":1776649730.2446938,"name":"done"}

