
# OSU MPI Allreduce Latency Test v7.3
# Datatype: MPI_CHAR.
# Size       Avg Latency(us)
1                     121.51
2                     122.57
4                     127.19
8                     142.91
16                    129.81
32                    130.77
64                    126.85
128                   127.93
256                   128.59
512                   131.33
1024                  135.39
2048                  144.28
4096                  159.18
8192                  226.72
16384                 241.41
32768                 442.57
65536                 633.52
131072               2838.12
262144               1654.92
524288               3358.15
1048576              6696.77
START OF JOBSPEC
{"resources": [{"type": "node", "count": 2, "with": [{"type": "slot", "count": 64, "with": [{"type": "core", "count": 1}], "label": "task"}]}], "tasks": [{"command": ["/usr/local/libexec/osu-micro-benchmarks/mpi/collective/osu_allreduce"], "slot": "task", "count": {"per_slot": 1}}], "attributes": {"system": {"duration": 0, "cwd": "/opt", "shell": {"options": {"rlimit": {"cpu": -1, "fsize": -1, "data": -1, "stack": 10485760, "core": -1, "nofile": 65536, "as": -1, "rss": -1, "nproc": -1}, "cpu-affinity": "per-task"}}}, "user": {"study_id": "osu-allreduce-2-affinity-iter-2"}}, "version": 1}
START OF EVENTLOG
{"timestamp":1776649290.0441809,"name":"init"}
{"timestamp":1776649290.0457792,"name":"starting"}
{"timestamp":1776649290.0572243,"name":"shell.init","context":{"service":"0-shell-f3P2wzfKm","leader-rank":1,"size":2}}
{"timestamp":1776649290.168489,"name":"shell.start","context":{"taskmap":{"version":1,"map":[[0,2,64,1]]}}}
{"timestamp":1776649299.2302084,"name":"shell.task-exit","context":{"localid":34,"rank":98,"state":"Exited","pid":1171,"wait_status":0,"signaled":0,"exitcode":0}}
{"timestamp":1776649299.3153858,"name":"complete","context":{"status":0}}
{"timestamp":1776649299.3154142,"name":"done"}

