
# OSU MPI Allreduce Latency Test v7.3
# Datatype: MPI_CHAR.
# Size       Avg Latency(us)
1                      90.63
2                      90.80
4                      90.37
8                      94.37
16                     97.31
32                     95.67
64                     98.53
128                    95.89
256                    98.71
512                    97.60
1024                   99.93
2048                  103.80
4096                  111.63
8192                  198.37
16384                 313.78
32768                 569.33
65536                1240.32
131072               2500.96
262144               1701.11
524288               3164.06
1048576              6522.85
START OF JOBSPEC
{"resources": [{"type": "node", "count": 1, "with": [{"type": "slot", "count": 64, "with": [{"type": "core", "count": 1}], "label": "task"}]}], "tasks": [{"command": ["/usr/local/libexec/osu-micro-benchmarks/mpi/collective/osu_allreduce"], "slot": "task", "count": {"per_slot": 1}}], "attributes": {"system": {"duration": 0, "cwd": "/opt", "shell": {"options": {"rlimit": {"cpu": -1, "fsize": -1, "data": -1, "stack": 10485760, "core": -1, "nofile": 65536, "as": -1, "rss": -1, "nproc": -1}}}}, "user": {"study_id": "osu-allreduce-1-iter-3"}}, "version": 1}
START OF EVENTLOG
{"timestamp":1776649352.5568249,"name":"init"}
{"timestamp":1776649352.5691016,"name":"shell.init","context":{"service":"0-shell-f3PctpDZh","leader-rank":4,"size":1}}
{"timestamp":1776649352.5586395,"name":"starting"}
{"timestamp":1776649352.6509175,"name":"shell.start","context":{"taskmap":{"version":1,"map":[[0,1,64,1]]}}}
{"timestamp":1776649360.6058114,"name":"shell.task-exit","context":{"localid":61,"rank":61,"state":"Exited","pid":1999,"wait_status":0,"signaled":0,"exitcode":0}}
{"timestamp":1776649360.7022052,"name":"complete","context":{"status":0}}
{"timestamp":1776649360.7022352,"name":"done"}

