
# OSU MPI Allreduce Latency Test v7.3
# Datatype: MPI_CHAR.
# Size       Avg Latency(us)
1                     263.13
2                     251.32
4                     259.67
8                     284.24
16                    279.75
32                    419.20
64                    229.02
128                   271.27
256                   267.99
512                   271.37
1024                  332.73
2048                  342.04
4096                  338.80
8192                  397.31
16384                 407.70
32768                 529.39
65536                1039.50
131072               3389.54
262144               2919.43
524288               5184.82
1048576             10538.51
START OF JOBSPEC
{"resources": [{"type": "node", "count": 2, "with": [{"type": "slot", "count": 64, "with": [{"type": "core", "count": 1}], "label": "task"}]}], "tasks": [{"command": ["/usr/local/libexec/osu-micro-benchmarks/mpi/collective/osu_allreduce"], "slot": "task", "count": {"per_slot": 1}}], "attributes": {"system": {"duration": 0, "cwd": "/opt", "shell": {"options": {"rlimit": {"cpu": -1, "fsize": -1, "data": -1, "stack": 10485760, "core": -1, "nofile": 65536, "as": -1, "rss": -1, "nproc": -1}}}}, "user": {"study_id": "osu-allreduce-2-iter-1"}}, "version": 1}
START OF EVENTLOG
{"timestamp":1776649209.4758866,"name":"init"}
{"timestamp":1776649209.4862549,"name":"shell.init","context":{"service":"0-shell-f3NBESkD5","leader-rank":0,"size":2}}
{"timestamp":1776649209.4763625,"name":"starting"}
{"timestamp":1776649209.5672476,"name":"shell.start","context":{"taskmap":{"version":1,"map":[[0,2,64,1]]}}}
{"timestamp":1776649224.1632526,"name":"shell.task-exit","context":{"localid":58,"rank":58,"state":"Exited","pid":262,"wait_status":0,"signaled":0,"exitcode":0}}
{"timestamp":1776649224.2476294,"name":"complete","context":{"status":0}}
{"timestamp":1776649224.2476542,"name":"done"}

