
# OSU MPI Allreduce Latency Test v7.3
# Datatype: MPI_CHAR.
# Size       Avg Latency(us)
1                      92.46
2                      93.38
4                      90.42
8                      95.51
16                     95.30
32                     95.12
64                     95.03
128                    98.86
256                    96.83
512                    97.29
1024                   99.97
2048                  102.74
4096                  112.57
8192                  197.68
16384                 312.81
32768                 568.29
65536                1263.77
131072               2455.41
262144               1671.94
524288               3128.82
1048576              6538.00
START OF JOBSPEC
{"resources": [{"type": "node", "count": 1, "with": [{"type": "slot", "count": 64, "with": [{"type": "core", "count": 1}], "label": "task"}]}], "tasks": [{"command": ["/usr/local/libexec/osu-micro-benchmarks/mpi/collective/osu_allreduce"], "slot": "task", "count": {"per_slot": 1}}], "attributes": {"system": {"duration": 0, "cwd": "/opt", "shell": {"options": {"rlimit": {"cpu": -1, "fsize": -1, "data": -1, "stack": 10485760, "core": -1, "nofile": 65536, "as": -1, "rss": -1, "nproc": -1}}}}, "user": {"study_id": "osu-allreduce-1-iter-10"}}, "version": 1}
START OF EVENTLOG
{"timestamp":1776649853.7652075,"name":"init"}
{"timestamp":1776649853.7770603,"name":"shell.init","context":{"service":"0-shell-f3VXva3RH","leader-rank":4,"size":1}}
{"timestamp":1776649853.7670243,"name":"starting"}
{"timestamp":1776649853.8575177,"name":"shell.start","context":{"taskmap":{"version":1,"map":[[0,1,64,1]]}}}
{"timestamp":1776649861.8150387,"name":"shell.task-exit","context":{"localid":63,"rank":63,"state":"Exited","pid":8324,"wait_status":0,"signaled":0,"exitcode":0}}
{"timestamp":1776649861.9100387,"name":"complete","context":{"status":0}}
{"timestamp":1776649861.9100676,"name":"done"}

