
# OSU MPI Allreduce Latency Test v7.3
# Datatype: MPI_CHAR.
# Size       Avg Latency(us)
1                      95.89
2                      91.23
4                      90.37
8                      94.58
16                     95.08
32                     94.96
64                     95.37
128                    95.77
256                    97.79
512                    97.16
1024                  102.97
2048                  105.82
4096                  115.07
8192                  198.16
16384                 313.56
32768                 566.75
65536                1257.12
131072               2479.63
262144               1669.18
524288               3149.55
1048576              6544.75
START OF JOBSPEC
{"resources": [{"type": "node", "count": 1, "with": [{"type": "slot", "count": 64, "with": [{"type": "core", "count": 1}], "label": "task"}]}], "tasks": [{"command": ["/usr/local/libexec/osu-micro-benchmarks/mpi/collective/osu_allreduce"], "slot": "task", "count": {"per_slot": 1}}], "attributes": {"system": {"duration": 0, "cwd": "/opt", "shell": {"options": {"rlimit": {"cpu": -1, "fsize": -1, "data": -1, "stack": 10485760, "core": -1, "nofile": 65536, "as": -1, "rss": -1, "nproc": -1}}}}, "user": {"study_id": "osu-allreduce-1-iter-8"}}, "version": 1}
START OF EVENTLOG
{"timestamp":1776649711.7312748,"name":"init"}
{"timestamp":1776649711.7434967,"name":"shell.init","context":{"service":"0-shell-f3U33Q8ZD","leader-rank":4,"size":1}}
{"timestamp":1776649711.7330971,"name":"starting"}
{"timestamp":1776649711.8258836,"name":"shell.start","context":{"taskmap":{"version":1,"map":[[0,1,64,1]]}}}
{"timestamp":1776649719.8623509,"name":"shell.task-exit","context":{"localid":59,"rank":59,"state":"Exited","pid":6510,"wait_status":0,"signaled":0,"exitcode":0}}
{"timestamp":1776649719.9608552,"name":"complete","context":{"status":0}}
{"timestamp":1776649719.9608843,"name":"done"}

