
# OSU MPI Allreduce Latency Test v7.3
# Datatype: MPI_CHAR.
# Size       Avg Latency(us)
1                     123.57
2                     128.49
4                     122.15
8                     127.74
16                    127.42
32                    142.25
64                    131.47
128                   143.93
256                   133.58
512                   132.33
1024                  133.47
2048                  141.16
4096                  156.04
8192                  209.23
16384                 243.12
32768                 422.89
65536                 637.88
131072               2855.48
262144               1654.65
524288               3237.22
1048576              6738.14
START OF JOBSPEC
{"resources": [{"type": "node", "count": 2, "with": [{"type": "slot", "count": 64, "with": [{"type": "core", "count": 1}], "label": "task"}]}], "tasks": [{"command": ["/usr/local/libexec/osu-micro-benchmarks/mpi/collective/osu_allreduce"], "slot": "task", "count": {"per_slot": 1}}], "attributes": {"system": {"duration": 0, "cwd": "/opt", "shell": {"options": {"rlimit": {"cpu": -1, "fsize": -1, "data": -1, "stack": 10485760, "core": -1, "nofile": 65536, "as": -1, "rss": -1, "nproc": -1}}}}, "user": {"study_id": "osu-allreduce-2-iter-8"}}, "version": 1}
START OF EVENTLOG
{"timestamp":1776649711.7333255,"name":"init"}
{"timestamp":1776649711.7342758,"name":"starting"}
{"timestamp":1776649711.7451155,"name":"shell.init","context":{"service":"0-shell-f3UKwMwq9","leader-rank":1,"size":2}}
{"timestamp":1776649711.829546,"name":"shell.start","context":{"taskmap":{"version":1,"map":[[0,2,64,1]]}}}
{"timestamp":1776649720.8683929,"name":"shell.task-exit","context":{"localid":58,"rank":58,"state":"Exited","pid":5605,"wait_status":0,"signaled":0,"exitcode":0}}
{"timestamp":1776649720.9522395,"name":"complete","context":{"status":0}}
{"timestamp":1776649720.9522667,"name":"done"}

