
# OSU MPI Allreduce Latency Test v7.3
# Datatype: MPI_CHAR.
# Size       Avg Latency(us)
1                     136.52
2                     128.02
4                     134.26
8                     149.15
16                    141.62
32                    156.91
64                    134.99
128                   148.95
256                   133.22
512                   145.96
1024                  141.44
2048                  159.42
4096                  289.50
8192                  301.32
16384                 317.96
32768                 390.23
65536                 622.01
131072               1028.38
262144               1991.27
524288               3824.02
1048576              7536.66
START OF JOBSPEC
{"resources": [{"type": "node", "count": 5, "with": [{"type": "slot", "count": 64, "with": [{"type": "core", "count": 1}], "label": "task"}]}], "tasks": [{"command": ["/usr/local/libexec/osu-micro-benchmarks/mpi/collective/osu_allreduce"], "slot": "task", "count": {"per_slot": 1}}], "attributes": {"system": {"duration": 0, "cwd": "/opt", "shell": {"options": {"rlimit": {"cpu": -1, "fsize": -1, "data": -1, "stack": 10485760, "core": -1, "nofile": 65536, "as": -1, "rss": -1, "nproc": -1}}}}, "user": {"study_id": "osu-allreduce-5-iter-5"}}, "version": 1}
START OF EVENTLOG
{"timestamp":1776649537.8654428,"name":"init"}
{"timestamp":1776649537.875963,"name":"shell.init","context":{"service":"0-shell-f3S1SD6xf","leader-rank":0,"size":5}}
{"timestamp":1776649537.8662965,"name":"starting"}
{"timestamp":1776649537.9586489,"name":"shell.start","context":{"taskmap":{"version":1,"map":[[0,5,64,1]]}}}
{"timestamp":1776649548.3713977,"name":"shell.task-exit","context":{"localid":61,"rank":189,"state":"Exited","pid":4321,"wait_status":0,"signaled":0,"exitcode":0}}
{"timestamp":1776649548.4904549,"name":"complete","context":{"status":0}}
{"timestamp":1776649548.4904785,"name":"done"}

