
# OSU MPI Allreduce Latency Test v7.3
# Datatype: MPI_CHAR.
# Size       Avg Latency(us)
1                     134.19
2                     125.61
4                     128.77
8                     131.89
16                    137.45
32                    139.27
64                    136.76
128                   135.09
256                   132.57
512                   168.40
1024                  144.12
2048                  149.30
4096                  285.48
8192                  296.12
16384                 323.45
32768                 384.62
65536                 564.23
131072               1019.85
262144               1989.52
524288               3919.34
1048576              7635.23
START OF JOBSPEC
{"resources": [{"type": "node", "count": 5, "with": [{"type": "slot", "count": 64, "with": [{"type": "core", "count": 1}], "label": "task"}]}], "tasks": [{"command": ["/usr/local/libexec/osu-micro-benchmarks/mpi/collective/osu_allreduce"], "slot": "task", "count": {"per_slot": 1}}], "attributes": {"system": {"duration": 0, "cwd": "/opt", "shell": {"options": {"rlimit": {"cpu": -1, "fsize": -1, "data": -1, "stack": 10485760, "core": -1, "nofile": 65536, "as": -1, "rss": -1, "nproc": -1}}}}, "user": {"study_id": "osu-allreduce-5-iter-1"}}, "version": 1}
START OF EVENTLOG
{"timestamp":1776649249.6065853,"name":"init"}
{"timestamp":1776649249.6074283,"name":"starting"}
{"timestamp":1776649249.7040026,"name":"shell.init","context":{"service":"0-shell-f3NWxyBmH","leader-rank":0,"size":5}}
{"timestamp":1776649249.7865531,"name":"shell.start","context":{"taskmap":{"version":1,"map":[[0,5,64,1]]}}}
{"timestamp":1776649260.0350266,"name":"shell.task-exit","context":{"localid":61,"rank":189,"state":"Exited","pid":709,"wait_status":0,"signaled":0,"exitcode":0}}
{"timestamp":1776649260.1509156,"name":"complete","context":{"status":0}}
{"timestamp":1776649260.1509352,"name":"done"}

