
# OSU MPI Allreduce Latency Test v7.3
# Datatype: MPI_CHAR.
# Size       Avg Latency(us)
1                     137.09
2                     123.89
4                     126.07
8                     139.07
16                    193.79
32                    374.13
64                    410.24
128                   170.56
256                   134.07
512                   133.13
1024                  138.18
2048                  143.65
4096                  291.97
8192                  393.57
16384                 336.68
32768                 427.71
65536                 621.17
131072               1028.56
262144               2052.43
524288               3859.86
1048576              9608.52
START OF JOBSPEC
{"resources": [{"type": "node", "count": 5, "with": [{"type": "slot", "count": 64, "with": [{"type": "core", "count": 1}], "label": "task"}]}], "tasks": [{"command": ["/usr/local/libexec/osu-micro-benchmarks/mpi/collective/osu_allreduce"], "slot": "task", "count": {"per_slot": 1}}], "attributes": {"system": {"duration": 0, "cwd": "/opt", "shell": {"options": {"rlimit": {"cpu": -1, "fsize": -1, "data": -1, "stack": 10485760, "core": -1, "nofile": 65536, "as": -1, "rss": -1, "nproc": -1}}}}, "user": {"study_id": "osu-allreduce-5-iter-3"}}, "version": 1}
START OF EVENTLOG
{"timestamp":1776649393.1266999,"name":"init"}
{"timestamp":1776649393.1275754,"name":"starting"}
{"timestamp":1776649393.1955729,"name":"shell.init","context":{"service":"0-shell-f3Q84Q679","leader-rank":0,"size":5}}
{"timestamp":1776649393.2785273,"name":"shell.start","context":{"taskmap":{"version":1,"map":[[0,5,64,1]]}}}
{"timestamp":1776649405.2308989,"name":"shell.task-exit","context":{"localid":37,"rank":101,"state":"Exited","pid":2080,"wait_status":0,"signaled":0,"exitcode":0}}
{"timestamp":1776649405.3899865,"name":"complete","context":{"status":0}}
{"timestamp":1776649405.3900127,"name":"done"}

