
# OSU MPI Allreduce Latency Test v7.3
# Datatype: MPI_CHAR.
# Size       Avg Latency(us)
1                     148.91
2                     122.85
4                     124.99
8                     126.93
16                    128.66
32                    129.13
64                    128.43
128                   127.88
256                   130.41
512                   134.16
1024                  139.64
2048                  176.30
4096                  165.03
8192                  198.72
16384                 241.91
32768                 424.19
65536                 635.36
131072               2855.66
262144               1650.94
524288               3254.34
1048576              6753.38
START OF JOBSPEC
{"resources": [{"type": "node", "count": 2, "with": [{"type": "slot", "count": 64, "with": [{"type": "core", "count": 1}], "label": "task"}]}], "tasks": [{"command": ["/usr/local/libexec/osu-micro-benchmarks/mpi/collective/osu_allreduce"], "slot": "task", "count": {"per_slot": 1}}], "attributes": {"system": {"duration": 0, "cwd": "/opt", "shell": {"options": {"rlimit": {"cpu": -1, "fsize": -1, "data": -1, "stack": 10485760, "core": -1, "nofile": 65536, "as": -1, "rss": -1, "nproc": -1}}}}, "user": {"study_id": "osu-allreduce-2-iter-4"}}, "version": 1}
START OF EVENTLOG
{"timestamp":1776649425.627425,"name":"init"}
{"timestamp":1776649425.6378071,"name":"shell.init","context":{"service":"0-shell-f3Qbttbzf","leader-rank":1,"size":2}}
{"timestamp":1776649425.6282504,"name":"starting"}
{"timestamp":1776649425.7206886,"name":"shell.start","context":{"taskmap":{"version":1,"map":[[0,2,64,1]]}}}
{"timestamp":1776649434.8514662,"name":"shell.task-exit","context":{"localid":38,"rank":102,"state":"Exited","pid":2856,"wait_status":0,"signaled":0,"exitcode":0}}
{"timestamp":1776649434.9469142,"name":"complete","context":{"status":0}}
{"timestamp":1776649434.9469433,"name":"done"}

