
# OSU MPI Allreduce Latency Test v7.3
# Datatype: MPI_CHAR.
# Size       Avg Latency(us)
1                     143.87
2                     140.27
4                     136.53
8                     189.77
16                    157.18
32                    141.04
64                    143.30
128                   449.70
256                   148.76
512                   272.07
1024                  222.43
2048                  157.12
4096                  288.05
8192                  287.54
16384                 312.34
32768                 363.51
65536                 509.10
131072                852.03
262144               1739.06
524288               3254.72
1048576              6699.87
START OF JOBSPEC
{"resources": [{"type": "node", "count": 4, "with": [{"type": "slot", "count": 64, "with": [{"type": "core", "count": 1}], "label": "task"}]}], "tasks": [{"command": ["/usr/local/libexec/osu-micro-benchmarks/mpi/collective/osu_allreduce"], "slot": "task", "count": {"per_slot": 1}}], "attributes": {"system": {"duration": 0, "cwd": "/opt", "shell": {"options": {"rlimit": {"cpu": -1, "fsize": -1, "data": -1, "stack": 10485760, "core": -1, "nofile": 65536, "as": -1, "rss": -1, "nproc": -1}}}}, "user": {"study_id": "osu-allreduce-4-iter-1"}}, "version": 1}
START OF EVENTLOG
{"timestamp":1776649238.4664114,"name":"init"}
{"timestamp":1776649238.4672427,"name":"starting"}
{"timestamp":1776649238.4774814,"name":"shell.init","context":{"service":"0-shell-f3NTmejYB","leader-rank":1,"size":4}}
{"timestamp":1776649238.5604692,"name":"shell.start","context":{"taskmap":{"version":1,"map":[[0,4,64,1]]}}}
{"timestamp":1776649249.4860554,"name":"shell.task-exit","context":{"localid":60,"rank":60,"state":"Exited","pid":449,"wait_status":0,"signaled":0,"exitcode":0}}
{"timestamp":1776649249.6005111,"name":"complete","context":{"status":0}}
{"timestamp":1776649249.600538,"name":"done"}

