
# OSU MPI Allreduce Latency Test v7.3
# Datatype: MPI_CHAR.
# Size       Avg Latency(us)
1                     129.59
2                     125.61
4                     132.30
8                     129.70
16                    211.36
32                    273.94
64                    131.18
128                   130.93
256                   129.95
512                   149.02
1024                  162.30
2048                  151.55
4096                  278.63
8192                  284.24
16384                 316.25
32768                 383.92
65536                 660.38
131072               1047.35
262144               2267.02
524288               5203.23
1048576              7899.73
START OF JOBSPEC
{"resources": [{"type": "node", "count": 5, "with": [{"type": "slot", "count": 64, "with": [{"type": "core", "count": 1}], "label": "task"}]}], "tasks": [{"command": ["/usr/local/libexec/osu-micro-benchmarks/mpi/collective/osu_allreduce"], "slot": "task", "count": {"per_slot": 1}}], "attributes": {"system": {"duration": 0, "cwd": "/opt", "shell": {"options": {"rlimit": {"cpu": -1, "fsize": -1, "data": -1, "stack": 10485760, "core": -1, "nofile": 65536, "as": -1, "rss": -1, "nproc": -1}, "cpu-affinity": "per-task"}}}, "user": {"study_id": "osu-allreduce-5-affinity-iter-9"}}, "version": 1}
START OF EVENTLOG
{"timestamp":1776649842.7848902,"name":"init"}
{"timestamp":1776649842.7857556,"name":"starting"}
{"timestamp":1776649842.8240623,"name":"shell.init","context":{"service":"0-shell-f3VRvAxCF","leader-rank":0,"size":5}}
{"timestamp":1776649842.9365518,"name":"shell.start","context":{"taskmap":{"version":1,"map":[[0,5,64,1]]}}}
{"timestamp":1776649853.6449368,"name":"shell.task-exit","context":{"localid":61,"rank":189,"state":"Exited","pid":8191,"wait_status":0,"signaled":0,"exitcode":0}}
{"timestamp":1776649853.7598097,"name":"complete","context":{"status":0}}
{"timestamp":1776649853.7598381,"name":"done"}

