
# OSU MPI Allreduce Latency Test v7.3
# Datatype: MPI_CHAR.
# Size       Avg Latency(us)
1                      99.64
2                      96.48
4                     106.48
8                      96.22
16                     95.20
32                     95.97
64                     95.05
128                    96.53
256                    96.91
512                    97.63
1024                  100.67
2048                  103.88
4096                  111.13
8192                  196.36
16384                 309.68
32768                 566.83
65536                1250.20
131072               2468.86
262144               1721.20
524288               3165.84
1048576              6543.21
START OF JOBSPEC
{"resources": [{"type": "node", "count": 1, "with": [{"type": "slot", "count": 64, "with": [{"type": "core", "count": 1}], "label": "task"}]}], "tasks": [{"command": ["/usr/local/libexec/osu-micro-benchmarks/mpi/collective/osu_allreduce"], "slot": "task", "count": {"per_slot": 1}}], "attributes": {"system": {"duration": 0, "cwd": "/opt", "shell": {"options": {"rlimit": {"cpu": -1, "fsize": -1, "data": -1, "stack": 10485760, "core": -1, "nofile": 65536, "as": -1, "rss": -1, "nproc": -1}, "cpu-affinity": "per-task"}}}, "user": {"study_id": "osu-allreduce-1-affinity-iter-1"}}, "version": 1}
START OF EVENTLOG
{"timestamp":1776649209.3601477,"name":"init"}
{"timestamp":1776649209.3706744,"name":"shell.init","context":{"service":"0-shell-f3N8HxAoR","leader-rank":2,"size":1}}
{"timestamp":1776649209.3605912,"name":"starting"}
{"timestamp":1776649209.4815326,"name":"shell.start","context":{"taskmap":{"version":1,"map":[[0,1,64,1]]}}}
{"timestamp":1776649217.5101123,"name":"shell.task-exit","context":{"localid":61,"rank":61,"state":"Exited","pid":193,"wait_status":0,"signaled":0,"exitcode":0}}
{"timestamp":1776649217.6005299,"name":"complete","context":{"status":0}}
{"timestamp":1776649217.6005502,"name":"done"}

