
# OSU MPI Allreduce Latency Test v7.3
# Datatype: MPI_CHAR.
# Size       Avg Latency(us)
1                     128.03
2                     122.54
4                     122.34
8                     131.89
16                    136.45
32                    133.18
64                    133.81
128                   130.10
256                   134.33
512                   132.00
1024                  143.04
2048                  140.18
4096                  161.63
8192                  206.34
16384                 242.92
32768                 423.45
65536                 634.67
131072               2847.48
262144               1655.56
524288               3219.96
1048576              6735.46
START OF JOBSPEC
{"resources": [{"type": "node", "count": 2, "with": [{"type": "slot", "count": 64, "with": [{"type": "core", "count": 1}], "label": "task"}]}], "tasks": [{"command": ["/usr/local/libexec/osu-micro-benchmarks/mpi/collective/osu_allreduce"], "slot": "task", "count": {"per_slot": 1}}], "attributes": {"system": {"duration": 0, "cwd": "/opt", "shell": {"options": {"rlimit": {"cpu": -1, "fsize": -1, "data": -1, "stack": 10485760, "core": -1, "nofile": 65536, "as": -1, "rss": -1, "nproc": -1}}}}, "user": {"study_id": "osu-allreduce-2-iter-5"}}, "version": 1}
START OF EVENTLOG
{"timestamp":1776649497.4846852,"name":"init"}
{"timestamp":1776649497.4855363,"name":"starting"}
{"timestamp":1776649497.4957645,"name":"shell.init","context":{"service":"0-shell-f3RYrMyt3","leader-rank":1,"size":2}}
{"timestamp":1776649497.5771899,"name":"shell.start","context":{"taskmap":{"version":1,"map":[[0,2,64,1]]}}}
{"timestamp":1776649506.7025857,"name":"shell.task-exit","context":{"localid":38,"rank":102,"state":"Exited","pid":3759,"wait_status":0,"signaled":0,"exitcode":0}}
{"timestamp":1776649506.8158991,"name":"complete","context":{"status":0}}
{"timestamp":1776649506.8159328,"name":"done"}

