
# OSU MPI Allreduce Latency Test v7.3
# Datatype: MPI_CHAR.
# Size       Avg Latency(us)
1                     131.73
2                     126.37
4                     126.67
8                     131.91
16                    128.68
32                    128.05
64                    128.38
128                   129.49
256                   133.00
512                   142.00
1024                  135.39
2048                  144.44
4096                  156.79
8192                  194.03
16384                 242.58
32768                 428.54
65536                 634.57
131072               2832.07
262144               1681.92
524288               3234.92
1048576              6724.16
START OF JOBSPEC
{"resources": [{"type": "node", "count": 2, "with": [{"type": "slot", "count": 64, "with": [{"type": "core", "count": 1}], "label": "task"}]}], "tasks": [{"command": ["/usr/local/libexec/osu-micro-benchmarks/mpi/collective/osu_allreduce"], "slot": "task", "count": {"per_slot": 1}}], "attributes": {"system": {"duration": 0, "cwd": "/opt", "shell": {"options": {"rlimit": {"cpu": -1, "fsize": -1, "data": -1, "stack": 10485760, "core": -1, "nofile": 65536, "as": -1, "rss": -1, "nproc": -1}}}}, "user": {"study_id": "osu-allreduce-2-iter-2"}}, "version": 1}
START OF EVENTLOG
{"timestamp":1776649280.690918,"name":"init"}
{"timestamp":1776649280.7013752,"name":"shell.init","context":{"service":"0-shell-f3Nqw1zs9","leader-rank":1,"size":2}}
{"timestamp":1776649280.6917355,"name":"starting"}
{"timestamp":1776649280.7841313,"name":"shell.start","context":{"taskmap":{"version":1,"map":[[0,2,64,1]]}}}
{"timestamp":1776649289.9450402,"name":"shell.task-exit","context":{"localid":58,"rank":58,"state":"Exited","pid":961,"wait_status":0,"signaled":0,"exitcode":0}}
{"timestamp":1776649290.0357752,"name":"complete","context":{"status":0}}
{"timestamp":1776649290.0358074,"name":"done"}

