
# OSU MPI Allreduce Latency Test v7.3
# Datatype: MPI_CHAR.
# Size       Avg Latency(us)
1                     150.14
2                     143.82
4                     139.00
8                     143.14
16                    145.67
32                    145.74
64                    151.70
128                   154.25
256                   149.87
512                   147.68
1024                  150.38
2048                  164.88
4096                  174.66
8192                  217.16
16384                 259.22
32768                 464.76
65536                 672.75
131072               2770.74
262144               1968.14
524288               3926.41
1048576              7413.93
START OF JOBSPEC
{"resources": [{"type": "node", "count": 3, "with": [{"type": "slot", "count": 64, "with": [{"type": "core", "count": 1}], "label": "task"}]}], "tasks": [{"command": ["/usr/local/libexec/osu-micro-benchmarks/mpi/collective/osu_allreduce"], "slot": "task", "count": {"per_slot": 1}}], "attributes": {"system": {"duration": 0, "cwd": "/opt", "shell": {"options": {"rlimit": {"cpu": -1, "fsize": -1, "data": -1, "stack": 10485760, "core": -1, "nofile": 65536, "as": -1, "rss": -1, "nproc": -1}, "cpu-affinity": "per-task"}}}, "user": {"study_id": "osu-allreduce-3-affinity-iter-2"}}, "version": 1}
START OF EVENTLOG
{"timestamp":1776649299.5091114,"name":"init"}
{"timestamp":1776649299.5197358,"name":"shell.init","context":{"service":"0-shell-f3P92qiPq","leader-rank":2,"size":3}}
{"timestamp":1776649299.5099521,"name":"starting"}
{"timestamp":1776649299.6345968,"name":"shell.start","context":{"taskmap":{"version":1,"map":[[0,3,64,1]]}}}
{"timestamp":1776649309.6432378,"name":"shell.task-exit","context":{"localid":54,"rank":54,"state":"Exited","pid":1340,"wait_status":0,"signaled":0,"exitcode":0}}
{"timestamp":1776649309.7679942,"name":"complete","context":{"status":0}}
{"timestamp":1776649309.7680221,"name":"done"}

