
# OSU MPI Allreduce Latency Test v7.3
# Datatype: MPI_CHAR.
# Size       Avg Latency(us)
1                     136.16
2                     150.77
4                     136.81
8                     151.55
16                    148.44
32                    151.95
64                    146.05
128                   150.03
256                   156.45
512                   146.57
1024                  153.26
2048                  156.74
4096                  185.55
8192                  216.76
16384                 260.27
32768                 466.64
65536                 676.32
131072               2784.18
262144               1947.92
524288               3960.51
1048576              7410.48
START OF JOBSPEC
{"resources": [{"type": "node", "count": 3, "with": [{"type": "slot", "count": 64, "with": [{"type": "core", "count": 1}], "label": "task"}]}], "tasks": [{"command": ["/usr/local/libexec/osu-micro-benchmarks/mpi/collective/osu_allreduce"], "slot": "task", "count": {"per_slot": 1}}], "attributes": {"system": {"duration": 0, "cwd": "/opt", "shell": {"options": {"rlimit": {"cpu": -1, "fsize": -1, "data": -1, "stack": 10485760, "core": -1, "nofile": 65536, "as": -1, "rss": -1, "nproc": -1}}}}, "user": {"study_id": "osu-allreduce-3-iter-8"}}, "version": 1}
START OF EVENTLOG
{"timestamp":1776649720.0406134,"name":"init"}
{"timestamp":1776649720.0512774,"name":"shell.init","context":{"service":"0-shell-f3UNuLWX9","leader-rank":0,"size":3}}
{"timestamp":1776649720.0414422,"name":"starting"}
{"timestamp":1776649720.1340747,"name":"shell.start","context":{"taskmap":{"version":1,"map":[[0,3,64,1]]}}}
{"timestamp":1776649730.6438251,"name":"shell.task-exit","context":{"localid":62,"rank":62,"state":"Exited","pid":3207,"wait_status":0,"signaled":0,"exitcode":0}}
{"timestamp":1776649730.759295,"name":"complete","context":{"status":0}}
{"timestamp":1776649730.7593179,"name":"done"}

