
# OSU MPI Allreduce Latency Test v7.3
# Datatype: MPI_CHAR.
# Size       Avg Latency(us)
1                      90.77
2                      91.19
4                      90.88
8                      99.46
16                     98.52
32                    101.02
64                     97.25
128                    97.61
256                    97.13
512                    99.01
1024                  102.21
2048                  103.99
4096                  110.46
8192                  197.81
16384                 311.85
32768                 573.57
65536                1236.46
131072               2460.28
262144               1671.85
524288               3163.04
1048576              6499.43
START OF JOBSPEC
{"resources": [{"type": "node", "count": 1, "with": [{"type": "slot", "count": 64, "with": [{"type": "core", "count": 1}], "label": "task"}]}], "tasks": [{"command": ["/usr/local/libexec/osu-micro-benchmarks/mpi/collective/osu_allreduce"], "slot": "task", "count": {"per_slot": 1}}], "attributes": {"system": {"duration": 0, "cwd": "/opt", "shell": {"options": {"rlimit": {"cpu": -1, "fsize": -1, "data": -1, "stack": 10485760, "core": -1, "nofile": 65536, "as": -1, "rss": -1, "nproc": -1}}}}, "user": {"study_id": "osu-allreduce-1-iter-7"}}, "version": 1}
START OF EVENTLOG
{"timestamp":1776649640.4488311,"name":"init"}
{"timestamp":1776649640.4602871,"name":"shell.init","context":{"service":"0-shell-f3T4dRTcB","leader-rank":4,"size":1}}
{"timestamp":1776649640.4506912,"name":"starting"}
{"timestamp":1776649640.542778,"name":"shell.start","context":{"taskmap":{"version":1,"map":[[0,1,64,1]]}}}
{"timestamp":1776649648.5171556,"name":"shell.task-exit","context":{"localid":62,"rank":62,"state":"Exited","pid":5613,"wait_status":0,"signaled":0,"exitcode":0}}
{"timestamp":1776649648.6047416,"name":"complete","context":{"status":0}}
{"timestamp":1776649648.6047695,"name":"done"}

