
# OSU MPI Allreduce Latency Test v7.3
# Datatype: MPI_CHAR.
# Size       Avg Latency(us)
1                      94.83
2                      96.71
4                     108.95
8                      96.34
16                     95.59
32                     94.88
64                     95.28
128                    95.57
256                    96.15
512                   100.13
1024                  105.83
2048                  107.46
4096                  112.20
8192                  197.65
16384                 311.96
32768                 568.31
65536                1254.24
131072               2471.13
262144               1761.59
524288               3144.86
1048576              6540.90
START OF JOBSPEC
{"resources": [{"type": "node", "count": 1, "with": [{"type": "slot", "count": 64, "with": [{"type": "core", "count": 1}], "label": "task"}]}], "tasks": [{"command": ["/usr/local/libexec/osu-micro-benchmarks/mpi/collective/osu_allreduce"], "slot": "task", "count": {"per_slot": 1}}], "attributes": {"system": {"duration": 0, "cwd": "/opt", "shell": {"options": {"rlimit": {"cpu": -1, "fsize": -1, "data": -1, "stack": 10485760, "core": -1, "nofile": 65536, "as": -1, "rss": -1, "nproc": -1}, "cpu-affinity": "per-task"}}}, "user": {"study_id": "osu-allreduce-1-affinity-iter-8"}}, "version": 1}
START OF EVENTLOG
{"timestamp":1776649711.7323148,"name":"init"}
{"timestamp":1776649711.7436957,"name":"shell.init","context":{"service":"0-shell-f3UGyPP99","leader-rank":3,"size":1}}
{"timestamp":1776649711.7332747,"name":"starting"}
{"timestamp":1776649711.8568895,"name":"shell.start","context":{"taskmap":{"version":1,"map":[[0,1,64,1]]}}}
{"timestamp":1776649719.9504304,"name":"shell.task-exit","context":{"localid":59,"rank":59,"state":"Exited","pid":6510,"wait_status":0,"signaled":0,"exitcode":0}}
{"timestamp":1776649720.0362141,"name":"complete","context":{"status":0}}
{"timestamp":1776649720.0362327,"name":"done"}

