
# OSU MPI Allreduce Latency Test v7.3
# Datatype: MPI_CHAR.
# Size       Avg Latency(us)
1                     129.86
2                     126.47
4                     125.16
8                     134.40
16                    134.84
32                    136.49
64                    142.98
128                   145.91
256                   132.39
512                   131.96
1024                  137.45
2048                  147.40
4096                  283.63
8192                  341.22
16384                 331.21
32768                 384.88
65536                 569.87
131072               1007.35
262144               2000.11
524288               3822.70
1048576              7793.20
START OF JOBSPEC
{"resources": [{"type": "node", "count": 5, "with": [{"type": "slot", "count": 64, "with": [{"type": "core", "count": 1}], "label": "task"}]}], "tasks": [{"command": ["/usr/local/libexec/osu-micro-benchmarks/mpi/collective/osu_allreduce"], "slot": "task", "count": {"per_slot": 1}}], "attributes": {"system": {"duration": 0, "cwd": "/opt", "shell": {"options": {"rlimit": {"cpu": -1, "fsize": -1, "data": -1, "stack": 10485760, "core": -1, "nofile": 65536, "as": -1, "rss": -1, "nproc": -1}, "cpu-affinity": "per-task"}}}, "user": {"study_id": "osu-allreduce-5-affinity-iter-8"}}, "version": 1}
START OF EVENTLOG
{"timestamp":1776649772.0020285,"name":"init"}
{"timestamp":1776649772.0029123,"name":"starting"}
{"timestamp":1776649772.0137439,"name":"shell.init","context":{"service":"0-shell-f3UgsZodZ","leader-rank":0,"size":5}}
{"timestamp":1776649772.1351476,"name":"shell.start","context":{"taskmap":{"version":1,"map":[[0,5,64,1]]}}}
{"timestamp":1776649782.0131128,"name":"shell.task-exit","context":{"localid":63,"rank":63,"state":"Exited","pid":3468,"wait_status":0,"signaled":0,"exitcode":0}}
{"timestamp":1776649782.1549134,"name":"complete","context":{"status":0}}
{"timestamp":1776649782.1549385,"name":"done"}

