
# OSU MPI Allreduce Latency Test v7.3
# Datatype: MPI_CHAR.
# Size       Avg Latency(us)
1                     123.67
2                     127.22
4                     133.28
8                     133.82
16                    130.90
32                    131.69
64                    132.24
128                   146.97
256                   140.41
512                   161.89
1024                  139.40
2048                  151.06
4096                  294.94
8192                  302.06
16384                 317.46
32768                 477.71
65536                 562.82
131072               1025.34
262144               1984.33
524288               3919.28
1048576              7570.81
START OF JOBSPEC
{"resources": [{"type": "node", "count": 5, "with": [{"type": "slot", "count": 64, "with": [{"type": "core", "count": 1}], "label": "task"}]}], "tasks": [{"command": ["/usr/local/libexec/osu-micro-benchmarks/mpi/collective/osu_allreduce"], "slot": "task", "count": {"per_slot": 1}}], "attributes": {"system": {"duration": 0, "cwd": "/opt", "shell": {"options": {"rlimit": {"cpu": -1, "fsize": -1, "data": -1, "stack": 10485760, "core": -1, "nofile": 65536, "as": -1, "rss": -1, "nproc": -1}}}}, "user": {"study_id": "osu-allreduce-5-iter-4"}}, "version": 1}
START OF EVENTLOG
{"timestamp":1776649465.7866232,"name":"init"}
{"timestamp":1776649465.787488,"name":"starting"}
{"timestamp":1776649465.7981484,"name":"shell.init","context":{"service":"0-shell-f3R5ks7AX","leader-rank":0,"size":5}}
{"timestamp":1776649465.8825197,"name":"shell.start","context":{"taskmap":{"version":1,"map":[[0,5,64,1]]}}}
{"timestamp":1776649476.4036701,"name":"shell.task-exit","context":{"localid":62,"rank":190,"state":"Exited","pid":3420,"wait_status":0,"signaled":0,"exitcode":0}}
{"timestamp":1776649476.5386381,"name":"complete","context":{"status":0}}
{"timestamp":1776649476.5386634,"name":"done"}

