
# OSU MPI Allreduce Latency Test v7.3
# Datatype: MPI_CHAR.
# Size       Avg Latency(us)
1                     123.90
2                     140.32
4                     125.13
8                     130.94
16                    127.72
32                    138.19
64                    127.99
128                   129.65
256                   129.75
512                   133.14
1024                  159.08
2048                  358.19
4096                  154.74
8192                  195.72
16384                 244.83
32768                 441.43
65536                 653.28
131072               2855.53
262144               1676.03
524288               3283.18
1048576              6745.81
START OF JOBSPEC
{"resources": [{"type": "node", "count": 2, "with": [{"type": "slot", "count": 64, "with": [{"type": "core", "count": 1}], "label": "task"}]}], "tasks": [{"command": ["/usr/local/libexec/osu-micro-benchmarks/mpi/collective/osu_allreduce"], "slot": "task", "count": {"per_slot": 1}}], "attributes": {"system": {"duration": 0, "cwd": "/opt", "shell": {"options": {"rlimit": {"cpu": -1, "fsize": -1, "data": -1, "stack": 10485760, "core": -1, "nofile": 65536, "as": -1, "rss": -1, "nproc": -1}}}}, "user": {"study_id": "osu-allreduce-2-iter-7"}}, "version": 1}
START OF EVENTLOG
{"timestamp":1776649640.4509153,"name":"init"}
{"timestamp":1776649640.4613647,"name":"shell.init","context":{"service":"0-shell-f3TGYHgvs","leader-rank":1,"size":2}}
{"timestamp":1776649640.4517479,"name":"starting"}
{"timestamp":1776649640.5436521,"name":"shell.start","context":{"taskmap":{"version":1,"map":[[0,2,64,1]]}}}
{"timestamp":1776649650.1008852,"name":"shell.task-exit","context":{"localid":38,"rank":102,"state":"Exited","pid":5565,"wait_status":0,"signaled":0,"exitcode":0}}
{"timestamp":1776649650.1883929,"name":"complete","context":{"status":0}}
{"timestamp":1776649650.188417,"name":"done"}

