
# OSU MPI Allreduce Latency Test v7.3
# Datatype: MPI_CHAR.
# Size       Avg Latency(us)
1                     124.32
2                     123.19
4                     126.95
8                     129.81
16                    143.54
32                    140.08
64                    132.05
128                   135.08
256                   142.20
512                   135.44
1024                  142.41
2048                  147.66
4096                  301.15
8192                  304.31
16384                 335.65
32768                 386.55
65536                 563.89
131072               1067.71
262144               2286.31
524288               3891.23
1048576              7666.56
START OF JOBSPEC
{"resources": [{"type": "node", "count": 5, "with": [{"type": "slot", "count": 64, "with": [{"type": "core", "count": 1}], "label": "task"}]}], "tasks": [{"command": ["/usr/local/libexec/osu-micro-benchmarks/mpi/collective/osu_allreduce"], "slot": "task", "count": {"per_slot": 1}}], "attributes": {"system": {"duration": 0, "cwd": "/opt", "shell": {"options": {"rlimit": {"cpu": -1, "fsize": -1, "data": -1, "stack": 10485760, "core": -1, "nofile": 65536, "as": -1, "rss": -1, "nproc": -1}}}}, "user": {"study_id": "osu-allreduce-5-iter-10"}}, "version": 1}
START OF EVENTLOG
{"timestamp":1776649893.8295116,"name":"init"}
{"timestamp":1776649893.8399005,"name":"shell.init","context":{"service":"0-shell-f3WDoLj3D","leader-rank":0,"size":5}}
{"timestamp":1776649893.8303633,"name":"starting"}
{"timestamp":1776649893.9213095,"name":"shell.start","context":{"taskmap":{"version":1,"map":[[0,5,64,1]]}}}
{"timestamp":1776649904.2644088,"name":"shell.task-exit","context":{"localid":35,"rank":99,"state":"Exited","pid":7494,"wait_status":0,"signaled":0,"exitcode":0}}
{"timestamp":1776649904.3820429,"name":"complete","context":{"status":0}}
{"timestamp":1776649904.3820677,"name":"done"}

