
# OSU MPI Allreduce Latency Test v7.3
# Datatype: MPI_CHAR.
# Size       Avg Latency(us)
1                      91.53
2                      91.03
4                      91.38
8                      94.69
16                    100.07
32                     96.62
64                     97.73
128                    97.74
256                    96.12
512                   112.36
1024                   99.50
2048                  103.92
4096                  112.74
8192                  198.84
16384                 310.66
32768                 575.05
65536                1278.28
131072               2508.61
262144               1696.43
524288               3177.83
1048576              6542.48
START OF JOBSPEC
{"resources": [{"type": "node", "count": 1, "with": [{"type": "slot", "count": 64, "with": [{"type": "core", "count": 1}], "label": "task"}]}], "tasks": [{"command": ["/usr/local/libexec/osu-micro-benchmarks/mpi/collective/osu_allreduce"], "slot": "task", "count": {"per_slot": 1}}], "attributes": {"system": {"duration": 0, "cwd": "/opt", "shell": {"options": {"rlimit": {"cpu": -1, "fsize": -1, "data": -1, "stack": 10485760, "core": -1, "nofile": 65536, "as": -1, "rss": -1, "nproc": -1}}}}, "user": {"study_id": "osu-allreduce-1-iter-5"}}, "version": 1}
START OF EVENTLOG
{"timestamp":1776649497.4826827,"name":"init"}
{"timestamp":1776649497.4844685,"name":"starting"}
{"timestamp":1776649497.4950275,"name":"shell.init","context":{"service":"0-shell-f3RNNX4Lf","leader-rank":4,"size":1}}
{"timestamp":1776649497.5767844,"name":"shell.start","context":{"taskmap":{"version":1,"map":[[0,1,64,1]]}}}
{"timestamp":1776649505.612263,"name":"shell.task-exit","context":{"localid":62,"rank":62,"state":"Exited","pid":3807,"wait_status":0,"signaled":0,"exitcode":0}}
{"timestamp":1776649505.7077742,"name":"complete","context":{"status":0}}
{"timestamp":1776649505.7078023,"name":"done"}

