
# OSU MPI Allreduce Latency Test v7.3
# Datatype: MPI_CHAR.
# Size       Avg Latency(us)
1                     100.13
2                      90.83
4                      92.44
8                      95.77
16                     94.92
32                     97.94
64                     98.80
128                    97.74
256                    99.45
512                   100.43
1024                   99.84
2048                  103.73
4096                  123.84
8192                  197.84
16384                 311.58
32768                 569.20
65536                1254.99
131072               2493.09
262144               1670.18
524288               3148.38
1048576              6558.62
START OF JOBSPEC
{"resources": [{"type": "node", "count": 1, "with": [{"type": "slot", "count": 64, "with": [{"type": "core", "count": 1}], "label": "task"}]}], "tasks": [{"command": ["/usr/local/libexec/osu-micro-benchmarks/mpi/collective/osu_allreduce"], "slot": "task", "count": {"per_slot": 1}}], "attributes": {"system": {"duration": 0, "cwd": "/opt", "shell": {"options": {"rlimit": {"cpu": -1, "fsize": -1, "data": -1, "stack": 10485760, "core": -1, "nofile": 65536, "as": -1, "rss": -1, "nproc": -1}, "cpu-affinity": "per-task"}}}, "user": {"study_id": "osu-allreduce-1-affinity-iter-7"}}, "version": 1}
START OF EVENTLOG
{"timestamp":1776649640.4498856,"name":"init"}
{"timestamp":1776649640.4604328,"name":"shell.init","context":{"service":"0-shell-f3TAZNazB","leader-rank":3,"size":1}}
{"timestamp":1776649640.4508619,"name":"starting"}
{"timestamp":1776649640.5709686,"name":"shell.start","context":{"taskmap":{"version":1,"map":[[0,1,64,1]]}}}
{"timestamp":1776649648.616199,"name":"shell.task-exit","context":{"localid":63,"rank":63,"state":"Exited","pid":5615,"wait_status":0,"signaled":0,"exitcode":0}}
{"timestamp":1776649648.6945829,"name":"complete","context":{"status":0}}
{"timestamp":1776649648.6945972,"name":"done"}

