
# OSU MPI Allreduce Latency Test v7.3
# Datatype: MPI_CHAR.
# Size       Avg Latency(us)
1                     136.22
2                     135.97
4                     136.91
8                     144.12
16                    147.94
32                    147.19
64                    145.88
128                   143.69
256                   145.59
512                   159.99
1024                  156.72
2048                  160.80
4096                  291.53
8192                  309.59
16384                 343.76
32768                 364.34
65536                 508.31
131072                849.01
262144               1733.93
524288               3273.24
1048576              7037.88
START OF JOBSPEC
{"resources": [{"type": "node", "count": 4, "with": [{"type": "slot", "count": 64, "with": [{"type": "core", "count": 1}], "label": "task"}]}], "tasks": [{"command": ["/usr/local/libexec/osu-micro-benchmarks/mpi/collective/osu_allreduce"], "slot": "task", "count": {"per_slot": 1}}], "attributes": {"system": {"duration": 0, "cwd": "/opt", "shell": {"options": {"rlimit": {"cpu": -1, "fsize": -1, "data": -1, "stack": 10485760, "core": -1, "nofile": 65536, "as": -1, "rss": -1, "nproc": -1}, "cpu-affinity": "per-task"}}}, "user": {"study_id": "osu-allreduce-4-affinity-iter-2"}}, "version": 1}
START OF EVENTLOG
{"timestamp":1776649331.8971686,"name":"init"}
{"timestamp":1776649331.9080582,"name":"shell.init","context":{"service":"0-shell-f3PSBdQVD","leader-rank":1,"size":4}}
{"timestamp":1776649331.8980517,"name":"starting"}
{"timestamp":1776649332.0201015,"name":"shell.start","context":{"taskmap":{"version":1,"map":[[0,4,64,1]]}}}
{"timestamp":1776649341.8172023,"name":"shell.task-exit","context":{"localid":62,"rank":62,"state":"Exited","pid":1485,"wait_status":0,"signaled":0,"exitcode":0}}
{"timestamp":1776649341.9277656,"name":"complete","context":{"status":0}}
{"timestamp":1776649341.9277945,"name":"done"}

