
# OSU MPI Allreduce Latency Test v7.3
# Datatype: MPI_CHAR.
# Size       Avg Latency(us)
1                     121.57
2                     128.88
4                     131.57
8                     132.71
16                    131.59
32                    127.72
64                    131.87
128                   132.58
256                   141.40
512                   131.17
1024                  134.92
2048                  141.29
4096                  154.77
8192                  194.81
16384                 243.05
32768                 425.45
65536                 642.97
131072               2813.43
262144               1657.57
524288               3222.74
1048576              6734.45
START OF JOBSPEC
{"resources": [{"type": "node", "count": 2, "with": [{"type": "slot", "count": 64, "with": [{"type": "core", "count": 1}], "label": "task"}]}], "tasks": [{"command": ["/usr/local/libexec/osu-micro-benchmarks/mpi/collective/osu_allreduce"], "slot": "task", "count": {"per_slot": 1}}], "attributes": {"system": {"duration": 0, "cwd": "/opt", "shell": {"options": {"rlimit": {"cpu": -1, "fsize": -1, "data": -1, "stack": 10485760, "core": -1, "nofile": 65536, "as": -1, "rss": -1, "nproc": -1}}}}, "user": {"study_id": "osu-allreduce-2-iter-6"}}, "version": 1}
START OF EVENTLOG
{"timestamp":1776649569.1682744,"name":"init"}
{"timestamp":1776649569.1786695,"name":"shell.init","context":{"service":"0-shell-f3SPmxHG3","leader-rank":1,"size":2}}
{"timestamp":1776649569.1691017,"name":"starting"}
{"timestamp":1776649569.2611132,"name":"shell.start","context":{"taskmap":{"version":1,"map":[[0,2,64,1]]}}}
{"timestamp":1776649578.4294071,"name":"shell.task-exit","context":{"localid":36,"rank":100,"state":"Exited","pid":4658,"wait_status":0,"signaled":0,"exitcode":0}}
{"timestamp":1776649578.5098858,"name":"complete","context":{"status":0}}
{"timestamp":1776649578.5099216,"name":"done"}

