
# OSU MPI Allreduce Latency Test v7.3
# Datatype: MPI_CHAR.
# Size       Avg Latency(us)
1                     140.09
2                     153.98
4                     140.00
8                     147.35
16                    147.40
32                    159.67
64                    146.30
128                   147.82
256                   147.75
512                   145.84
1024                  179.34
2048                  159.26
4096                  174.42
8192                  230.64
16384                 261.04
32768                 477.21
65536                 669.13
131072               2745.56
262144               1977.42
524288               3945.79
1048576              7504.47
START OF JOBSPEC
{"resources": [{"type": "node", "count": 3, "with": [{"type": "slot", "count": 64, "with": [{"type": "core", "count": 1}], "label": "task"}]}], "tasks": [{"command": ["/usr/local/libexec/osu-micro-benchmarks/mpi/collective/osu_allreduce"], "slot": "task", "count": {"per_slot": 1}}], "attributes": {"system": {"duration": 0, "cwd": "/opt", "shell": {"options": {"rlimit": {"cpu": -1, "fsize": -1, "data": -1, "stack": 10485760, "core": -1, "nofile": 65536, "as": -1, "rss": -1, "nproc": -1}}}}, "user": {"study_id": "osu-allreduce-3-iter-10"}}, "version": 1}
START OF EVENTLOG
{"timestamp":1776649861.9787242,"name":"init"}
{"timestamp":1776649861.9888697,"name":"shell.init","context":{"service":"0-shell-f3Vpr1qyZ","leader-rank":0,"size":3}}
{"timestamp":1776649861.9795294,"name":"starting"}
{"timestamp":1776649862.0728569,"name":"shell.start","context":{"taskmap":{"version":1,"map":[[0,3,64,1]]}}}
{"timestamp":1776649872.3203683,"name":"shell.task-exit","context":{"localid":58,"rank":58,"state":"Exited","pid":3974,"wait_status":0,"signaled":0,"exitcode":0}}
{"timestamp":1776649872.4277673,"name":"complete","context":{"status":0}}
{"timestamp":1776649872.4277911,"name":"done"}

