
# OSU MPI Allreduce Latency Test v7.3
# Datatype: MPI_CHAR.
# Size       Avg Latency(us)
1                     127.42
2                     129.24
4                     128.68
8                     135.56
16                    138.67
32                    132.67
64                    156.64
128                   135.09
256                   141.85
512                   139.69
1024                  141.41
2048                  150.27
4096                  307.95
8192                  314.46
16384                 316.42
32768                 384.15
65536                 569.60
131072               1038.28
262144               2050.85
524288               3823.90
1048576              7704.81
START OF JOBSPEC
{"resources": [{"type": "node", "count": 5, "with": [{"type": "slot", "count": 64, "with": [{"type": "core", "count": 1}], "label": "task"}]}], "tasks": [{"command": ["/usr/local/libexec/osu-micro-benchmarks/mpi/collective/osu_allreduce"], "slot": "task", "count": {"per_slot": 1}}], "attributes": {"system": {"duration": 0, "cwd": "/opt", "shell": {"options": {"rlimit": {"cpu": -1, "fsize": -1, "data": -1, "stack": 10485760, "core": -1, "nofile": 65536, "as": -1, "rss": -1, "nproc": -1}, "cpu-affinity": "per-task"}}}, "user": {"study_id": "osu-allreduce-5-affinity-iter-10"}}, "version": 1}
START OF EVENTLOG
{"timestamp":1776649914.5267146,"name":"init"}
{"timestamp":1776649914.5374682,"name":"shell.init","context":{"service":"0-shell-f3WQzhJUF","leader-rank":0,"size":5}}
{"timestamp":1776649914.5275702,"name":"starting"}
{"timestamp":1776649914.650449,"name":"shell.start","context":{"taskmap":{"version":1,"map":[[0,5,64,1]]}}}
{"timestamp":1776649924.5442922,"name":"shell.task-exit","context":{"localid":63,"rank":191,"state":"Exited","pid":9098,"wait_status":0,"signaled":0,"exitcode":0}}
{"timestamp":1776649924.6715505,"name":"complete","context":{"status":0}}
{"timestamp":1776649924.6715736,"name":"done"}

