
# OSU MPI Allreduce Latency Test v7.3
# Datatype: MPI_CHAR.
# Size       Avg Latency(us)
1                     135.32
2                     147.25
4                     139.97
8                     149.40
16                    146.67
32                    145.89
64                    149.57
128                   147.82
256                   150.93
512                   153.15
1024                  152.62
2048                  161.61
4096                  172.10
8192                  223.69
16384                 258.51
32768                 505.97
65536                 675.76
131072               2780.05
262144               1953.16
524288               3974.72
1048576              7542.11
START OF JOBSPEC
{"resources": [{"type": "node", "count": 3, "with": [{"type": "slot", "count": 64, "with": [{"type": "core", "count": 1}], "label": "task"}]}], "tasks": [{"command": ["/usr/local/libexec/osu-micro-benchmarks/mpi/collective/osu_allreduce"], "slot": "task", "count": {"per_slot": 1}}], "attributes": {"system": {"duration": 0, "cwd": "/opt", "shell": {"options": {"rlimit": {"cpu": -1, "fsize": -1, "data": -1, "stack": 10485760, "core": -1, "nofile": 65536, "as": -1, "rss": -1, "nproc": -1}, "cpu-affinity": "per-task"}}}, "user": {"study_id": "osu-allreduce-3-affinity-iter-8"}}, "version": 1}
START OF EVENTLOG
{"timestamp":1776649730.7645588,"name":"init"}
{"timestamp":1776649730.7750931,"name":"shell.init","context":{"service":"0-shell-f3UUujbkB","leader-rank":2,"size":3}}
{"timestamp":1776649730.7654111,"name":"starting"}
{"timestamp":1776649730.8889227,"name":"shell.start","context":{"taskmap":{"version":1,"map":[[0,3,64,1]]}}}
{"timestamp":1776649740.9038513,"name":"shell.task-exit","context":{"localid":58,"rank":58,"state":"Exited","pid":6766,"wait_status":0,"signaled":0,"exitcode":0}}
{"timestamp":1776649741.0275307,"name":"complete","context":{"status":0}}
{"timestamp":1776649741.0275574,"name":"done"}

