
# OSU MPI Allreduce Latency Test v7.3
# Datatype: MPI_CHAR.
# Size       Avg Latency(us)
1                     127.93
2                     159.16
4                     138.25
8                     140.76
16                    145.57
32                    151.10
64                    129.36
128                   141.09
256                   131.81
512                   131.95
1024                  140.62
2048                  150.08
4096                  279.34
8192                  298.72
16384                 353.68
32768                 399.65
65536                 563.39
131072               1198.05
262144               1975.24
524288               3853.10
1048576              7610.36
START OF JOBSPEC
{"resources": [{"type": "node", "count": 5, "with": [{"type": "slot", "count": 64, "with": [{"type": "core", "count": 1}], "label": "task"}]}], "tasks": [{"command": ["/usr/local/libexec/osu-micro-benchmarks/mpi/collective/osu_allreduce"], "slot": "task", "count": {"per_slot": 1}}], "attributes": {"system": {"duration": 0, "cwd": "/opt", "shell": {"options": {"rlimit": {"cpu": -1, "fsize": -1, "data": -1, "stack": 10485760, "core": -1, "nofile": 65536, "as": -1, "rss": -1, "nproc": -1}}}}, "user": {"study_id": "osu-allreduce-5-iter-9"}}, "version": 1}
START OF EVENTLOG
{"timestamp":1776649821.5300841,"name":"init"}
{"timestamp":1776649821.530983,"name":"starting"}
{"timestamp":1776649821.5410392,"name":"shell.init","context":{"service":"0-shell-f3VFZjy4b","leader-rank":0,"size":5}}
{"timestamp":1776649821.625638,"name":"shell.start","context":{"taskmap":{"version":1,"map":[[0,5,64,1]]}}}
{"timestamp":1776649832.0304253,"name":"shell.task-exit","context":{"localid":63,"rank":191,"state":"Exited","pid":7937,"wait_status":0,"signaled":0,"exitcode":0}}
{"timestamp":1776649832.1414587,"name":"complete","context":{"status":0}}
{"timestamp":1776649832.1414814,"name":"done"}

