
# OSU MPI Allreduce Latency Test v7.3
# Datatype: MPI_CHAR.
# Size       Avg Latency(us)
1                     136.26
2                     168.90
4                     145.69
8                     146.80
16                    149.64
32                    147.37
64                    148.74
128                   147.06
256                   157.96
512                   154.40
1024                  152.07
2048                  171.59
4096                  190.48
8192                  221.17
16384                 259.44
32768                 466.51
65536                 680.70
131072               2777.26
262144               2031.05
524288               3907.58
1048576              7413.98
START OF JOBSPEC
{"resources": [{"type": "node", "count": 3, "with": [{"type": "slot", "count": 64, "with": [{"type": "core", "count": 1}], "label": "task"}]}], "tasks": [{"command": ["/usr/local/libexec/osu-micro-benchmarks/mpi/collective/osu_allreduce"], "slot": "task", "count": {"per_slot": 1}}], "attributes": {"system": {"duration": 0, "cwd": "/opt", "shell": {"options": {"rlimit": {"cpu": -1, "fsize": -1, "data": -1, "stack": 10485760, "core": -1, "nofile": 65536, "as": -1, "rss": -1, "nproc": -1}}}}, "user": {"study_id": "osu-allreduce-3-iter-5"}}, "version": 1}
START OF EVENTLOG
{"timestamp":1776649505.7260053,"name":"init"}
{"timestamp":1776649505.7363222,"name":"shell.init","context":{"service":"0-shell-f3RejM8hM","leader-rank":0,"size":3}}
{"timestamp":1776649505.7268195,"name":"starting"}
{"timestamp":1776649505.8189559,"name":"shell.start","context":{"taskmap":{"version":1,"map":[[0,3,64,1]]}}}
{"timestamp":1776649516.2569945,"name":"shell.task-exit","context":{"localid":60,"rank":60,"state":"Exited","pid":2041,"wait_status":0,"signaled":0,"exitcode":0}}
{"timestamp":1776649516.3616824,"name":"complete","context":{"status":0}}
{"timestamp":1776649516.3617077,"name":"done"}

