
# OSU MPI Allreduce Latency Test v7.3
# Datatype: MPI_CHAR.
# Size       Avg Latency(us)
1                     140.17
2                     142.87
4                     141.79
8                     157.91
16                    141.05
32                    172.26
64                    146.09
128                   145.68
256                   146.20
512                   145.05
1024                  161.06
2048                  158.58
4096                  296.88
8192                  345.69
16384                 330.23
32768                 364.22
65536                 541.44
131072                857.55
262144               1740.82
524288               3291.35
1048576              6730.29
START OF JOBSPEC
{"resources": [{"type": "node", "count": 4, "with": [{"type": "slot", "count": 64, "with": [{"type": "core", "count": 1}], "label": "task"}]}], "tasks": [{"command": ["/usr/local/libexec/osu-micro-benchmarks/mpi/collective/osu_allreduce"], "slot": "task", "count": {"per_slot": 1}}], "attributes": {"system": {"duration": 0, "cwd": "/opt", "shell": {"options": {"rlimit": {"cpu": -1, "fsize": -1, "data": -1, "stack": 10485760, "core": -1, "nofile": 65536, "as": -1, "rss": -1, "nproc": -1}}}}, "user": {"study_id": "osu-allreduce-4-iter-10"}}, "version": 1}
START OF EVENTLOG
{"timestamp":1776649883.2184899,"name":"init"}
{"timestamp":1776649883.2289717,"name":"shell.init","context":{"service":"0-shell-f3W7h1ggo","leader-rank":1,"size":4}}
{"timestamp":1776649883.219321,"name":"starting"}
{"timestamp":1776649883.3114185,"name":"shell.start","context":{"taskmap":{"version":1,"map":[[0,4,64,1]]}}}
{"timestamp":1776649893.6992159,"name":"shell.task-exit","context":{"localid":35,"rank":99,"state":"Exited","pid":8654,"wait_status":0,"signaled":0,"exitcode":0}}
{"timestamp":1776649893.8239083,"name":"complete","context":{"status":0}}
{"timestamp":1776649893.8239343,"name":"done"}

