
# OSU MPI Allreduce Latency Test v7.3
# Datatype: MPI_CHAR.
# Size       Avg Latency(us)
1                     132.10
2                     156.20
4                     137.73
8                     148.99
16                    148.91
32                    147.85
64                    183.99
128                   152.81
256                   147.38
512                   148.11
1024                  157.21
2048                  160.92
4096                  173.78
8192                  218.16
16384                 266.31
32768                 473.56
65536                 679.12
131072               2771.16
262144               1969.79
524288               3941.21
1048576              7467.73
START OF JOBSPEC
{"resources": [{"type": "node", "count": 3, "with": [{"type": "slot", "count": 64, "with": [{"type": "core", "count": 1}], "label": "task"}]}], "tasks": [{"command": ["/usr/local/libexec/osu-micro-benchmarks/mpi/collective/osu_allreduce"], "slot": "task", "count": {"per_slot": 1}}], "attributes": {"system": {"duration": 0, "cwd": "/opt", "shell": {"options": {"rlimit": {"cpu": -1, "fsize": -1, "data": -1, "stack": 10485760, "core": -1, "nofile": 65536, "as": -1, "rss": -1, "nproc": -1}}}}, "user": {"study_id": "osu-allreduce-3-iter-9"}}, "version": 1}
START OF EVENTLOG
{"timestamp":1776649790.3559113,"name":"init"}
{"timestamp":1776649790.3665717,"name":"shell.init","context":{"service":"0-shell-f3UzguB3u","leader-rank":0,"size":3}}
{"timestamp":1776649790.3567216,"name":"starting"}
{"timestamp":1776649790.4488821,"name":"shell.start","context":{"taskmap":{"version":1,"map":[[0,3,64,1]]}}}
{"timestamp":1776649800.7902999,"name":"shell.task-exit","context":{"localid":60,"rank":60,"state":"Exited","pid":3591,"wait_status":0,"signaled":0,"exitcode":0}}
{"timestamp":1776649800.9011788,"name":"complete","context":{"status":0}}
{"timestamp":1776649800.9012063,"name":"done"}

