
# OSU MPI Allreduce Latency Test v7.3
# Datatype: MPI_CHAR.
# Size       Avg Latency(us)
1                     121.02
2                     124.93
4                     141.14
8                     132.78
16                    127.39
32                    133.11
64                    128.38
128                   128.80
256                   133.04
512                   132.27
1024                  134.14
2048                  141.20
4096                  155.16
8192                  196.69
16384                 242.41
32768                 425.98
65536                 637.46
131072               2877.19
262144               1670.16
524288               3232.21
1048576              6840.31
START OF JOBSPEC
{"resources": [{"type": "node", "count": 2, "with": [{"type": "slot", "count": 64, "with": [{"type": "core", "count": 1}], "label": "task"}]}], "tasks": [{"command": ["/usr/local/libexec/osu-micro-benchmarks/mpi/collective/osu_allreduce"], "slot": "task", "count": {"per_slot": 1}}], "attributes": {"system": {"duration": 0, "cwd": "/opt", "shell": {"options": {"rlimit": {"cpu": -1, "fsize": -1, "data": -1, "stack": 10485760, "core": -1, "nofile": 65536, "as": -1, "rss": -1, "nproc": -1}}}}, "user": {"study_id": "osu-allreduce-2-iter-10"}}, "version": 1}
START OF EVENTLOG
{"timestamp":1776649853.767231,"name":"init"}
{"timestamp":1776649853.7680399,"name":"starting"}
{"timestamp":1776649853.7779315,"name":"shell.init","context":{"service":"0-shell-f3VjFLZG3","leader-rank":1,"size":2}}
{"timestamp":1776649853.8600707,"name":"shell.start","context":{"taskmap":{"version":1,"map":[[0,2,64,1]]}}}
{"timestamp":1776649862.9879115,"name":"shell.task-exit","context":{"localid":34,"rank":98,"state":"Exited","pid":8266,"wait_status":0,"signaled":0,"exitcode":0}}
{"timestamp":1776649863.0797071,"name":"complete","context":{"status":0}}
{"timestamp":1776649863.07974,"name":"done"}

