
# OSU MPI Allreduce Latency Test v7.3
# Datatype: MPI_CHAR.
# Size       Avg Latency(us)
1                     126.43
2                     125.32
4                     184.14
8                     278.23
16                    196.67
32                    167.70
64                    137.59
128                   137.06
256                   132.71
512                   153.58
1024                  137.19
2048                  166.31
4096                  296.72
8192                  299.20
16384                 316.60
32768                 403.66
65536                 571.77
131072               1017.54
262144               1995.51
524288               3904.69
1048576              7745.37
START OF JOBSPEC
{"resources": [{"type": "node", "count": 5, "with": [{"type": "slot", "count": 64, "with": [{"type": "core", "count": 1}], "label": "task"}]}], "tasks": [{"command": ["/usr/local/libexec/osu-micro-benchmarks/mpi/collective/osu_allreduce"], "slot": "task", "count": {"per_slot": 1}}], "attributes": {"system": {"duration": 0, "cwd": "/opt", "shell": {"options": {"rlimit": {"cpu": -1, "fsize": -1, "data": -1, "stack": 10485760, "core": -1, "nofile": 65536, "as": -1, "rss": -1, "nproc": -1}, "cpu-affinity": "per-task"}}}, "user": {"study_id": "osu-allreduce-5-affinity-iter-4"}}, "version": 1}
START OF EVENTLOG
{"timestamp":1776649486.6499755,"name":"init"}
{"timestamp":1776649486.6508245,"name":"starting"}
{"timestamp":1776649486.6635809,"name":"shell.init","context":{"service":"0-shell-f3RH1BfAF","leader-rank":0,"size":5}}
{"timestamp":1776649486.7773097,"name":"shell.start","context":{"taskmap":{"version":1,"map":[[0,5,64,1]]}}}
{"timestamp":1776649497.3690133,"name":"shell.task-exit","context":{"localid":61,"rank":189,"state":"Exited","pid":3676,"wait_status":0,"signaled":0,"exitcode":0}}
{"timestamp":1776649497.4771495,"name":"complete","context":{"status":0}}
{"timestamp":1776649497.4771745,"name":"done"}

