
# OSU MPI Allreduce Latency Test v7.3
# Datatype: MPI_CHAR.
# Size       Avg Latency(us)
1                     139.58
2                     141.41
4                     158.35
8                     164.36
16                    141.48
32                    147.86
64                    141.90
128                   150.09
256                   150.97
512                   153.58
1024                  152.87
2048                  156.18
4096                  288.54
8192                  296.70
16384                 311.39
32768                 376.99
65536                 515.40
131072                849.62
262144               1726.96
524288               3250.78
1048576              6730.50
START OF JOBSPEC
{"resources": [{"type": "node", "count": 4, "with": [{"type": "slot", "count": 64, "with": [{"type": "core", "count": 1}], "label": "task"}]}], "tasks": [{"command": ["/usr/local/libexec/osu-micro-benchmarks/mpi/collective/osu_allreduce"], "slot": "task", "count": {"per_slot": 1}}], "attributes": {"system": {"duration": 0, "cwd": "/opt", "shell": {"options": {"rlimit": {"cpu": -1, "fsize": -1, "data": -1, "stack": 10485760, "core": -1, "nofile": 65536, "as": -1, "rss": -1, "nproc": -1}}}}, "user": {"study_id": "osu-allreduce-4-iter-6"}}, "version": 1}
START OF EVENTLOG
{"timestamp":1776649598.5516536,"name":"init"}
{"timestamp":1776649598.5525188,"name":"starting"}
{"timestamp":1776649598.5627887,"name":"shell.init","context":{"service":"0-shell-f3SmZ5jMq","leader-rank":1,"size":4}}
{"timestamp":1776649598.645679,"name":"shell.start","context":{"taskmap":{"version":1,"map":[[0,4,64,1]]}}}
{"timestamp":1776649608.6242785,"name":"shell.task-exit","context":{"localid":61,"rank":61,"state":"Exited","pid":4321,"wait_status":0,"signaled":0,"exitcode":0}}
{"timestamp":1776649608.7387147,"name":"complete","context":{"status":0}}
{"timestamp":1776649608.73874,"name":"done"}

