
# OSU MPI Allreduce Latency Test v7.3
# Datatype: MPI_CHAR.
# Size       Avg Latency(us)
1                      92.38
2                      90.77
4                     117.72
8                      95.13
16                     96.05
32                     95.14
64                     96.94
128                    97.21
256                    96.06
512                   132.13
1024                   99.45
2048                  106.22
4096                  111.56
8192                  202.00
16384                 309.92
32768                 577.31
65536                1256.49
131072               2445.22
262144               1675.15
524288               3165.98
1048576              6534.72
START OF JOBSPEC
{"resources": [{"type": "node", "count": 1, "with": [{"type": "slot", "count": 64, "with": [{"type": "core", "count": 1}], "label": "task"}]}], "tasks": [{"command": ["/usr/local/libexec/osu-micro-benchmarks/mpi/collective/osu_allreduce"], "slot": "task", "count": {"per_slot": 1}}], "attributes": {"system": {"duration": 0, "cwd": "/opt", "shell": {"options": {"rlimit": {"cpu": -1, "fsize": -1, "data": -1, "stack": 10485760, "core": -1, "nofile": 65536, "as": -1, "rss": -1, "nproc": -1}}}}, "user": {"study_id": "osu-allreduce-1-iter-1"}}, "version": 1}
START OF EVENTLOG
{"timestamp":1776649209.2453659,"name":"init"}
{"timestamp":1776649209.2552354,"name":"shell.init","context":{"service":"0-shell-f3N5MTbPm","leader-rank":3,"size":1}}
{"timestamp":1776649209.2458582,"name":"starting"}
{"timestamp":1776649209.3365479,"name":"shell.start","context":{"taskmap":{"version":1,"map":[[0,1,64,1]]}}}
{"timestamp":1776649217.437907,"name":"shell.task-exit","context":{"localid":62,"rank":62,"state":"Exited","pid":195,"wait_status":0,"signaled":0,"exitcode":0}}
{"timestamp":1776649217.5407586,"name":"complete","context":{"status":0}}
{"timestamp":1776649217.5407841,"name":"done"}

