
# OSU MPI Allreduce Latency Test v7.3
# Datatype: MPI_CHAR.
# Size       Avg Latency(us)
1                     129.25
2                     125.63
4                     126.98
8                     131.51
16                    150.18
32                    129.05
64                    139.00
128                   134.41
256                   143.79
512                   151.78
1024                  147.71
2048                  151.38
4096                  284.63
8192                  303.56
16384                 322.13
32768                 413.87
65536                 572.34
131072               1498.38
262144               2869.20
524288               4410.36
1048576              7788.88
START OF JOBSPEC
{"resources": [{"type": "node", "count": 5, "with": [{"type": "slot", "count": 64, "with": [{"type": "core", "count": 1}], "label": "task"}]}], "tasks": [{"command": ["/usr/local/libexec/osu-micro-benchmarks/mpi/collective/osu_allreduce"], "slot": "task", "count": {"per_slot": 1}}], "attributes": {"system": {"duration": 0, "cwd": "/opt", "shell": {"options": {"rlimit": {"cpu": -1, "fsize": -1, "data": -1, "stack": 10485760, "core": -1, "nofile": 65536, "as": -1, "rss": -1, "nproc": -1}, "cpu-affinity": "per-task"}}}, "user": {"study_id": "osu-allreduce-5-affinity-iter-5"}}, "version": 1}
START OF EVENTLOG
{"timestamp":1776649558.6777537,"name":"init"}
{"timestamp":1776649558.6786025,"name":"starting"}
{"timestamp":1776649558.6888206,"name":"shell.init","context":{"service":"0-shell-f3SCjVdX5","leader-rank":0,"size":5}}
{"timestamp":1776649558.8010292,"name":"shell.start","context":{"taskmap":{"version":1,"map":[[0,5,64,1]]}}}
{"timestamp":1776649569.0238039,"name":"shell.task-exit","context":{"localid":63,"rank":191,"state":"Exited","pid":4583,"wait_status":0,"signaled":0,"exitcode":0}}
{"timestamp":1776649569.1606328,"name":"complete","context":{"status":0}}
{"timestamp":1776649569.1606572,"name":"done"}

