
# OSU MPI Allreduce Latency Test v7.3
# Datatype: MPI_CHAR.
# Size       Avg Latency(us)
1                     139.70
2                     136.08
4                     258.60
8                     195.28
16                    221.90
32                    146.75
64                    140.97
128                   147.33
256                   142.52
512                   149.22
1024                  198.25
2048                  167.88
4096                  298.69
8192                  289.17
16384                 314.50
32768                 365.65
65536                 511.71
131072               1078.10
262144               1749.61
524288               3401.92
1048576              6776.72
START OF JOBSPEC
{"resources": [{"type": "node", "count": 4, "with": [{"type": "slot", "count": 64, "with": [{"type": "core", "count": 1}], "label": "task"}]}], "tasks": [{"command": ["/usr/local/libexec/osu-micro-benchmarks/mpi/collective/osu_allreduce"], "slot": "task", "count": {"per_slot": 1}}], "attributes": {"system": {"duration": 0, "cwd": "/opt", "shell": {"options": {"rlimit": {"cpu": -1, "fsize": -1, "data": -1, "stack": 10485760, "core": -1, "nofile": 65536, "as": -1, "rss": -1, "nproc": -1}}}}, "user": {"study_id": "osu-allreduce-4-iter-5"}}, "version": 1}
START OF EVENTLOG
{"timestamp":1776649527.2494848,"name":"init"}
{"timestamp":1776649527.2503557,"name":"starting"}
{"timestamp":1776649527.2612045,"name":"shell.init","context":{"service":"0-shell-f3Rup3pxo","leader-rank":1,"size":4}}
{"timestamp":1776649527.3447549,"name":"shell.start","context":{"taskmap":{"version":1,"map":[[0,4,64,1]]}}}
{"timestamp":1776649537.7438033,"name":"shell.task-exit","context":{"localid":35,"rank":99,"state":"Exited","pid":4140,"wait_status":0,"signaled":0,"exitcode":0}}
{"timestamp":1776649537.8591707,"name":"complete","context":{"status":0}}
{"timestamp":1776649537.8591957,"name":"done"}

