
# OSU MPI Allreduce Latency Test v7.3
# Datatype: MPI_CHAR.
# Size       Avg Latency(us)
1                     135.52
2                     140.47
4                     146.95
8                     151.88
16                    144.78
32                    162.48
64                    141.37
128                   142.20
256                   146.36
512                   161.14
1024                  172.13
2048                  156.79
4096                  287.19
8192                  294.88
16384                 327.13
32768                 400.72
65536                 513.91
131072                853.90
262144               1716.53
524288               3243.88
1048576              6818.93
START OF JOBSPEC
{"resources": [{"type": "node", "count": 4, "with": [{"type": "slot", "count": 64, "with": [{"type": "core", "count": 1}], "label": "task"}]}], "tasks": [{"command": ["/usr/local/libexec/osu-micro-benchmarks/mpi/collective/osu_allreduce"], "slot": "task", "count": {"per_slot": 1}}], "attributes": {"system": {"duration": 0, "cwd": "/opt", "shell": {"options": {"rlimit": {"cpu": -1, "fsize": -1, "data": -1, "stack": 10485760, "core": -1, "nofile": 65536, "as": -1, "rss": -1, "nproc": -1}, "cpu-affinity": "per-task"}}}, "user": {"study_id": "osu-allreduce-4-affinity-iter-1"}}, "version": 1}
START OF EVENTLOG
{"timestamp":1776649260.1569209,"name":"init"}
{"timestamp":1776649260.1577919,"name":"starting"}
{"timestamp":1776649260.1684377,"name":"shell.init","context":{"service":"0-shell-f3NZvwkTH","leader-rank":1,"size":4}}
{"timestamp":1776649260.2788124,"name":"shell.start","context":{"taskmap":{"version":1,"map":[[0,4,64,1]]}}}
{"timestamp":1776649270.1538692,"name":"shell.task-exit","context":{"localid":62,"rank":62,"state":"Exited","pid":711,"wait_status":0,"signaled":0,"exitcode":0}}
{"timestamp":1776649270.2705364,"name":"complete","context":{"status":0}}
{"timestamp":1776649270.2705629,"name":"done"}

