
# OSU MPI Allreduce Latency Test v7.3
# Datatype: MPI_CHAR.
# Size       Avg Latency(us)
1                     141.45
2                     145.54
4                     138.26
8                     143.85
16                    147.44
32                    143.51
64                    153.28
128                   143.35
256                   151.58
512                   160.82
1024                  161.43
2048                  171.75
4096                  174.73
8192                  217.69
16384                 300.86
32768                 476.04
65536                 677.01
131072               2769.20
262144               1961.36
524288               4011.99
1048576              7426.14
START OF JOBSPEC
{"resources": [{"type": "node", "count": 3, "with": [{"type": "slot", "count": 64, "with": [{"type": "core", "count": 1}], "label": "task"}]}], "tasks": [{"command": ["/usr/local/libexec/osu-micro-benchmarks/mpi/collective/osu_allreduce"], "slot": "task", "count": {"per_slot": 1}}], "attributes": {"system": {"duration": 0, "cwd": "/opt", "shell": {"options": {"rlimit": {"cpu": -1, "fsize": -1, "data": -1, "stack": 10485760, "core": -1, "nofile": 65536, "as": -1, "rss": -1, "nproc": -1}, "cpu-affinity": "per-task"}}}, "user": {"study_id": "osu-allreduce-3-affinity-iter-6"}}, "version": 1}
START OF EVENTLOG
{"timestamp":1776649588.2690933,"name":"init"}
{"timestamp":1776649588.269943,"name":"starting"}
{"timestamp":1776649588.2805023,"name":"shell.init","context":{"service":"0-shell-f3SgR6DiX","leader-rank":2,"size":3}}
{"timestamp":1776649588.3938169,"name":"shell.start","context":{"taskmap":{"version":1,"map":[[0,3,64,1]]}}}
{"timestamp":1776649598.4172318,"name":"shell.task-exit","context":{"localid":58,"rank":58,"state":"Exited","pid":4960,"wait_status":0,"signaled":0,"exitcode":0}}
{"timestamp":1776649598.5459146,"name":"complete","context":{"status":0}}
{"timestamp":1776649598.5459423,"name":"done"}

