
# OSU MPI Allreduce Latency Test v7.3
# Datatype: MPI_CHAR.
# Size       Avg Latency(us)
1                      91.25
2                      93.16
4                      90.80
8                      94.87
16                     95.80
32                     95.46
64                     95.26
128                    97.38
256                    98.79
512                   104.26
1024                  101.01
2048                  116.67
4096                  113.06
8192                  201.78
16384                 310.54
32768                 574.27
65536                1268.11
131072               2510.82
262144               1683.84
524288               3180.81
1048576              6566.84
START OF JOBSPEC
{"resources": [{"type": "node", "count": 1, "with": [{"type": "slot", "count": 64, "with": [{"type": "core", "count": 1}], "label": "task"}]}], "tasks": [{"command": ["/usr/local/libexec/osu-micro-benchmarks/mpi/collective/osu_allreduce"], "slot": "task", "count": {"per_slot": 1}}], "attributes": {"system": {"duration": 0, "cwd": "/opt", "shell": {"options": {"rlimit": {"cpu": -1, "fsize": -1, "data": -1, "stack": 10485760, "core": -1, "nofile": 65536, "as": -1, "rss": -1, "nproc": -1}}}}, "user": {"study_id": "osu-allreduce-1-iter-6"}}, "version": 1}
START OF EVENTLOG
{"timestamp":1776649569.1662934,"name":"init"}
{"timestamp":1776649569.1680679,"name":"starting"}
{"timestamp":1776649569.1784711,"name":"shell.init","context":{"service":"0-shell-f3SFyn4Js","leader-rank":4,"size":1}}
{"timestamp":1776649569.2603748,"name":"shell.start","context":{"taskmap":{"version":1,"map":[[0,1,64,1]]}}}
{"timestamp":1776649577.3053164,"name":"shell.task-exit","context":{"localid":62,"rank":62,"state":"Exited","pid":4710,"wait_status":0,"signaled":0,"exitcode":0}}
{"timestamp":1776649577.3987625,"name":"complete","context":{"status":0}}
{"timestamp":1776649577.3987749,"name":"done"}

