
# OSU MPI Allreduce Latency Test v7.3
# Datatype: MPI_CHAR.
# Size       Avg Latency(us)
1                     121.46
2                     121.72
4                     122.14
8                     129.70
16                    131.37
32                    133.20
64                    129.80
128                   133.52
256                   129.08
512                   131.12
1024                  133.14
2048                  140.43
4096                  155.06
8192                  200.87
16384                 243.55
32768                 423.92
65536                 638.21
131072               2860.83
262144               1656.87
524288               3227.21
1048576              6689.96
START OF JOBSPEC
{"resources": [{"type": "node", "count": 2, "with": [{"type": "slot", "count": 64, "with": [{"type": "core", "count": 1}], "label": "task"}]}], "tasks": [{"command": ["/usr/local/libexec/osu-micro-benchmarks/mpi/collective/osu_allreduce"], "slot": "task", "count": {"per_slot": 1}}], "attributes": {"system": {"duration": 0, "cwd": "/opt", "shell": {"options": {"rlimit": {"cpu": -1, "fsize": -1, "data": -1, "stack": 10485760, "core": -1, "nofile": 65536, "as": -1, "rss": -1, "nproc": -1}, "cpu-affinity": "per-task"}}}, "user": {"study_id": "osu-allreduce-2-affinity-iter-3"}}, "version": 1}
START OF EVENTLOG
{"timestamp":1776649361.7894702,"name":"init"}
{"timestamp":1776649361.7997663,"name":"shell.init","context":{"service":"0-shell-f3Px4ivvK","leader-rank":1,"size":2}}
{"timestamp":1776649361.7903221,"name":"starting"}
{"timestamp":1776649361.9109812,"name":"shell.start","context":{"taskmap":{"version":1,"map":[[0,2,64,1]]}}}
{"timestamp":1776649370.8540473,"name":"shell.task-exit","context":{"localid":38,"rank":102,"state":"Exited","pid":2082,"wait_status":0,"signaled":0,"exitcode":0}}
{"timestamp":1776649370.9555066,"name":"complete","context":{"status":0}}
{"timestamp":1776649370.9555311,"name":"done"}

