
# OSU MPI Allreduce Latency Test v7.3
# Datatype: MPI_CHAR.
# Size       Avg Latency(us)
1                     132.46
2                     134.47
4                     150.85
8                     133.11
16                    137.68
32                    134.47
64                    131.39
128                   130.35
256                   130.87
512                   135.97
1024                  248.53
2048                  244.30
4096                  303.35
8192                  295.44
16384                 329.80
32768                 397.61
65536                 571.52
131072               1035.44
262144               2009.39
524288               3884.22
1048576              7593.32
START OF JOBSPEC
{"resources": [{"type": "node", "count": 5, "with": [{"type": "slot", "count": 64, "with": [{"type": "core", "count": 1}], "label": "task"}]}], "tasks": [{"command": ["/usr/local/libexec/osu-micro-benchmarks/mpi/collective/osu_allreduce"], "slot": "task", "count": {"per_slot": 1}}], "attributes": {"system": {"duration": 0, "cwd": "/opt", "shell": {"options": {"rlimit": {"cpu": -1, "fsize": -1, "data": -1, "stack": 10485760, "core": -1, "nofile": 65536, "as": -1, "rss": -1, "nproc": -1}, "cpu-affinity": "per-task"}}}, "user": {"study_id": "osu-allreduce-5-affinity-iter-2"}}, "version": 1}
START OF EVENTLOG
{"timestamp":1776649341.9338946,"name":"init"}
{"timestamp":1776649341.9444585,"name":"shell.init","context":{"service":"0-shell-f3PXXUpPH","leader-rank":0,"size":5}}
{"timestamp":1776649341.9347801,"name":"starting"}
{"timestamp":1776649342.0585518,"name":"shell.start","context":{"taskmap":{"version":1,"map":[[0,5,64,1]]}}}
{"timestamp":1776649352.4351461,"name":"shell.task-exit","context":{"localid":37,"rank":101,"state":"Exited","pid":1564,"wait_status":0,"signaled":0,"exitcode":0}}
{"timestamp":1776649352.5510082,"name":"complete","context":{"status":0}}
{"timestamp":1776649352.5510299,"name":"done"}

