
# OSU MPI Allreduce Latency Test v7.3
# Datatype: MPI_CHAR.
# Size       Avg Latency(us)
1                     133.74
2                     127.01
4                     126.54
8                     137.32
16                    136.07
32                    143.81
64                    135.67
128                   135.04
256                   133.69
512                   132.84
1024                  138.17
2048                  149.43
4096                  284.29
8192                  301.01
16384                 327.01
32768                 384.11
65536                 623.21
131072               1029.36
262144               2019.03
524288               3804.30
1048576              7655.33
START OF JOBSPEC
{"resources": [{"type": "node", "count": 5, "with": [{"type": "slot", "count": 64, "with": [{"type": "core", "count": 1}], "label": "task"}]}], "tasks": [{"command": ["/usr/local/libexec/osu-micro-benchmarks/mpi/collective/osu_allreduce"], "slot": "task", "count": {"per_slot": 1}}], "attributes": {"system": {"duration": 0, "cwd": "/opt", "shell": {"options": {"rlimit": {"cpu": -1, "fsize": -1, "data": -1, "stack": 10485760, "core": -1, "nofile": 65536, "as": -1, "rss": -1, "nproc": -1}, "cpu-affinity": "per-task"}}}, "user": {"study_id": "osu-allreduce-5-affinity-iter-7"}}, "version": 1}
START OF EVENTLOG
{"timestamp":1776649701.5904953,"name":"init"}
{"timestamp":1776649701.6012824,"name":"shell.init","context":{"service":"0-shell-f3TxR4NYo","leader-rank":0,"size":5}}
{"timestamp":1776649701.5913634,"name":"starting"}
{"timestamp":1776649701.7144749,"name":"shell.start","context":{"taskmap":{"version":1,"map":[[0,5,64,1]]}}}
{"timestamp":1776649711.6105757,"name":"shell.task-exit","context":{"localid":63,"rank":191,"state":"Exited","pid":6389,"wait_status":0,"signaled":0,"exitcode":0}}
{"timestamp":1776649711.7255065,"name":"complete","context":{"status":0}}
{"timestamp":1776649711.7255323,"name":"done"}

