
# OSU MPI Allreduce Latency Test v7.3
# Datatype: MPI_CHAR.
# Size       Avg Latency(us)
1                      90.42
2                      91.22
4                      91.73
8                      94.71
16                     95.38
32                     99.99
64                     98.35
128                    99.80
256                   107.59
512                    97.62
1024                  101.68
2048                  105.01
4096                  111.01
8192                  198.27
16384                 315.44
32768                 559.64
65536                1258.93
131072               2494.16
262144               1674.87
524288               3171.38
1048576              6584.66
START OF JOBSPEC
{"resources": [{"type": "node", "count": 1, "with": [{"type": "slot", "count": 64, "with": [{"type": "core", "count": 1}], "label": "task"}]}], "tasks": [{"command": ["/usr/local/libexec/osu-micro-benchmarks/mpi/collective/osu_allreduce"], "slot": "task", "count": {"per_slot": 1}}], "attributes": {"system": {"duration": 0, "cwd": "/opt", "shell": {"options": {"rlimit": {"cpu": -1, "fsize": -1, "data": -1, "stack": 10485760, "core": -1, "nofile": 65536, "as": -1, "rss": -1, "nproc": -1}, "cpu-affinity": "per-task"}}}, "user": {"study_id": "osu-allreduce-1-affinity-iter-2"}}, "version": 1}
START OF EVENTLOG
{"timestamp":1776649280.6898725,"name":"init"}
{"timestamp":1776649280.6908629,"name":"starting"}
{"timestamp":1776649280.7012458,"name":"shell.init","context":{"service":"0-shell-f3NkPJgiK","leader-rank":3,"size":1}}
{"timestamp":1776649280.8111222,"name":"shell.start","context":{"taskmap":{"version":1,"map":[[0,1,64,1]]}}}
{"timestamp":1776649288.8391526,"name":"shell.task-exit","context":{"localid":61,"rank":61,"state":"Exited","pid":1096,"wait_status":0,"signaled":0,"exitcode":0}}
{"timestamp":1776649288.9323831,"name":"complete","context":{"status":0}}
{"timestamp":1776649288.9324026,"name":"done"}

