
# OSU MPI Allreduce Latency Test v7.3
# Datatype: MPI_CHAR.
# Size       Avg Latency(us)
1                     120.95
2                     122.39
4                     128.52
8                     128.69
16                    138.80
32                    130.50
64                    131.90
128                   129.09
256                   129.42
512                   132.44
1024                  135.05
2048                  141.06
4096                  155.28
8192                  195.08
16384                 242.35
32768                 422.25
65536                 641.88
131072               2888.11
262144               1660.44
524288               3277.20
1048576              6703.91
START OF JOBSPEC
{"resources": [{"type": "node", "count": 2, "with": [{"type": "slot", "count": 64, "with": [{"type": "core", "count": 1}], "label": "task"}]}], "tasks": [{"command": ["/usr/local/libexec/osu-micro-benchmarks/mpi/collective/osu_allreduce"], "slot": "task", "count": {"per_slot": 1}}], "attributes": {"system": {"duration": 0, "cwd": "/opt", "shell": {"options": {"rlimit": {"cpu": -1, "fsize": -1, "data": -1, "stack": 10485760, "core": -1, "nofile": 65536, "as": -1, "rss": -1, "nproc": -1}}}}, "user": {"study_id": "osu-allreduce-2-iter-3"}}, "version": 1}
START OF EVENTLOG
{"timestamp":1776649352.5588672,"name":"init"}
{"timestamp":1776649352.56954,"name":"shell.init","context":{"service":"0-shell-f3PmL48ZV","leader-rank":1,"size":2}}
{"timestamp":1776649352.5596948,"name":"starting"}
{"timestamp":1776649352.6516783,"name":"shell.start","context":{"taskmap":{"version":1,"map":[[0,2,64,1]]}}}
{"timestamp":1776649361.6928418,"name":"shell.task-exit","context":{"localid":36,"rank":100,"state":"Exited","pid":1949,"wait_status":0,"signaled":0,"exitcode":0}}
{"timestamp":1776649361.7843776,"name":"complete","context":{"status":0}}
{"timestamp":1776649361.7844234,"name":"done"}

