
# OSU MPI Allreduce Latency Test v7.3
# Datatype: MPI_CHAR.
# Size       Avg Latency(us)
1                     132.42
2                     147.70
4                     145.07
8                     147.67
16                    144.67
32                    144.96
64                    146.87
128                   151.02
256                   156.35
512                   154.61
1024                  149.43
2048                  156.74
4096                  172.27
8192                  222.92
16384                 255.26
32768                 479.92
65536                 683.29
131072               2820.43
262144               1982.86
524288               3895.14
1048576              7496.90
START OF JOBSPEC
{"resources": [{"type": "node", "count": 3, "with": [{"type": "slot", "count": 64, "with": [{"type": "core", "count": 1}], "label": "task"}]}], "tasks": [{"command": ["/usr/local/libexec/osu-micro-benchmarks/mpi/collective/osu_allreduce"], "slot": "task", "count": {"per_slot": 1}}], "attributes": {"system": {"duration": 0, "cwd": "/opt", "shell": {"options": {"rlimit": {"cpu": -1, "fsize": -1, "data": -1, "stack": 10485760, "core": -1, "nofile": 65536, "as": -1, "rss": -1, "nproc": -1}, "cpu-affinity": "per-task"}}}, "user": {"study_id": "osu-allreduce-3-affinity-iter-9"}}, "version": 1}
START OF EVENTLOG
{"timestamp":1776649800.9061704,"name":"init"}
{"timestamp":1776649800.9168589,"name":"shell.init","context":{"service":"0-shell-f3V7724nT","leader-rank":2,"size":3}}
{"timestamp":1776649800.9070191,"name":"starting"}
{"timestamp":1776649801.0308042,"name":"shell.start","context":{"taskmap":{"version":1,"map":[[0,3,64,1]]}}}
{"timestamp":1776649811.041923,"name":"shell.task-exit","context":{"localid":62,"rank":62,"state":"Exited","pid":7677,"wait_status":0,"signaled":0,"exitcode":0}}
{"timestamp":1776649811.1696792,"name":"complete","context":{"status":0}}
{"timestamp":1776649811.1697047,"name":"done"}

