
# OSU MPI Allreduce Latency Test v7.3
# Datatype: MPI_CHAR.
# Size       Avg Latency(us)
1                     222.40
2                     277.80
4                     285.06
8                     307.88
16                    239.24
32                    142.09
64                    129.48
128                   143.90
256                   129.04
512                   130.05
1024                  140.16
2048                  143.97
4096                  158.74
8192                  201.73
16384                 243.21
32768                 426.43
65536                 639.77
131072               2861.29
262144               1657.07
524288               3272.18
1048576              6754.43
START OF JOBSPEC
{"resources": [{"type": "node", "count": 2, "with": [{"type": "slot", "count": 64, "with": [{"type": "core", "count": 1}], "label": "task"}]}], "tasks": [{"command": ["/usr/local/libexec/osu-micro-benchmarks/mpi/collective/osu_allreduce"], "slot": "task", "count": {"per_slot": 1}}], "attributes": {"system": {"duration": 0, "cwd": "/opt", "shell": {"options": {"rlimit": {"cpu": -1, "fsize": -1, "data": -1, "stack": 10485760, "core": -1, "nofile": 65536, "as": -1, "rss": -1, "nproc": -1}, "cpu-affinity": "per-task"}}}, "user": {"study_id": "osu-allreduce-2-affinity-iter-1"}}, "version": 1}
START OF EVENTLOG
{"timestamp":1776649224.2522683,"name":"init"}
{"timestamp":1776649224.2621863,"name":"shell.init","context":{"service":"0-shell-f3NHGKpiT","leader-rank":0,"size":2}}
{"timestamp":1776649224.2529981,"name":"starting"}
{"timestamp":1776649224.3725288,"name":"shell.start","context":{"taskmap":{"version":1,"map":[[0,2,64,1]]}}}
{"timestamp":1776649234.6089332,"name":"shell.task-exit","context":{"localid":62,"rank":62,"state":"Exited","pid":476,"wait_status":0,"signaled":0,"exitcode":0}}
{"timestamp":1776649234.7216969,"name":"complete","context":{"status":0}}
{"timestamp":1776649234.7217216,"name":"done"}

