cpu-bind=MASK - slurm-w-0-0.slurm-svc.default.svc.cluster.local, task  0  0 [7540]: mask 0x1 set
cpu-bind=MASK - slurm-w-0-0.slurm-svc.default.svc.cluster.local, task  1  1 [7541]: mask 0x2 set
cpu-bind=MASK - slurm-w-0-0.slurm-svc.default.svc.cluster.local, task  2  2 [7542]: mask 0x4 set
cpu-bind=MASK - slurm-w-0-0.slurm-svc.default.svc.cluster.local, task  3  3 [7543]: mask 0x8 set
cpu-bind=MASK - slurm-w-0-0.slurm-svc.default.svc.cluster.local, task  4  4 [7544]: mask 0x10 set
cpu-bind=MASK - slurm-w-0-0.slurm-svc.default.svc.cluster.local, task  5  5 [7545]: mask 0x20 set
cpu-bind=MASK - slurm-w-0-0.slurm-svc.default.svc.cluster.local, task  6  6 [7546]: mask 0x40 set
cpu-bind=MASK - slurm-w-0-0.slurm-svc.default.svc.cluster.local, task  7  7 [7547]: mask 0x80 set
cpu-bind=MASK - slurm-w-0-0.slurm-svc.default.svc.cluster.local, task  8  8 [7548]: mask 0x100 set
cpu-bind=MASK - slurm-w-0-0.slurm-svc.default.svc.cluster.local, task  9  9 [7549]: mask 0x200 set
cpu-bind=MASK - slurm-w-0-0.slurm-svc.default.svc.cluster.local, task 10 10 [7550]: mask 0x400 set
cpu-bind=MASK - slurm-w-0-0.slurm-svc.default.svc.cluster.local, task 11 11 [7551]: mask 0x800 set
cpu-bind=MASK - slurm-w-0-0.slurm-svc.default.svc.cluster.local, task 12 12 [7552]: mask 0x1000 set
cpu-bind=MASK - slurm-w-0-0.slurm-svc.default.svc.cluster.local, task 13 13 [7553]: mask 0x2000 set
cpu-bind=MASK - slurm-w-0-0.slurm-svc.default.svc.cluster.local, task 14 14 [7554]: mask 0x4000 set
cpu-bind=MASK - slurm-w-0-0.slurm-svc.default.svc.cluster.local, task 15 15 [7555]: mask 0x8000 set
cpu-bind=MASK - slurm-w-0-0.slurm-svc.default.svc.cluster.local, task 16 16 [7556]: mask 0x10000 set
cpu-bind=MASK - slurm-w-0-0.slurm-svc.default.svc.cluster.local, task 17 17 [7557]: mask 0x20000 set
cpu-bind=MASK - slurm-w-0-0.slurm-svc.default.svc.cluster.local, task 18 18 [7558]: mask 0x40000 set
cpu-bind=MASK - slurm-w-0-0.slurm-svc.default.svc.cluster.local, task 19 19 [7559]: mask 0x80000 set
cpu-bind=MASK - slurm-w-0-0.slurm-svc.default.svc.cluster.local, task 20 20 [7560]: mask 0x100000 set
cpu-bind=MASK - slurm-w-0-0.slurm-svc.default.svc.cluster.local, task 21 21 [7561]: mask 0x200000 set
cpu-bind=MASK - slurm-w-0-0.slurm-svc.default.svc.cluster.local, task 22 22 [7562]: mask 0x400000 set
cpu-bind=MASK - slurm-w-0-0.slurm-svc.default.svc.cluster.local, task 23 23 [7563]: mask 0x800000 set
cpu-bind=MASK - slurm-w-0-0.slurm-svc.default.svc.cluster.local, task 24 24 [7564]: mask 0x1000000 set
cpu-bind=MASK - slurm-w-0-0.slurm-svc.default.svc.cluster.local, task 25 25 [7565]: mask 0x2000000 set
cpu-bind=MASK - slurm-w-0-0.slurm-svc.default.svc.cluster.local, task 26 26 [7566]: mask 0x4000000 set
cpu-bind=MASK - slurm-w-0-0.slurm-svc.default.svc.cluster.local, task 27 27 [7567]: mask 0x8000000 set
cpu-bind=MASK - slurm-w-0-0.slurm-svc.default.svc.cluster.local, task 28 28 [7568]: mask 0x10000000 set
cpu-bind=MASK - slurm-w-0-0.slurm-svc.default.svc.cluster.local, task 29 29 [7569]: mask 0x20000000 set
cpu-bind=MASK - slurm-w-0-0.slurm-svc.default.svc.cluster.local, task 30 30 [7570]: mask 0x40000000 set
cpu-bind=MASK - slurm-w-0-0.slurm-svc.default.svc.cluster.local, task 31 31 [7571]: mask 0x80000000 set
cpu-bind=MASK - slurm-w-0-0.slurm-svc.default.svc.cluster.local, task 32 32 [7572]: mask 0x100000000 set
cpu-bind=MASK - slurm-w-0-0.slurm-svc.default.svc.cluster.local, task 33 33 [7573]: mask 0x200000000 set
cpu-bind=MASK - slurm-w-0-0.slurm-svc.default.svc.cluster.local, task 34 34 [7574]: mask 0x400000000 set
cpu-bind=MASK - slurm-w-0-0.slurm-svc.default.svc.cluster.local, task 35 35 [7575]: mask 0x800000000 set
cpu-bind=MASK - slurm-w-0-0.slurm-svc.default.svc.cluster.local, task 36 36 [7576]: mask 0x1000000000 set
cpu-bind=MASK - slurm-w-0-0.slurm-svc.default.svc.cluster.local, task 37 37 [7577]: mask 0x2000000000 set
cpu-bind=MASK - slurm-w-0-0.slurm-svc.default.svc.cluster.local, task 38 38 [7578]: mask 0x4000000000 set
cpu-bind=MASK - slurm-w-0-0.slurm-svc.default.svc.cluster.local, task 39 39 [7579]: mask 0x8000000000 set
cpu-bind=MASK - slurm-w-0-0.slurm-svc.default.svc.cluster.local, task 40 40 [7580]: mask 0x10000000000 set
cpu-bind=MASK - slurm-w-0-0.slurm-svc.default.svc.cluster.local, task 41 41 [7581]: mask 0x20000000000 set
cpu-bind=MASK - slurm-w-0-0.slurm-svc.default.svc.cluster.local, task 42 42 [7582]: mask 0x40000000000 set
cpu-bind=MASK - slurm-w-0-0.slurm-svc.default.svc.cluster.local, task 43 43 [7583]: mask 0x80000000000 set
cpu-bind=MASK - slurm-w-0-0.slurm-svc.default.svc.cluster.local, task 44 44 [7584]: mask 0x100000000000 set
cpu-bind=MASK - slurm-w-0-0.slurm-svc.default.svc.cluster.local, task 45 45 [7585]: mask 0x200000000000 set
cpu-bind=MASK - slurm-w-0-0.slurm-svc.default.svc.cluster.local, task 46 46 [7586]: mask 0x400000000000 set
cpu-bind=MASK - slurm-w-0-0.slurm-svc.default.svc.cluster.local, task 47 47 [7587]: mask 0x800000000000 set
cpu-bind=MASK - slurm-w-0-0.slurm-svc.default.svc.cluster.local, task 48 48 [7588]: mask 0x1000000000000 set
cpu-bind=MASK - slurm-w-0-0.slurm-svc.default.svc.cluster.local, task 49 49 [7589]: mask 0x2000000000000 set
cpu-bind=MASK - slurm-w-0-0.slurm-svc.default.svc.cluster.local, task 50 50 [7590]: mask 0x4000000000000 set
cpu-bind=MASK - slurm-w-0-0.slurm-svc.default.svc.cluster.local, task 51 51 [7591]: mask 0x8000000000000 set
cpu-bind=MASK - slurm-w-0-0.slurm-svc.default.svc.cluster.local, task 52 52 [7592]: mask 0x10000000000000 set
cpu-bind=MASK - slurm-w-0-0.slurm-svc.default.svc.cluster.local, task 53 53 [7593]: mask 0x20000000000000 set
cpu-bind=MASK - slurm-w-0-0.slurm-svc.default.svc.cluster.local, task 54 54 [7594]: mask 0x40000000000000 set
cpu-bind=MASK - slurm-w-0-0.slurm-svc.default.svc.cluster.local, task 55 55 [7595]: mask 0x80000000000000 set
cpu-bind=MASK - slurm-w-0-0.slurm-svc.default.svc.cluster.local, task 56 56 [7596]: mask 0x100000000000000 set
cpu-bind=MASK - slurm-w-0-0.slurm-svc.default.svc.cluster.local, task 57 57 [7597]: mask 0x200000000000000 set
cpu-bind=MASK - slurm-w-0-0.slurm-svc.default.svc.cluster.local, task 58 58 [7598]: mask 0x400000000000000 set
cpu-bind=MASK - slurm-w-0-0.slurm-svc.default.svc.cluster.local, task 59 59 [7599]: mask 0x800000000000000 set
cpu-bind=MASK - slurm-w-0-0.slurm-svc.default.svc.cluster.local, task 60 60 [7600]: mask 0x1000000000000000 set
cpu-bind=MASK - slurm-w-0-0.slurm-svc.default.svc.cluster.local, task 61 61 [7601]: mask 0x2000000000000000 set
cpu-bind=MASK - slurm-w-0-0.slurm-svc.default.svc.cluster.local, task 62 62 [7602]: mask 0x4000000000000000 set
cpu-bind=MASK - slurm-w-0-0.slurm-svc.default.svc.cluster.local, task 63 63 [7603]: mask 0x8000000000000000 set

   _  __       _         _
  | |/ /      (_)       | |
  | ' /  _ __  _  _ __  | | __ ___
  |  <  | '__|| || '_ \ | |/ // _ \ 
  | . \ | |   | || |_) ||   <|  __/
  |_|\_\|_|   |_|| .__/ |_|\_\\___|
                 | |
                 |_|        Version 1.2.4

LLNL-CODE-775068

Copyright (c) 2014-2019, Lawrence Livermore National Security, LLC

Kripke is released under the BSD 3-Clause License, please see the
LICENSE file for the full license

This work was produced under the auspices of the U.S. Department of
Energy by Lawrence Livermore National Laboratory under Contract
DE-AC52-07NA27344.

Author: Adam J. Kunen <kunen1@llnl.gov>

Compilation Options:
  Architecture:           Sequential
  Compiler:               /opt/amazon/openmpi/bin/mpicxx
  Compiler Flags:         "     -Wall -Wextra  "
  Linker Flags:           " "
  CHAI Enabled:           No
  CUDA Enabled:           No
  MPI Enabled:            Yes
  OpenMP Enabled:         No
  Caliper Enabled:        No

Input Parameters
================

  Problem Size:
    Zones:                 64 x 64 x 64  (262144 total)
    Groups:                32
    Legendre Order:        4
    Quadrature Set:        Dummy S2 with 96 points

  Physical Properties:
    Total X-Sec:           sigt=[0.100000, 0.000100, 0.100000]
    Scattering X-Sec:      sigs=[0.050000, 0.000050, 0.050000]

  Solver Options:
    Number iterations:     100

  MPI Decomposition Options:
    Total MPI tasks:       64
    Spatial decomp:        4 x 4 x 4 MPI tasks
    Block solve method:    Sweep

  Per-Task Options:
    DirSets/Directions:    8 sets, 12 directions/set
    GroupSet/Groups:       2 sets, 16 groups/set
    Zone Sets:             1 x 1 x 1
    Architecture:          Sequential
    Data Layout:           DGZ

Generating Problem
==================

  Decomposition Space:   Procs:      Subdomains (local/global):
  ---------------------  ----------  --------------------------
  (P) Energy:            1           2 / 2
  (Q) Direction:         1           8 / 8
  (R) Space:             64          1 / 64
  (Rx,Ry,Rz) R in XYZ:   4x4x4       1x1x1 / 4x4x4
  (PQR) TOTAL:           64          16 / 1024

  Material Volumes=[7.873077e+03, 1.176347e+05, 2.754492e+06]

  Memory breakdown of Field variables:
  Field Variable            Num Elements    Megabytes
  --------------            ------------    ---------
  data/sigs                        15360        0.117
  dx                                  64        0.000
  dy                                  64        0.000
  dz                                  64        0.000
  ell                               2400        0.018
  ell_plus                          2400        0.018
  i_plane                       12582912       96.000
  j_plane                       12582912       96.000
  k_plane                       12582912       96.000
  mixelem_to_fraction             267552        2.041
  phi                          209715200     1600.000
  phi_out                      209715200     1600.000
  psi                          805306368     6144.000
  quadrature/w                        96        0.001
  quadrature/xcos                     96        0.001
  quadrature/ycos                     96        0.001
  quadrature/zcos                     96        0.001
  rhs                          805306368     6144.000
  sigt_zonal                     8388608       64.000
  volume                          262144        2.000
  --------                  ------------    ---------
  TOTAL                       2076730912    15844.199

  Generation Complete!

Steady State Solve
==================

  iter 0: particle count=3.591530e+07, change=1.000000e+00
  iter 1: particle count=5.358354e+07, change=3.297326e-01
  iter 2: particle count=6.229796e+07, change=1.398830e-01
  iter 3: particle count=6.659217e+07, change=6.448523e-02
  iter 4: particle count=6.870469e+07, change=3.074787e-02
  iter 5: particle count=6.974180e+07, change=1.487070e-02
  iter 6: particle count=7.024981e+07, change=7.231446e-03
  iter 7: particle count=7.049808e+07, change=3.521628e-03
  iter 8: particle count=7.061914e+07, change=1.714278e-03
  iter 9: particle count=7.067805e+07, change=8.334688e-04
  iter 10: particle count=7.070666e+07, change=4.046134e-04
  iter 11: particle count=7.072053e+07, change=1.961155e-04
  iter 12: particle count=7.072724e+07, change=9.491403e-05
  iter 13: particle count=7.073048e+07, change=4.587144e-05
  iter 14: particle count=7.073205e+07, change=2.214114e-05
  iter 15: particle count=7.073281e+07, change=1.067470e-05
  iter 16: particle count=7.073317e+07, change=5.141123e-06
  iter 17: particle count=7.073334e+07, change=2.473726e-06
  iter 18: particle count=7.073343e+07, change=1.189259e-06
  iter 19: particle count=7.073347e+07, change=5.713045e-07
  iter 20: particle count=7.073349e+07, change=2.742569e-07
  iter 21: particle count=7.073350e+07, change=1.315748e-07
  iter 22: particle count=7.073350e+07, change=6.308694e-08
  iter 23: particle count=7.073350e+07, change=3.023286e-08
  iter 24: particle count=7.073350e+07, change=1.448146e-08
  iter 25: particle count=7.073351e+07, change=6.933551e-09
  iter 26: particle count=7.073351e+07, change=3.318392e-09
  iter 27: particle count=7.073351e+07, change=1.587369e-09
  iter 28: particle count=7.073351e+07, change=7.594395e-10
  iter 29: particle count=7.073351e+07, change=3.627236e-10
  iter 30: particle count=7.073351e+07, change=1.736389e-10
  iter 31: particle count=7.073351e+07, change=8.306148e-11
  iter 32: particle count=7.073351e+07, change=3.968446e-11
  iter 33: particle count=7.073351e+07, change=1.896754e-11
  iter 34: particle count=7.073351e+07, change=9.079293e-12
  iter 35: particle count=7.073351e+07, change=4.323714e-12
  iter 36: particle count=7.073351e+07, change=2.027873e-12
  iter 37: particle count=7.073351e+07, change=9.576887e-13
  iter 38: particle count=7.073351e+07, change=4.558817e-13
  iter 39: particle count=7.073351e+07, change=2.161436e-13
  iter 40: particle count=7.073351e+07, change=1.034371e-13
  iter 41: particle count=7.073351e+07, change=5.161323e-14
  iter 42: particle count=7.073351e+07, change=2.380528e-14
  iter 43: particle count=7.073351e+07, change=1.221864e-14
  iter 44: particle count=7.073351e+07, change=5.687988e-15
  iter 45: particle count=7.073351e+07, change=3.581326e-15
  iter 46: particle count=7.073351e+07, change=1.053331e-15
  iter 47: particle count=7.073351e+07, change=4.213325e-16
  iter 48: particle count=7.073351e+07, change=4.213325e-16
  iter 49: particle count=7.073351e+07, change=2.106662e-16
  iter 50: particle count=7.073351e+07, change=2.106662e-16
  iter 51: particle count=7.073351e+07, change=0.000000e+00
  iter 52: particle count=7.073351e+07, change=0.000000e+00
  iter 53: particle count=7.073351e+07, change=0.000000e+00
  iter 54: particle count=7.073351e+07, change=0.000000e+00
  iter 55: particle count=7.073351e+07, change=0.000000e+00
  iter 56: particle count=7.073351e+07, change=0.000000e+00
  iter 57: particle count=7.073351e+07, change=0.000000e+00
  iter 58: particle count=7.073351e+07, change=0.000000e+00
  iter 59: particle count=7.073351e+07, change=0.000000e+00
  iter 60: particle count=7.073351e+07, change=0.000000e+00
  iter 61: particle count=7.073351e+07, change=0.000000e+00
  iter 62: particle count=7.073351e+07, change=2.106662e-16
  iter 63: particle count=7.073351e+07, change=-2.106662e-16
  iter 64: particle count=7.073351e+07, change=0.000000e+00
  iter 65: particle count=7.073351e+07, change=0.000000e+00
  iter 66: particle count=7.073351e+07, change=2.106662e-16
  iter 67: particle count=7.073351e+07, change=-2.106662e-16
  iter 68: particle count=7.073351e+07, change=0.000000e+00
  iter 69: particle count=7.073351e+07, change=0.000000e+00
  iter 70: particle count=7.073351e+07, change=-2.106662e-16
  iter 71: particle count=7.073351e+07, change=2.106662e-16
  iter 72: particle count=7.073351e+07, change=-2.106662e-16
  iter 73: particle count=7.073351e+07, change=2.106662e-16
  iter 74: particle count=7.073351e+07, change=2.106662e-16
  iter 75: particle count=7.073351e+07, change=-2.106662e-16
  iter 76: particle count=7.073351e+07, change=0.000000e+00
  iter 77: particle count=7.073351e+07, change=-2.106662e-16
  iter 78: particle count=7.073351e+07, change=2.106662e-16
  iter 79: particle count=7.073351e+07, change=-2.106662e-16
  iter 80: particle count=7.073351e+07, change=6.319987e-16
  iter 81: particle count=7.073351e+07, change=-4.213325e-16
  iter 82: particle count=7.073351e+07, change=2.106662e-16
  iter 83: particle count=7.073351e+07, change=-2.106662e-16
  iter 84: particle count=7.073351e+07, change=2.106662e-16
  iter 85: particle count=7.073351e+07, change=-2.106662e-16
  iter 86: particle count=7.073351e+07, change=-4.213325e-16
  iter 87: particle count=7.073351e+07, change=4.213325e-16
  iter 88: particle count=7.073351e+07, change=0.000000e+00
  iter 89: particle count=7.073351e+07, change=-2.106662e-16
  iter 90: particle count=7.073351e+07, change=2.106662e-16
  iter 91: particle count=7.073351e+07, change=0.000000e+00
  iter 92: particle count=7.073351e+07, change=0.000000e+00
  iter 93: particle count=7.073351e+07, change=2.106662e-16
  iter 94: particle count=7.073351e+07, change=0.000000e+00
  iter 95: particle count=7.073351e+07, change=-2.106662e-16
  iter 96: particle count=7.073351e+07, change=0.000000e+00
  iter 97: particle count=7.073351e+07, change=0.000000e+00
  iter 98: particle count=7.073351e+07, change=0.000000e+00
  iter 99: particle count=7.073351e+07, change=0.000000e+00
  Solver terminated

Timers
======

  Timer                    Count       Seconds
  ----------------  ------------  ------------
  Generate                     1       0.07404
  LPlusTimes                 100      61.36013
  LTimes                     100      68.87448
  Population                 100       3.94203
  Scattering                 100      16.51485
  Solve                        1     185.18526
  Source                     100       0.01871
  SweepSolver                100      32.69785
  SweepSubdomain            1600      14.60851

TIMER_NAMES:Generate,LPlusTimes,LTimes,Population,Scattering,Solve,Source,SweepSolver,SweepSubdomain
TIMER_DATA:0.074036,61.360129,68.874483,3.942032,16.514852,185.185260,0.018713,32.697854,14.608507

Figures of Merit
================

  Throughput:         4.348653e+08 [unknowns/(second/iteration)]
  Grind time :        2.299563e-09 [(seconds/iteration)/unknowns]
  Sweep efficiency :  44.67727 [100.0 * SweepSubdomain time / SweepSolver time]
  Number of unknowns: 805306368

END
