Hello I am hostname osu-benchmark-job-0059-0 running setup.
Flux install root: /opt/view

🐸 Broker Configuration
[access]
allow-guest-user = true
allow-root-owner = true

# Point to resource definition generated with flux-R(1).
[resource]
path = "/mnt/flux/config/etc/flux/system/R"

[bootstrap]
curve_cert = "/mnt/flux/config/curve/curve.cert"
default_port = 8050
default_bind = "tcp://eth0:%p"
default_connect = "tcp://%h.osu-benchmark-job-0059.default.svc.cluster.local:%p"
hosts = [
{ host="osu-benchmark-job-0059-[0-1]"},
]		


[archive]
dbpath = "/mnt/flux/config/var/lib/flux/job-archive.sqlite"
period = "1m"
busytimeout = "50s"

[sched-fluxion-qmanager]
queue-policy = "fcfs"

🌟️ Curve Certificate
#   ****  Generated on 2023-04-26 22:54:42 by CZMQ  ****
#   ZeroMQ CURVE **Secret** Certificate
#   DO NOT PROVIDE THIS FILE TO OTHER USERS nor change its permissions.
    
metadata
    name = "flux-cert-generator"
    keygen.hostname = "osu-benchmark-job-0059-0"
curve
    public-key = "U?k0HVD@ix]46Z[+TYr0!AFO$zh.F.v3^nbH0A!5"
    secret-key = "xxWFt3z-^&m=S=Q8<<kisKmBBvPK.cjS#yz?CPn-"
Moving content from /opt/view to be in shared volume at /mnt/flux
Application is done.
exec /bin/bash: exec format error
