Running with these driver parameters:
  solver ID    = 3

  Laplacian_27pt:
    (Nx, Ny, Nz) = (360, 360, 360)
    (Px, Py, Pz) = (4, 4, 4)

=============================================
Generate Matrix:
=============================================
Spatial Operator:
  wall clock time = 1.669582 seconds
  wall MFLOPS     = 0.000000
  cpu clock time  = 1.662470 seconds
  cpu MFLOPS      = 0.000000

  RHS vector has unit components
  Initial guess is 0
=============================================
IJ Vector Setup:
=============================================
RHS and Initial Guess:
  wall clock time = 0.044494 seconds
  wall MFLOPS     = 0.000000
  cpu clock time  = 0.042845 seconds
  cpu MFLOPS      = 0.000000

=============================================
Problem 2: Cumulative AMG-GMRES Solve Time:
=============================================
GMRES Solve:
  wall clock time = 179.543795 seconds
  wall MFLOPS     = 0.000000
  cpu clock time  = 177.945255 seconds
  cpu MFLOPS      = 0.000000


No. of Time Steps = 6
Cum. No. of Iterations = 215
Final Relative Residual Norm = 2.517945e-14


nnz AP * (Iterations + time_steps) / Total Time: 

Figure of Merit (FOM_2): 1.685129e+09


START OF JOBSPEC
{"resources":[{"type":"node","count":1,"with":[{"type":"slot","count":64,"with":[{"type":"core","count":1}],"label":"task"}]}],"tasks":[{"command":["amg","-problem","2","-n","90","90","90","-P","4","4","4"],"slot":"task","count":{"per_slot":1}}],"attributes":{"system":{"duration":0,"cwd":"/","shell":{"options":{"rlimit":{"cpu":-1,"fsize":-1,"data":-1,"stack":10485760,"core":-1,"nofile":65536,"as":-1,"rss":-1,"nproc":-1},"cpu-affinity":"per-task","pmi":"pmi2"}}},"user":{"study_id":"amg2023-1-affinity-iter-7"}},"version":1}
START OF EVENTLOG
{"timestamp":1776638249.0531206,"name":"init"}
{"timestamp":1776638249.0564506,"name":"starting"}
{"timestamp":1776638249.0692439,"name":"shell.init","context":{"service":"0-shell-fHSTVZfG3","leader-rank":1,"size":1}}
{"timestamp":1776638249.1614814,"name":"shell.start","context":{"taskmap":{"version":1,"map":[[0,1,64,1]]}}}
{"timestamp":1776638433.4853456,"name":"shell.task-exit","context":{"localid":26,"rank":26,"state":"Exited","pid":6661,"wait_status":0,"signaled":0,"exitcode":0}}
{"timestamp":1776638434.7433038,"name":"complete","context":{"status":0}}
{"timestamp":1776638434.7433221,"name":"done"}

