Running with these driver parameters:
  solver ID    = 3

  Laplacian_27pt:
    (Nx, Ny, Nz) = (270, 720, 720)
    (Px, Py, Pz) = (3, 8, 8)

=============================================
Generate Matrix:
=============================================
Spatial Operator:
  wall clock time = 1.790387 seconds
  wall MFLOPS     = 0.000000
  cpu clock time  = 1.782721 seconds
  cpu MFLOPS      = 0.000000

  RHS vector has unit components
  Initial guess is 0
=============================================
IJ Vector Setup:
=============================================
RHS and Initial Guess:
  wall clock time = 0.072759 seconds
  wall MFLOPS     = 0.000000
  cpu clock time  = 0.067769 seconds
  cpu MFLOPS      = 0.000000

=============================================
Problem 2: Cumulative AMG-GMRES Solve Time:
=============================================
GMRES Solve:
  wall clock time = 182.965727 seconds
  wall MFLOPS     = 0.000000
  cpu clock time  = 181.092089 seconds
  cpu MFLOPS      = 0.000000


No. of Time Steps = 6
Cum. No. of Iterations = 215
Final Relative Residual Norm = 6.816588e-14


nnz AP * (Iterations + time_steps) / Total Time: 

Figure of Merit (FOM_2): 4.967627e+09


START OF JOBSPEC
{"resources":[{"type":"node","count":3,"with":[{"type":"slot","count":64,"with":[{"type":"core","count":1}],"label":"task"}]}],"tasks":[{"command":["amg","-problem","2","-n","90","90","90","-P","3","8","8"],"slot":"task","count":{"per_slot":1}}],"attributes":{"system":{"duration":0,"cwd":"/","shell":{"options":{"rlimit":{"cpu":-1,"fsize":-1,"data":-1,"stack":10485760,"core":-1,"nofile":65536,"as":-1,"rss":-1,"nproc":-1},"cpu-affinity":"per-task","pmi":"pmi2"}}},"user":{"study_id":"amg2023-3-affinity-iter-10"}},"version":1}
START OF EVENTLOG
{"timestamp":1776642669.5604205,"name":"init"}
{"timestamp":1776642669.5717733,"name":"shell.init","context":{"service":"0-shell-fHZgcrd4B","leader-rank":0,"size":3}}
{"timestamp":1776642669.5618119,"name":"starting"}
{"timestamp":1776642669.6653714,"name":"shell.start","context":{"taskmap":{"version":1,"map":[[0,3,64,1]]}}}
{"timestamp":1776642859.0667295,"name":"shell.task-exit","context":{"localid":63,"rank":191,"state":"Exited","pid":5316,"wait_status":0,"signaled":0,"exitcode":0}}
{"timestamp":1776642860.5505736,"name":"complete","context":{"status":0}}
{"timestamp":1776642860.5505967,"name":"done"}

