Running with these driver parameters:
  solver ID    = 3

  Laplacian_27pt:
    (Nx, Ny, Nz) = (360, 720, 900)
    (Px, Py, Pz) = (4, 8, 10)

=============================================
Generate Matrix:
=============================================
Spatial Operator:
  wall clock time = 1.646909 seconds
  wall MFLOPS     = 0.000000
  cpu clock time  = 1.640095 seconds
  cpu MFLOPS      = 0.000000

  RHS vector has unit components
  Initial guess is 0
=============================================
IJ Vector Setup:
=============================================
RHS and Initial Guess:
  wall clock time = 0.082441 seconds
  wall MFLOPS     = 0.000000
  cpu clock time  = 0.081972 seconds
  cpu MFLOPS      = 0.000000

=============================================
Problem 2: Cumulative AMG-GMRES Solve Time:
=============================================
GMRES Solve:
  wall clock time = 186.445154 seconds
  wall MFLOPS     = 0.000000
  cpu clock time  = 184.163061 seconds
  cpu MFLOPS      = 0.000000


No. of Time Steps = 6
Cum. No. of Iterations = 216
Final Relative Residual Norm = 1.199438e-13


nnz AP * (Iterations + time_steps) / Total Time: 

Figure of Merit (FOM_2): 8.169170e+09


START OF JOBSPEC
{"resources":[{"type":"node","count":5,"with":[{"type":"slot","count":64,"with":[{"type":"core","count":1}],"label":"task"}]}],"tasks":[{"command":["amg","-problem","2","-n","90","90","90","-P","4","8","10"],"slot":"task","count":{"per_slot":1}}],"attributes":{"system":{"duration":0,"cwd":"/","shell":{"options":{"rlimit":{"cpu":-1,"fsize":-1,"data":-1,"stack":10485760,"core":-1,"nofile":65536,"as":-1,"rss":-1,"nproc":-1},"cpu-affinity":"per-task","pmi":"pmi2"}}},"user":{"study_id":"amg2023-5-affinity-iter-2"}},"version":1}
START OF EVENTLOG
{"timestamp":1776632665.2617359,"name":"init"}
{"timestamp":1776632665.2631407,"name":"starting"}
{"timestamp":1776632665.2736742,"name":"shell.init","context":{"service":"0-shell-fHJFGGMuZ","leader-rank":0,"size":5}}
{"timestamp":1776632665.3689487,"name":"shell.start","context":{"taskmap":{"version":1,"map":[[0,5,64,1]]}}}
{"timestamp":1776632858.6433656,"name":"shell.task-exit","context":{"localid":63,"rank":319,"state":"Exited","pid":1446,"wait_status":0,"signaled":0,"exitcode":0}}
{"timestamp":1776632861.0644166,"name":"complete","context":{"status":0}}
{"timestamp":1776632861.0644398,"name":"done"}

