Running with these driver parameters:
  solver ID    = 3

  Laplacian_27pt:
    (Nx, Ny, Nz) = (270, 720, 720)
    (Px, Py, Pz) = (3, 8, 8)

=============================================
Generate Matrix:
=============================================
Spatial Operator:
  wall clock time = 1.710643 seconds
  wall MFLOPS     = 0.000000
  cpu clock time  = 1.698407 seconds
  cpu MFLOPS      = 0.000000

  RHS vector has unit components
  Initial guess is 0
=============================================
IJ Vector Setup:
=============================================
RHS and Initial Guess:
  wall clock time = 0.043123 seconds
  wall MFLOPS     = 0.000000
  cpu clock time  = 0.041836 seconds
  cpu MFLOPS      = 0.000000

=============================================
Problem 2: Cumulative AMG-GMRES Solve Time:
=============================================
GMRES Solve:
  wall clock time = 182.770913 seconds
  wall MFLOPS     = 0.000000
  cpu clock time  = 180.839936 seconds
  cpu MFLOPS      = 0.000000


No. of Time Steps = 6
Cum. No. of Iterations = 215
Final Relative Residual Norm = 6.816588e-14


nnz AP * (Iterations + time_steps) / Total Time: 

Figure of Merit (FOM_2): 4.972922e+09


START OF JOBSPEC
{"resources":[{"type":"node","count":3,"with":[{"type":"slot","count":64,"with":[{"type":"core","count":1}],"label":"task"}]}],"tasks":[{"command":["amg","-problem","2","-n","90","90","90","-P","3","8","8"],"slot":"task","count":{"per_slot":1}}],"attributes":{"system":{"duration":0,"cwd":"/","shell":{"options":{"rlimit":{"cpu":-1,"fsize":-1,"data":-1,"stack":10485760,"core":-1,"nofile":65536,"as":-1,"rss":-1,"nproc":-1},"cpu-affinity":"per-task","pmi":"pmi2"}}},"user":{"study_id":"amg2023-3-affinity-iter-1"}},"version":1}
START OF EVENTLOG
{"timestamp":1776630544.2026474,"name":"init"}
{"timestamp":1776630544.2067466,"name":"starting"}
{"timestamp":1776630544.2186742,"name":"shell.init","context":{"service":"0-shell-fHGTHGjWo","leader-rank":1,"size":3}}
{"timestamp":1776630544.3131349,"name":"shell.start","context":{"taskmap":{"version":1,"map":[[0,3,64,1]]}}}
{"timestamp":1776630733.5160878,"name":"shell.task-exit","context":{"localid":63,"rank":191,"state":"Exited","pid":1059,"wait_status":0,"signaled":0,"exitcode":0}}
{"timestamp":1776630735.0144053,"name":"complete","context":{"status":0}}
{"timestamp":1776630735.0144365,"name":"done"}

