Running with these driver parameters:
  solver ID    = 3

  Laplacian_27pt:
    (Nx, Ny, Nz) = (360, 360, 360)
    (Px, Py, Pz) = (4, 4, 4)

=============================================
Generate Matrix:
=============================================
Spatial Operator:
  wall clock time = 1.624806 seconds
  wall MFLOPS     = 0.000000
  cpu clock time  = 1.616261 seconds
  cpu MFLOPS      = 0.000000

  RHS vector has unit components
  Initial guess is 0
=============================================
IJ Vector Setup:
=============================================
RHS and Initial Guess:
  wall clock time = 0.044616 seconds
  wall MFLOPS     = 0.000000
  cpu clock time  = 0.044617 seconds
  cpu MFLOPS      = 0.000000

=============================================
Problem 2: Cumulative AMG-GMRES Solve Time:
=============================================
GMRES Solve:
  wall clock time = 179.396390 seconds
  wall MFLOPS     = 0.000000
  cpu clock time  = 177.580872 seconds
  cpu MFLOPS      = 0.000000


No. of Time Steps = 6
Cum. No. of Iterations = 215
Final Relative Residual Norm = 2.517945e-14


nnz AP * (Iterations + time_steps) / Total Time: 

Figure of Merit (FOM_2): 1.686514e+09


START OF JOBSPEC
{"resources":[{"type":"node","count":1,"with":[{"type":"slot","count":64,"with":[{"type":"core","count":1}],"label":"task"}]}],"tasks":[{"command":["amg","-problem","2","-n","90","90","90","-P","4","4","4"],"slot":"task","count":{"per_slot":1}}],"attributes":{"system":{"duration":0,"cwd":"/","shell":{"options":{"rlimit":{"cpu":-1,"fsize":-1,"data":-1,"stack":10485760,"core":-1,"nofile":65536,"as":-1,"rss":-1,"nproc":-1},"cpu-affinity":"per-task","pmi":"pmi2"}}},"user":{"study_id":"amg2023-1-affinity-iter-10"}},"version":1}
START OF EVENTLOG
{"timestamp":1776642292.1340556,"name":"init"}
{"timestamp":1776642292.1373208,"name":"starting"}
{"timestamp":1776642292.1494441,"name":"shell.init","context":{"service":"0-shell-fHZ5odVEX","leader-rank":1,"size":1}}
{"timestamp":1776642292.2437177,"name":"shell.start","context":{"taskmap":{"version":1,"map":[[0,1,64,1]]}}}
{"timestamp":1776642476.4521306,"name":"shell.task-exit","context":{"localid":42,"rank":42,"state":"Exited","pid":9402,"wait_status":0,"signaled":0,"exitcode":0}}
{"timestamp":1776642477.6026452,"name":"complete","context":{"status":0}}
{"timestamp":1776642477.6026688,"name":"done"}

