Running with these driver parameters:
  solver ID    = 3

  Laplacian_27pt:
    (Nx, Ny, Nz) = (360, 360, 360)
    (Px, Py, Pz) = (4, 4, 4)

=============================================
Generate Matrix:
=============================================
Spatial Operator:
  wall clock time = 1.647866 seconds
  wall MFLOPS     = 0.000000
  cpu clock time  = 1.638307 seconds
  cpu MFLOPS      = 0.000000

  RHS vector has unit components
  Initial guess is 0
=============================================
IJ Vector Setup:
=============================================
RHS and Initial Guess:
  wall clock time = 0.045129 seconds
  wall MFLOPS     = 0.000000
  cpu clock time  = 0.045130 seconds
  cpu MFLOPS      = 0.000000

=============================================
Problem 2: Cumulative AMG-GMRES Solve Time:
=============================================
GMRES Solve:
  wall clock time = 179.191194 seconds
  wall MFLOPS     = 0.000000
  cpu clock time  = 177.795972 seconds
  cpu MFLOPS      = 0.000000


No. of Time Steps = 6
Cum. No. of Iterations = 215
Final Relative Residual Norm = 2.517945e-14


nnz AP * (Iterations + time_steps) / Total Time: 

Figure of Merit (FOM_2): 1.688445e+09


START OF JOBSPEC
{"resources":[{"type":"node","count":1,"with":[{"type":"slot","count":64,"with":[{"type":"core","count":1}],"label":"task"}]}],"tasks":[{"command":["amg","-problem","2","-n","90","90","90","-P","4","4","4"],"slot":"task","count":{"per_slot":1}}],"attributes":{"system":{"duration":0,"cwd":"/","shell":{"options":{"rlimit":{"cpu":-1,"fsize":-1,"data":-1,"stack":10485760,"core":-1,"nofile":65536,"as":-1,"rss":-1,"nproc":-1},"pmi":"pmi2"}}},"user":{"study_id":"amg2023-1-iter-3"}},"version":1}
START OF EVENTLOG
{"timestamp":1776632861.0717459,"name":"init"}
{"timestamp":1776632861.0814903,"name":"shell.init","context":{"service":"0-shell-fHJQ1J8HV","leader-rank":0,"size":1}}
{"timestamp":1776632861.0744886,"name":"starting"}
{"timestamp":1776632861.1618929,"name":"shell.start","context":{"taskmap":{"version":1,"map":[[0,1,64,1]]}}}
{"timestamp":1776633045.1069551,"name":"shell.task-exit","context":{"localid":41,"rank":41,"state":"Exited","pid":4723,"wait_status":0,"signaled":0,"exitcode":0}}
{"timestamp":1776633046.344121,"name":"complete","context":{"status":0}}
{"timestamp":1776633046.3441422,"name":"done"}

