Running with these driver parameters:
  solver ID    = 3

  Laplacian_27pt:
    (Nx, Ny, Nz) = (360, 720, 900)
    (Px, Py, Pz) = (4, 8, 10)

=============================================
Generate Matrix:
=============================================
Spatial Operator:
  wall clock time = 1.737237 seconds
  wall MFLOPS     = 0.000000
  cpu clock time  = 1.732043 seconds
  cpu MFLOPS      = 0.000000

  RHS vector has unit components
  Initial guess is 0
=============================================
IJ Vector Setup:
=============================================
RHS and Initial Guess:
  wall clock time = 0.076316 seconds
  wall MFLOPS     = 0.000000
  cpu clock time  = 0.075191 seconds
  cpu MFLOPS      = 0.000000

=============================================
Problem 2: Cumulative AMG-GMRES Solve Time:
=============================================
GMRES Solve:
  wall clock time = 186.819977 seconds
  wall MFLOPS     = 0.000000
  cpu clock time  = 184.583950 seconds
  cpu MFLOPS      = 0.000000


No. of Time Steps = 6
Cum. No. of Iterations = 216
Final Relative Residual Norm = 1.199438e-13


nnz AP * (Iterations + time_steps) / Total Time: 

Figure of Merit (FOM_2): 8.152779e+09


START OF JOBSPEC
{"resources":[{"type":"node","count":5,"with":[{"type":"slot","count":64,"with":[{"type":"core","count":1}],"label":"task"}]}],"tasks":[{"command":["amg","-problem","2","-n","90","90","90","-P","4","8","10"],"slot":"task","count":{"per_slot":1}}],"attributes":{"system":{"duration":0,"cwd":"/","shell":{"options":{"rlimit":{"cpu":-1,"fsize":-1,"data":-1,"stack":10485760,"core":-1,"nofile":65536,"as":-1,"rss":-1,"nproc":-1},"pmi":"pmi2"}}},"user":{"study_id":"amg2023-5-iter-6"}},"version":1}
START OF EVENTLOG
{"timestamp":1776637663.6735446,"name":"init"}
{"timestamp":1776637663.6749413,"name":"starting"}
{"timestamp":1776637663.6853275,"name":"shell.init","context":{"service":"0-shell-fHRU1KWUX","leader-rank":0,"size":5}}
{"timestamp":1776637663.765532,"name":"shell.start","context":{"taskmap":{"version":1,"map":[[0,5,64,1]]}}}
{"timestamp":1776637857.4501944,"name":"shell.task-exit","context":{"localid":63,"rank":319,"state":"Exited","pid":3381,"wait_status":0,"signaled":0,"exitcode":0}}
{"timestamp":1776637859.878334,"name":"complete","context":{"status":0}}
{"timestamp":1776637859.8783569,"name":"done"}

