Running with these driver parameters:
  solver ID    = 3

  Laplacian_27pt:
    (Nx, Ny, Nz) = (360, 720, 720)
    (Px, Py, Pz) = (4, 8, 8)

=============================================
Generate Matrix:
=============================================
Spatial Operator:
  wall clock time = 1.648625 seconds
  wall MFLOPS     = 0.000000
  cpu clock time  = 1.643186 seconds
  cpu MFLOPS      = 0.000000

  RHS vector has unit components
  Initial guess is 0
=============================================
IJ Vector Setup:
=============================================
RHS and Initial Guess:
  wall clock time = 0.093103 seconds
  wall MFLOPS     = 0.000000
  cpu clock time  = 0.084465 seconds
  cpu MFLOPS      = 0.000000

=============================================
Problem 2: Cumulative AMG-GMRES Solve Time:
=============================================
GMRES Solve:
  wall clock time = 184.843479 seconds
  wall MFLOPS     = 0.000000
  cpu clock time  = 182.557370 seconds
  cpu MFLOPS      = 0.000000


No. of Time Steps = 6
Cum. No. of Iterations = 215
Final Relative Residual Norm = 2.031888e-13


nnz AP * (Iterations + time_steps) / Total Time: 

Figure of Merit (FOM_2): 6.560921e+09


START OF JOBSPEC
{"resources":[{"type":"node","count":4,"with":[{"type":"slot","count":64,"with":[{"type":"core","count":1}],"label":"task"}]}],"tasks":[{"command":["amg","-problem","2","-n","90","90","90","-P","4","8","8"],"slot":"task","count":{"per_slot":1}}],"attributes":{"system":{"duration":0,"cwd":"/","shell":{"options":{"rlimit":{"cpu":-1,"fsize":-1,"data":-1,"stack":10485760,"core":-1,"nofile":65536,"as":-1,"rss":-1,"nproc":-1},"cpu-affinity":"per-task","pmi":"pmi2"}}},"user":{"study_id":"amg2023-4-affinity-iter-1"}},"version":1}
START OF EVENTLOG
{"timestamp":1776631125.2031977,"name":"init"}
{"timestamp":1776631125.2046058,"name":"starting"}
{"timestamp":1776631125.2149479,"name":"shell.init","context":{"service":"0-shell-fHGdGwthd","leader-rank":0,"size":4}}
{"timestamp":1776631125.3114843,"name":"shell.start","context":{"taskmap":{"version":1,"map":[[0,4,64,1]]}}}
{"timestamp":1776631316.9895566,"name":"shell.task-exit","context":{"localid":41,"rank":233,"state":"Exited","pid":1402,"wait_status":0,"signaled":0,"exitcode":0}}
{"timestamp":1776631318.7694538,"name":"complete","context":{"status":0}}
{"timestamp":1776631318.7694767,"name":"done"}

