Running with these driver parameters:
  solver ID    = 3

  Laplacian_27pt:
    (Nx, Ny, Nz) = (360, 720, 720)
    (Px, Py, Pz) = (4, 8, 8)

=============================================
Generate Matrix:
=============================================
Spatial Operator:
  wall clock time = 1.627851 seconds
  wall MFLOPS     = 0.000000
  cpu clock time  = 1.621647 seconds
  cpu MFLOPS      = 0.000000

  RHS vector has unit components
  Initial guess is 0
=============================================
IJ Vector Setup:
=============================================
RHS and Initial Guess:
  wall clock time = 0.079080 seconds
  wall MFLOPS     = 0.000000
  cpu clock time  = 0.079068 seconds
  cpu MFLOPS      = 0.000000

=============================================
Problem 2: Cumulative AMG-GMRES Solve Time:
=============================================
GMRES Solve:
  wall clock time = 185.029834 seconds
  wall MFLOPS     = 0.000000
  cpu clock time  = 182.669422 seconds
  cpu MFLOPS      = 0.000000


No. of Time Steps = 6
Cum. No. of Iterations = 215
Final Relative Residual Norm = 2.031888e-13


nnz AP * (Iterations + time_steps) / Total Time: 

Figure of Merit (FOM_2): 6.554313e+09


START OF JOBSPEC
{"resources":[{"type":"node","count":4,"with":[{"type":"slot","count":64,"with":[{"type":"core","count":1}],"label":"task"}]}],"tasks":[{"command":["amg","-problem","2","-n","90","90","90","-P","4","8","8"],"slot":"task","count":{"per_slot":1}}],"attributes":{"system":{"duration":0,"cwd":"/","shell":{"options":{"rlimit":{"cpu":-1,"fsize":-1,"data":-1,"stack":10485760,"core":-1,"nofile":65536,"as":-1,"rss":-1,"nproc":-1},"pmi":"pmi2"}}},"user":{"study_id":"amg2023-4-iter-5"}},"version":1}
START OF EVENTLOG
{"timestamp":1776636122.7492497,"name":"init"}
{"timestamp":1776636122.7506418,"name":"starting"}
{"timestamp":1776636122.7939634,"name":"shell.init","context":{"service":"0-shell-fHPGdoDEF","leader-rank":0,"size":4}}
{"timestamp":1776636122.8739688,"name":"shell.start","context":{"taskmap":{"version":1,"map":[[0,4,64,1]]}}}
{"timestamp":1776636314.6579216,"name":"shell.task-exit","context":{"localid":41,"rank":233,"state":"Exited","pid":4240,"wait_status":0,"signaled":0,"exitcode":0}}
{"timestamp":1776636316.4215064,"name":"complete","context":{"status":0}}
{"timestamp":1776636316.421525,"name":"done"}

