Running with these driver parameters:
  solver ID    = 3

  Laplacian_27pt:
    (Nx, Ny, Nz) = (360, 360, 360)
    (Px, Py, Pz) = (4, 4, 4)

=============================================
Generate Matrix:
=============================================
Spatial Operator:
  wall clock time = 1.670171 seconds
  wall MFLOPS     = 0.000000
  cpu clock time  = 1.663401 seconds
  cpu MFLOPS      = 0.000000

  RHS vector has unit components
  Initial guess is 0
=============================================
IJ Vector Setup:
=============================================
RHS and Initial Guess:
  wall clock time = 0.043621 seconds
  wall MFLOPS     = 0.000000
  cpu clock time  = 0.043578 seconds
  cpu MFLOPS      = 0.000000

=============================================
Problem 2: Cumulative AMG-GMRES Solve Time:
=============================================
GMRES Solve:
  wall clock time = 178.980327 seconds
  wall MFLOPS     = 0.000000
  cpu clock time  = 177.042210 seconds
  cpu MFLOPS      = 0.000000


No. of Time Steps = 6
Cum. No. of Iterations = 215
Final Relative Residual Norm = 2.517945e-14


nnz AP * (Iterations + time_steps) / Total Time: 

Figure of Merit (FOM_2): 1.690434e+09


